[2024-06-21T12:02:35.843+0530][0.055s] Heap region size: 1M
[2024-06-21T12:02:36.314+0530][0.534s] Using G1
[2024-06-21T12:02:36.314+0530][0.534s] Heap address: 0x00000000e0000000, size: 512 MB, Compressed Oops mode: 32-bit
[2024-06-21T12:02:39.939+0530][4.158s] GC(0) Pause Young (Normal) (G1 Evacuation Pause)
[2024-06-21T12:02:39.955+0530][4.160s] GC(0) Using 10 workers of 10 for evacuation
[2024-06-21T12:02:40.097+0530][4.304s] GC(0)   Pre Evacuate Collection Set: 0.0ms
[2024-06-21T12:02:40.097+0530][4.304s] GC(0)   Evacuate Collection Set: 141.8ms
[2024-06-21T12:02:40.097+0530][4.304s] GC(0)   Post Evacuate Collection Set: 1.9ms
[2024-06-21T12:02:40.097+0530][4.304s] GC(0)   Other: 2.5ms
[2024-06-21T12:02:40.097+0530][4.304s] GC(0) Eden regions: 30->0(304)
[2024-06-21T12:02:40.097+0530][4.304s] GC(0) Survivor regions: 0->3(4)
[2024-06-21T12:02:40.097+0530][4.304s] GC(0) Old regions: 0->0
[2024-06-21T12:02:40.097+0530][4.305s] GC(0) Humongous regions: 0->0
[2024-06-21T12:02:40.097+0530][4.305s] GC(0) Metaspace: 12208K->12208K(1060864K)
[2024-06-21T12:02:40.097+0530][4.305s] GC(0) Pause Young (Normal) (G1 Evacuation Pause) 30M->2M(512M) 147.047ms
[2024-06-21T12:02:40.097+0530][4.305s] GC(0) User=0.36s Sys=0.02s Real=0.16s
[2024-06-21T12:02:42.181+0530][6.391s] GC(1) Pause Young (Concurrent Start) (Metadata GC Threshold)
[2024-06-21T12:02:42.181+0530][6.391s] GC(1) Using 10 workers of 10 for evacuation
[2024-06-21T12:02:42.197+0530][6.415s] GC(1)   Pre Evacuate Collection Set: 0.1ms
[2024-06-21T12:02:42.197+0530][6.415s] GC(1)   Evacuate Collection Set: 22.2ms
[2024-06-21T12:02:42.197+0530][6.416s] GC(1)   Post Evacuate Collection Set: 1.4ms
[2024-06-21T12:02:42.197+0530][6.416s] GC(1)   Other: 0.5ms
[2024-06-21T12:02:42.197+0530][6.416s] GC(1) Eden regions: 69->0(85)
[2024-06-21T12:02:42.197+0530][6.416s] GC(1) Survivor regions: 3->12(39)
[2024-06-21T12:02:42.197+0530][6.416s] GC(1) Old regions: 0->0
[2024-06-21T12:02:42.197+0530][6.416s] GC(1) Humongous regions: 4->4
[2024-06-21T12:02:42.197+0530][6.416s] GC(1) Metaspace: 20490K->20490K(1069056K)
[2024-06-21T12:02:42.197+0530][6.416s] GC(1) Pause Young (Concurrent Start) (Metadata GC Threshold) 75M->15M(512M) 24.657ms
[2024-06-21T12:02:42.197+0530][6.416s] GC(1) User=0.03s Sys=0.00s Real=0.02s
[2024-06-21T12:02:42.197+0530][6.416s] GC(2) Concurrent Cycle
[2024-06-21T12:02:42.197+0530][6.416s] GC(2) Concurrent Clear Claimed Marks
[2024-06-21T12:02:42.197+0530][6.416s] GC(2) Concurrent Clear Claimed Marks 0.079ms
[2024-06-21T12:02:42.197+0530][6.416s] GC(2) Concurrent Scan Root Regions
[2024-06-21T12:02:42.212+0530][6.424s] GC(2) Concurrent Scan Root Regions 7.407ms
[2024-06-21T12:02:42.212+0530][6.424s] GC(2) Concurrent Mark (6.424s)
[2024-06-21T12:02:42.212+0530][6.424s] GC(2) Concurrent Mark From Roots
[2024-06-21T12:02:42.212+0530][6.424s] GC(2) Using 3 workers of 3 for marking
[2024-06-21T12:02:42.228+0530][6.438s] GC(2) Concurrent Mark From Roots 13.873ms
[2024-06-21T12:02:42.228+0530][6.438s] GC(2) Concurrent Preclean
[2024-06-21T12:02:42.228+0530][6.438s] GC(2) Concurrent Preclean 0.437ms
[2024-06-21T12:02:42.228+0530][6.438s] GC(2) Concurrent Mark (6.424s, 6.438s) 14.489ms
[2024-06-21T12:02:42.228+0530][6.438s] GC(2) Pause Remark
[2024-06-21T12:02:42.228+0530][6.441s] GC(2) Cleaned string and symbol table, strings: 9395 processed, 0 removed, symbols: 65981 processed, 15 removed
[2024-06-21T12:02:42.228+0530][6.441s] GC(2) Pause Remark 16M->16M(512M) 2.611ms
[2024-06-21T12:02:42.228+0530][6.441s] GC(2) User=0.00s Sys=0.00s Real=0.00s
[2024-06-21T12:02:42.228+0530][6.441s] GC(2) Concurrent Rebuild Remembered Sets
[2024-06-21T12:02:42.228+0530][6.445s] GC(2) Concurrent Rebuild Remembered Sets 3.406ms
[2024-06-21T12:02:42.228+0530][6.445s] GC(2) Pause Cleanup
[2024-06-21T12:02:42.228+0530][6.445s] GC(2) Pause Cleanup 16M->16M(512M) 0.257ms
[2024-06-21T12:02:42.228+0530][6.445s] GC(2) User=0.00s Sys=0.00s Real=0.00s
[2024-06-21T12:02:42.228+0530][6.445s] GC(2) Concurrent Cleanup for Next Mark
[2024-06-21T12:02:42.228+0530][6.446s] GC(2) Concurrent Cleanup for Next Mark 0.373ms
[2024-06-21T12:02:42.228+0530][6.446s] GC(2) Concurrent Cycle 29.809ms
[2024-06-21T12:02:54.766+0530][18.978s] GC(3) Pause Young (Normal) (G1 Evacuation Pause)
[2024-06-21T12:02:54.766+0530][18.978s] GC(3) Using 10 workers of 10 for evacuation
[2024-06-21T12:02:54.782+0530][18.990s] GC(3)   Pre Evacuate Collection Set: 0.0ms
[2024-06-21T12:02:54.782+0530][18.990s] GC(3)   Evacuate Collection Set: 11.1ms
[2024-06-21T12:02:54.782+0530][18.990s] GC(3)   Post Evacuate Collection Set: 1.0ms
[2024-06-21T12:02:54.782+0530][18.990s] GC(3)   Other: 0.3ms
[2024-06-21T12:02:54.782+0530][18.990s] GC(3) Eden regions: 76->0(104)
[2024-06-21T12:02:54.782+0530][18.990s] GC(3) Survivor regions: 12->4(11)
[2024-06-21T12:02:54.782+0530][18.990s] GC(3) Old regions: 0->12
[2024-06-21T12:02:54.782+0530][18.990s] GC(3) Humongous regions: 4->4
[2024-06-21T12:02:54.782+0530][18.990s] GC(3) Metaspace: 28033K->28033K(1075200K)
[2024-06-21T12:02:54.782+0530][18.991s] GC(3) Pause Young (Normal) (G1 Evacuation Pause) 91M->19M(512M) 12.849ms
[2024-06-21T12:02:54.782+0530][18.991s] GC(3) User=0.03s Sys=0.00s Real=0.02s
[2024-06-21T12:02:55.896+0530][20.103s] GC(4) Pause Young (Normal) (G1 Evacuation Pause)
[2024-06-21T12:02:55.896+0530][20.103s] GC(4) Using 10 workers of 10 for evacuation
[2024-06-21T12:02:55.896+0530][20.106s] GC(4)   Pre Evacuate Collection Set: 0.0ms
[2024-06-21T12:02:55.896+0530][20.106s] GC(4)   Evacuate Collection Set: 2.5ms
[2024-06-21T12:02:55.896+0530][20.106s] GC(4)   Post Evacuate Collection Set: 0.5ms
[2024-06-21T12:02:55.896+0530][20.106s] GC(4)   Other: 0.4ms
[2024-06-21T12:02:55.896+0530][20.106s] GC(4) Eden regions: 104->0(142)
[2024-06-21T12:02:55.896+0530][20.106s] GC(4) Survivor regions: 4->8(14)
[2024-06-21T12:02:55.896+0530][20.106s] GC(4) Old regions: 12->12
[2024-06-21T12:02:55.896+0530][20.106s] GC(4) Humongous regions: 4->4
[2024-06-21T12:02:55.896+0530][20.107s] GC(4) Metaspace: 28194K->28194K(1075200K)
[2024-06-21T12:02:55.896+0530][20.107s] GC(4) Pause Young (Normal) (G1 Evacuation Pause) 123M->22M(512M) 3.964ms
[2024-06-21T12:02:55.896+0530][20.107s] GC(4) User=0.00s Sys=0.00s Real=0.00s
[2024-06-21T12:02:58.758+0530][22.964s] GC(5) Pause Young (Normal) (G1 Evacuation Pause)
[2024-06-21T12:02:58.758+0530][22.964s] GC(5) Using 10 workers of 10 for evacuation
[2024-06-21T12:02:58.758+0530][22.970s] GC(5)   Pre Evacuate Collection Set: 0.0ms
[2024-06-21T12:02:58.758+0530][22.970s] GC(5)   Evacuate Collection Set: 5.6ms
[2024-06-21T12:02:58.758+0530][22.970s] GC(5)   Post Evacuate Collection Set: 0.8ms
[2024-06-21T12:02:58.758+0530][22.970s] GC(5)   Other: 0.3ms
[2024-06-21T12:02:58.758+0530][22.971s] GC(5) Eden regions: 142->0(298)
[2024-06-21T12:02:58.758+0530][22.971s] GC(5) Survivor regions: 8->9(19)
[2024-06-21T12:02:58.758+0530][22.971s] GC(5) Old regions: 12->12
[2024-06-21T12:02:58.758+0530][22.971s] GC(5) Humongous regions: 4->4
[2024-06-21T12:02:58.758+0530][22.971s] GC(5) Metaspace: 32404K->32404K(1079296K)
[2024-06-21T12:02:58.758+0530][22.971s] GC(5) Pause Young (Normal) (G1 Evacuation Pause) 164M->24M(512M) 7.230ms
[2024-06-21T12:02:58.758+0530][22.971s] GC(5) User=0.02s Sys=0.00s Real=0.00s
[2024-06-21T12:02:59.462+0530][23.667s] GC(6) Pause Young (Concurrent Start) (Metadata GC Threshold)
[2024-06-21T12:02:59.462+0530][23.667s] GC(6) Using 10 workers of 10 for evacuation
[2024-06-21T12:02:59.462+0530][23.674s] GC(6)   Pre Evacuate Collection Set: 0.1ms
[2024-06-21T12:02:59.462+0530][23.674s] GC(6)   Evacuate Collection Set: 6.6ms
[2024-06-21T12:02:59.462+0530][23.674s] GC(6)   Post Evacuate Collection Set: 0.7ms
[2024-06-21T12:02:59.462+0530][23.675s] GC(6)   Other: 0.3ms
[2024-06-21T12:02:59.462+0530][23.675s] GC(6) Eden regions: 48->0(290)
[2024-06-21T12:02:59.462+0530][23.675s] GC(6) Survivor regions: 9->9(39)
[2024-06-21T12:02:59.462+0530][23.675s] GC(6) Old regions: 12->12
[2024-06-21T12:02:59.462+0530][23.675s] GC(6) Humongous regions: 4->4
[2024-06-21T12:02:59.462+0530][23.675s] GC(6) Metaspace: 34626K->34626K(1081344K)
[2024-06-21T12:02:59.462+0530][23.675s] GC(6) Pause Young (Concurrent Start) (Metadata GC Threshold) 71M->24M(512M) 8.289ms
[2024-06-21T12:02:59.462+0530][23.675s] GC(6) User=0.00s Sys=0.00s Real=0.00s
[2024-06-21T12:02:59.462+0530][23.675s] GC(7) Concurrent Cycle
[2024-06-21T12:02:59.462+0530][23.675s] GC(7) Concurrent Clear Claimed Marks
[2024-06-21T12:02:59.462+0530][23.675s] GC(7) Concurrent Clear Claimed Marks 0.089ms
[2024-06-21T12:02:59.462+0530][23.675s] GC(7) Concurrent Scan Root Regions
[2024-06-21T12:02:59.462+0530][23.678s] GC(7) Concurrent Scan Root Regions 3.085ms
[2024-06-21T12:02:59.462+0530][23.678s] GC(7) Concurrent Mark (23.678s)
[2024-06-21T12:02:59.462+0530][23.679s] GC(7) Concurrent Mark From Roots
[2024-06-21T12:02:59.462+0530][23.679s] GC(7) Using 3 workers of 3 for marking
[2024-06-21T12:02:59.477+0530][23.697s] GC(7) Concurrent Mark From Roots 18.594ms
[2024-06-21T12:02:59.477+0530][23.697s] GC(7) Concurrent Preclean
[2024-06-21T12:02:59.493+0530][23.698s] GC(7) Concurrent Preclean 0.549ms
[2024-06-21T12:02:59.493+0530][23.698s] GC(7) Concurrent Mark (23.678s, 23.698s) 19.351ms
[2024-06-21T12:02:59.493+0530][23.698s] GC(7) Pause Remark
[2024-06-21T12:02:59.493+0530][23.703s] GC(7) Cleaned string and symbol table, strings: 14913 processed, 16 removed, symbols: 111411 processed, 57 removed
[2024-06-21T12:02:59.493+0530][23.703s] GC(7) Pause Remark 26M->26M(512M) 4.896ms
[2024-06-21T12:02:59.493+0530][23.703s] GC(7) User=0.00s Sys=0.00s Real=0.00s
[2024-06-21T12:02:59.493+0530][23.703s] GC(7) Concurrent Rebuild Remembered Sets
[2024-06-21T12:02:59.493+0530][23.711s] GC(7) Concurrent Rebuild Remembered Sets 8.209ms
[2024-06-21T12:02:59.493+0530][23.712s] GC(7) Pause Cleanup
[2024-06-21T12:02:59.493+0530][23.712s] GC(7) Pause Cleanup 27M->27M(512M) 0.202ms
[2024-06-21T12:02:59.493+0530][23.712s] GC(7) User=0.00s Sys=0.00s Real=0.00s
[2024-06-21T12:02:59.493+0530][23.712s] GC(7) Concurrent Cleanup for Next Mark
[2024-06-21T12:02:59.493+0530][23.713s] GC(7) Concurrent Cleanup for Next Mark 0.520ms
[2024-06-21T12:02:59.493+0530][23.713s] GC(7) Concurrent Cycle 37.577ms
[2024-06-21T12:03:02.853+0530][27.063s] GC(8) Pause Young (Normal) (G1 Evacuation Pause)
[2024-06-21T12:03:02.853+0530][27.063s] GC(8) Using 10 workers of 10 for evacuation
[2024-06-21T12:03:02.853+0530][27.072s] GC(8)   Pre Evacuate Collection Set: 0.0ms
[2024-06-21T12:03:02.853+0530][27.072s] GC(8)   Evacuate Collection Set: 7.7ms
[2024-06-21T12:03:02.853+0530][27.072s] GC(8)   Post Evacuate Collection Set: 1.0ms
[2024-06-21T12:03:02.853+0530][27.072s] GC(8)   Other: 0.4ms
[2024-06-21T12:03:02.853+0530][27.072s] GC(8) Eden regions: 290->0(292)
[2024-06-21T12:03:02.853+0530][27.073s] GC(8) Survivor regions: 9->15(38)
[2024-06-21T12:03:02.853+0530][27.073s] GC(8) Old regions: 12->12
[2024-06-21T12:03:02.853+0530][27.073s] GC(8) Humongous regions: 4->4
[2024-06-21T12:03:02.853+0530][27.073s] GC(8) Metaspace: 44877K->44877K(1089536K)
[2024-06-21T12:03:02.853+0530][27.073s] GC(8) Pause Young (Normal) (G1 Evacuation Pause) 314M->30M(512M) 9.542ms
[2024-06-21T12:03:02.853+0530][27.073s] GC(8) User=0.00s Sys=0.00s Real=0.00s
[2024-06-21T12:03:04.087+0530][28.296s] GC(9) Pause Young (Normal) (G1 Evacuation Pause)
[2024-06-21T12:03:04.087+0530][28.296s] GC(9) Using 10 workers of 10 for evacuation
[2024-06-21T12:03:04.087+0530][28.306s] GC(9)   Pre Evacuate Collection Set: 0.0ms
[2024-06-21T12:03:04.087+0530][28.306s] GC(9)   Evacuate Collection Set: 8.7ms
[2024-06-21T12:03:04.087+0530][28.306s] GC(9)   Post Evacuate Collection Set: 1.2ms
[2024-06-21T12:03:04.087+0530][28.306s] GC(9)   Other: 0.3ms
[2024-06-21T12:03:04.087+0530][28.306s] GC(9) Eden regions: 292->0(290)
[2024-06-21T12:03:04.087+0530][28.306s] GC(9) Survivor regions: 15->17(39)
[2024-06-21T12:03:04.087+0530][28.306s] GC(9) Old regions: 12->12
[2024-06-21T12:03:04.087+0530][28.306s] GC(9) Humongous regions: 4->4
[2024-06-21T12:03:04.087+0530][28.306s] GC(9) Metaspace: 51041K->51041K(1095680K)
[2024-06-21T12:03:04.087+0530][28.307s] GC(9) Pause Young (Normal) (G1 Evacuation Pause) 322M->32M(512M) 10.788ms
[2024-06-21T12:03:04.087+0530][28.307s] GC(9) User=0.00s Sys=0.00s Real=0.00s
[2024-06-21T12:03:06.011+0530][30.217s] GC(10) Pause Young (Normal) (G1 Evacuation Pause)
[2024-06-21T12:03:06.011+0530][30.217s] GC(10) Using 10 workers of 10 for evacuation
[2024-06-21T12:03:06.026+0530][30.232s] GC(10)   Pre Evacuate Collection Set: 0.0ms
[2024-06-21T12:03:06.026+0530][30.232s] GC(10)   Evacuate Collection Set: 12.8ms
[2024-06-21T12:03:06.026+0530][30.232s] GC(10)   Post Evacuate Collection Set: 1.5ms
[2024-06-21T12:03:06.026+0530][30.232s] GC(10)   Other: 0.4ms
[2024-06-21T12:03:06.026+0530][30.232s] GC(10) Eden regions: 290->0(282)
[2024-06-21T12:03:06.026+0530][30.232s] GC(10) Survivor regions: 17->25(39)
[2024-06-21T12:03:06.026+0530][30.232s] GC(10) Old regions: 12->12
[2024-06-21T12:03:06.026+0530][30.232s] GC(10) Humongous regions: 4->4
[2024-06-21T12:03:06.026+0530][30.232s] GC(10) Metaspace: 57713K->57713K(1101824K)
[2024-06-21T12:03:06.026+0530][30.232s] GC(10) Pause Young (Normal) (G1 Evacuation Pause) 322M->39M(512M) 15.134ms
[2024-06-21T12:03:06.026+0530][30.232s] GC(10) User=0.13s Sys=0.02s Real=0.02s
[2024-06-21T12:03:06.261+0530][30.476s] GC(11) Pause Young (Concurrent Start) (Metadata GC Threshold)
[2024-06-21T12:03:06.261+0530][30.476s] GC(11) Using 10 workers of 10 for evacuation
[2024-06-21T12:03:06.292+0530][30.506s] GC(11)   Pre Evacuate Collection Set: 0.2ms
[2024-06-21T12:03:06.292+0530][30.506s] GC(11)   Evacuate Collection Set: 28.7ms
[2024-06-21T12:03:06.292+0530][30.506s] GC(11)   Post Evacuate Collection Set: 1.1ms
[2024-06-21T12:03:06.292+0530][30.506s] GC(11)   Other: 0.4ms
[2024-06-21T12:03:06.292+0530][30.506s] GC(11) Eden regions: 38->0(289)
[2024-06-21T12:03:06.292+0530][30.506s] GC(11) Survivor regions: 25->18(39)
[2024-06-21T12:03:06.292+0530][30.506s] GC(11) Old regions: 12->19
[2024-06-21T12:03:06.292+0530][30.506s] GC(11) Humongous regions: 4->4
[2024-06-21T12:03:06.292+0530][30.506s] GC(11) Metaspace: 58234K->58234K(1101824K)
[2024-06-21T12:03:06.292+0530][30.506s] GC(11) Pause Young (Concurrent Start) (Metadata GC Threshold) 77M->40M(512M) 30.803ms
[2024-06-21T12:03:06.292+0530][30.506s] GC(11) User=0.11s Sys=0.00s Real=0.03s
[2024-06-21T12:03:06.292+0530][30.506s] GC(12) Concurrent Cycle
[2024-06-21T12:03:06.292+0530][30.507s] GC(12) Concurrent Clear Claimed Marks
[2024-06-21T12:03:06.292+0530][30.507s] GC(12) Concurrent Clear Claimed Marks 0.170ms
[2024-06-21T12:03:06.292+0530][30.507s] GC(12) Concurrent Scan Root Regions
[2024-06-21T12:03:06.308+0530][30.516s] GC(12) Concurrent Scan Root Regions 9.419ms
[2024-06-21T12:03:06.308+0530][30.516s] GC(12) Concurrent Mark (30.516s)
[2024-06-21T12:03:06.308+0530][30.516s] GC(12) Concurrent Mark From Roots
[2024-06-21T12:03:06.308+0530][30.516s] GC(12) Using 3 workers of 3 for marking
[2024-06-21T12:03:06.323+0530][30.541s] GC(12) Concurrent Mark From Roots 25.109ms
[2024-06-21T12:03:06.323+0530][30.542s] GC(12) Concurrent Preclean
[2024-06-21T12:03:06.323+0530][30.542s] GC(12) Concurrent Preclean 0.629ms
[2024-06-21T12:03:06.323+0530][30.542s] GC(12) Concurrent Mark (30.516s, 30.542s) 25.975ms
[2024-06-21T12:03:06.323+0530][30.543s] GC(12) Pause Remark
[2024-06-21T12:03:06.339+0530][30.547s] GC(12) Cleaned string and symbol table, strings: 26124 processed, 0 removed, symbols: 176611 processed, 539 removed
[2024-06-21T12:03:06.339+0530][30.547s] GC(12) Pause Remark 43M->43M(512M) 4.565ms
[2024-06-21T12:03:06.339+0530][30.547s] GC(12) User=0.02s Sys=0.00s Real=0.02s
[2024-06-21T12:03:06.339+0530][30.547s] GC(12) Concurrent Rebuild Remembered Sets
[2024-06-21T12:03:06.354+0530][30.569s] GC(12) Concurrent Rebuild Remembered Sets 22.181ms
[2024-06-21T12:03:06.354+0530][30.570s] GC(12) Pause Cleanup
[2024-06-21T12:03:06.354+0530][30.570s] GC(12) Pause Cleanup 43M->43M(512M) 0.211ms
[2024-06-21T12:03:06.354+0530][30.570s] GC(12) User=0.00s Sys=0.00s Real=0.00s
[2024-06-21T12:03:06.354+0530][30.570s] GC(12) Concurrent Cleanup for Next Mark
[2024-06-21T12:03:06.354+0530][30.571s] GC(12) Concurrent Cleanup for Next Mark 0.652ms
[2024-06-21T12:03:06.354+0530][30.571s] GC(12) Concurrent Cycle 64.590ms
[2024-06-21T12:08:33.598+0530][357.804s] GC(13) Pause Young (Normal) (G1 Evacuation Pause)
[2024-06-21T12:08:33.598+0530][357.804s] GC(13) Using 10 workers of 10 for evacuation
[2024-06-21T12:08:33.603+0530][357.820s] GC(13)   Pre Evacuate Collection Set: 0.0ms
[2024-06-21T12:08:33.603+0530][357.820s] GC(13)   Evacuate Collection Set: 14.6ms
[2024-06-21T12:08:33.603+0530][357.820s] GC(13)   Post Evacuate Collection Set: 1.6ms
[2024-06-21T12:08:33.603+0530][357.821s] GC(13)   Other: 0.4ms
[2024-06-21T12:08:33.603+0530][357.821s] GC(13) Eden regions: 289->0(282)
[2024-06-21T12:08:33.603+0530][357.821s] GC(13) Survivor regions: 18->25(39)
[2024-06-21T12:08:33.603+0530][357.821s] GC(13) Old regions: 19->19
[2024-06-21T12:08:33.603+0530][357.821s] GC(13) Humongous regions: 4->4
[2024-06-21T12:08:33.603+0530][357.821s] GC(13) Metaspace: 65652K->65652K(1107968K)
[2024-06-21T12:08:33.603+0530][357.821s] GC(13) Pause Young (Normal) (G1 Evacuation Pause) 329M->46M(512M) 17.192ms
[2024-06-21T12:08:33.603+0530][357.821s] GC(13) User=0.03s Sys=0.00s Real=0.00s
[2024-06-25T12:13:58.905+0530][346299.975s] GC(14) Pause Young (Normal) (G1 Evacuation Pause)
[2024-06-25T12:13:58.905+0530][346299.976s] GC(14) Using 10 workers of 10 for evacuation
[2024-06-25T12:13:58.951+0530][346300.021s] GC(14)   Pre Evacuate Collection Set: 0.3ms
[2024-06-25T12:13:58.951+0530][346300.021s] GC(14)   Evacuate Collection Set: 42.1ms
[2024-06-25T12:13:58.951+0530][346300.021s] GC(14)   Post Evacuate Collection Set: 2.6ms
[2024-06-25T12:13:58.951+0530][346300.021s] GC(14)   Other: 0.8ms
[2024-06-25T12:13:58.951+0530][346300.021s] GC(14) Eden regions: 282->0(285)
[2024-06-25T12:13:58.951+0530][346300.021s] GC(14) Survivor regions: 25->22(39)
[2024-06-25T12:13:58.951+0530][346300.021s] GC(14) Old regions: 19->26
[2024-06-25T12:13:58.951+0530][346300.021s] GC(14) Humongous regions: 10->9
[2024-06-25T12:13:58.951+0530][346300.021s] GC(14) Metaspace: 71808K->71808K(1114112K)
[2024-06-25T12:13:58.951+0530][346300.021s] GC(14) Pause Young (Normal) (G1 Evacuation Pause) 334M->55M(512M) 45.955ms
[2024-06-25T12:13:58.951+0530][346300.021s] GC(14) User=0.08s Sys=0.17s Real=0.05s
[2024-07-03T00:01:59.717+0530][993639.997s] GC(15) Pause Young (Normal) (G1 Evacuation Pause)
[2024-07-03T00:01:59.725+0530][993640.004s] GC(15) Using 10 workers of 10 for evacuation
[2024-07-03T00:01:59.808+0530][993640.088s] GC(15)   Pre Evacuate Collection Set: 1.9ms
[2024-07-03T00:01:59.809+0530][993640.088s] GC(15)   Evacuate Collection Set: 72.9ms
[2024-07-03T00:01:59.809+0530][993640.088s] GC(15)   Post Evacuate Collection Set: 7.8ms
[2024-07-03T00:01:59.809+0530][993640.088s] GC(15)   Other: 8.8ms
[2024-07-03T00:01:59.809+0530][993640.088s] GC(15) Eden regions: 285->0(288)
[2024-07-03T00:01:59.809+0530][993640.088s] GC(15) Survivor regions: 22->19(39)
[2024-07-03T00:01:59.809+0530][993640.088s] GC(15) Old regions: 26->26
[2024-07-03T00:01:59.809+0530][993640.088s] GC(15) Humongous regions: 9->9
[2024-07-03T00:01:59.809+0530][993640.088s] GC(15) Metaspace: 72137K->72137K(1114112K)
[2024-07-03T00:01:59.809+0530][993640.089s] GC(15) Pause Young (Normal) (G1 Evacuation Pause) 340M->53M(512M) 91.852ms
[2024-07-03T00:01:59.809+0530][993640.089s] GC(15) User=0.13s Sys=0.08s Real=0.09s
[2024-07-08T12:51:30.764+0530][1471847.975s] Heap
[2024-07-08T12:51:30.764+0530][1471847.975s]  garbage-first heap   total 524288K, used 137294K [0x00000000e0000000, 0x0000000100000000)
[2024-07-08T12:51:30.764+0530][1471847.975s]   region size 1024K, 101 young (103424K), 19 survivors (19456K)
[2024-07-08T12:51:30.764+0530][1471847.975s]  Metaspace       used 72370K, capacity 74807K, committed 74880K, reserved 1114112K
[2024-07-08T12:51:30.764+0530][1471847.975s]   class space    used 8545K, capacity 9574K, committed 9600K, reserved 1048576K
