[2024-07-17T18:24:22.728+0530][0.070s] Heap region size: 1M
[2024-07-17T18:24:23.230+0530][0.572s] Using G1
[2024-07-17T18:24:23.230+0530][0.572s] Heap address: 0x00000000e0000000, size: 512 MB, Compressed Oops mode: 32-bit
[2024-07-17T18:24:25.978+0530][3.328s] GC(0) Pause Young (Normal) (G1 Evacuation Pause)
[2024-07-17T18:24:25.978+0530][3.330s] GC(0) Using 10 workers of 10 for evacuation
[2024-07-17T18:24:26.025+0530][3.368s] GC(0)   Pre Evacuate Collection Set: 0.0ms
[2024-07-17T18:24:26.025+0530][3.368s] GC(0)   Evacuate Collection Set: 37.1ms
[2024-07-17T18:24:26.025+0530][3.368s] GC(0)   Post Evacuate Collection Set: 0.8ms
[2024-07-17T18:24:26.025+0530][3.368s] GC(0)   Other: 2.5ms
[2024-07-17T18:24:26.025+0530][3.368s] GC(0) Eden regions: 30->0(304)
[2024-07-17T18:24:26.025+0530][3.369s] GC(0) Survivor regions: 0->3(4)
[2024-07-17T18:24:26.025+0530][3.369s] GC(0) Old regions: 0->0
[2024-07-17T18:24:26.025+0530][3.369s] GC(0) Humongous regions: 0->0
[2024-07-17T18:24:26.025+0530][3.369s] GC(0) Metaspace: 12189K->12189K(1060864K)
[2024-07-17T18:24:26.025+0530][3.369s] GC(0) Pause Young (Normal) (G1 Evacuation Pause) 30M->2M(512M) 41.203ms
[2024-07-17T18:24:26.025+0530][3.369s] GC(0) User=0.08s Sys=0.02s Real=0.05s
[2024-07-17T18:24:34.933+0530][12.287s] GC(1) Pause Young (Concurrent Start) (Metadata GC Threshold)
[2024-07-17T18:24:34.933+0530][12.288s] GC(1) Using 10 workers of 10 for evacuation
[2024-07-17T18:24:34.948+0530][12.301s] GC(1)   Pre Evacuate Collection Set: 0.0ms
[2024-07-17T18:24:34.948+0530][12.301s] GC(1)   Evacuate Collection Set: 12.9ms
[2024-07-17T18:24:34.948+0530][12.301s] GC(1)   Post Evacuate Collection Set: 0.7ms
[2024-07-17T18:24:34.948+0530][12.302s] GC(1)   Other: 0.3ms
[2024-07-17T18:24:34.948+0530][12.302s] GC(1) Eden regions: 69->0(85)
[2024-07-17T18:24:34.948+0530][12.302s] GC(1) Survivor regions: 3->12(39)
[2024-07-17T18:24:34.948+0530][12.302s] GC(1) Old regions: 0->0
[2024-07-17T18:24:34.948+0530][12.302s] GC(1) Humongous regions: 4->4
[2024-07-17T18:24:34.948+0530][12.302s] GC(1) Metaspace: 20493K->20493K(1069056K)
[2024-07-17T18:24:34.948+0530][12.302s] GC(1) Pause Young (Concurrent Start) (Metadata GC Threshold) 75M->15M(512M) 14.320ms
[2024-07-17T18:24:34.948+0530][12.302s] GC(1) User=0.06s Sys=0.00s Real=0.01s
[2024-07-17T18:24:34.948+0530][12.302s] GC(2) Concurrent Cycle
[2024-07-17T18:24:34.948+0530][12.302s] GC(2) Concurrent Clear Claimed Marks
[2024-07-17T18:24:34.948+0530][12.302s] GC(2) Concurrent Clear Claimed Marks 0.050ms
[2024-07-17T18:24:34.948+0530][12.302s] GC(2) Concurrent Scan Root Regions
[2024-07-17T18:24:34.964+0530][12.312s] GC(2) Concurrent Scan Root Regions 9.515ms
[2024-07-17T18:24:34.964+0530][12.312s] GC(2) Concurrent Mark (12.312s)
[2024-07-17T18:24:34.964+0530][12.312s] GC(2) Concurrent Mark From Roots
[2024-07-17T18:24:34.964+0530][12.312s] GC(2) Using 3 workers of 3 for marking
[2024-07-17T18:24:35.512+0530][12.855s] GC(2) Concurrent Mark From Roots 543.414ms
[2024-07-17T18:24:35.512+0530][12.855s] GC(2) Concurrent Preclean
[2024-07-17T18:24:35.512+0530][12.856s] GC(2) Concurrent Preclean 0.381ms
[2024-07-17T18:24:35.512+0530][12.856s] GC(2) Concurrent Mark (12.312s, 12.856s) 543.960ms
[2024-07-17T18:24:35.512+0530][12.856s] GC(2) Pause Remark
[2024-07-17T18:24:35.607+0530][12.952s] GC(2) Cleaned string and symbol table, strings: 9444 processed, 0 removed, symbols: 66022 processed, 15 removed
[2024-07-17T18:24:35.607+0530][12.953s] GC(2) Pause Remark 16M->16M(512M) 96.779ms
[2024-07-17T18:24:35.607+0530][12.953s] GC(2) User=0.13s Sys=0.00s Real=0.10s
[2024-07-17T18:24:35.607+0530][12.953s] GC(2) Concurrent Rebuild Remembered Sets
[2024-07-17T18:24:35.607+0530][12.955s] GC(2) Concurrent Rebuild Remembered Sets 2.599ms
[2024-07-17T18:24:35.607+0530][12.956s] GC(2) Pause Cleanup
[2024-07-17T18:24:35.607+0530][12.956s] GC(2) Pause Cleanup 16M->16M(512M) 0.152ms
[2024-07-17T18:24:35.607+0530][12.956s] GC(2) User=0.00s Sys=0.00s Real=0.00s
[2024-07-17T18:24:35.607+0530][12.956s] GC(2) Concurrent Cleanup for Next Mark
[2024-07-17T18:24:35.607+0530][12.956s] GC(2) Concurrent Cleanup for Next Mark 0.373ms
[2024-07-17T18:24:35.607+0530][12.956s] GC(2) Concurrent Cycle 654.387ms
[2024-07-17T18:24:38.916+0530][16.266s] GC(3) Pause Young (Normal) (G1 Evacuation Pause)
[2024-07-17T18:24:38.916+0530][16.266s] GC(3) Using 10 workers of 10 for evacuation
[2024-07-17T18:24:38.931+0530][16.277s] GC(3)   Pre Evacuate Collection Set: 0.0ms
[2024-07-17T18:24:38.931+0530][16.277s] GC(3)   Evacuate Collection Set: 9.8ms
[2024-07-17T18:24:38.931+0530][16.277s] GC(3)   Post Evacuate Collection Set: 0.9ms
[2024-07-17T18:24:38.935+0530][16.277s] GC(3)   Other: 0.3ms
[2024-07-17T18:24:38.935+0530][16.277s] GC(3) Eden regions: 75->0(103)
[2024-07-17T18:24:38.935+0530][16.277s] GC(3) Survivor regions: 12->4(11)
[2024-07-17T18:24:38.935+0530][16.277s] GC(3) Old regions: 0->12
[2024-07-17T18:24:38.935+0530][16.277s] GC(3) Humongous regions: 4->4
[2024-07-17T18:24:38.935+0530][16.277s] GC(3) Metaspace: 28015K->28015K(1075200K)
[2024-07-17T18:24:38.935+0530][16.277s] GC(3) Pause Young (Normal) (G1 Evacuation Pause) 90M->19M(512M) 11.421ms
[2024-07-17T18:24:38.935+0530][16.277s] GC(3) User=0.02s Sys=0.00s Real=0.02s
[2024-07-17T18:24:39.998+0530][17.352s] GC(4) Pause Young (Normal) (G1 Evacuation Pause)
[2024-07-17T18:24:39.998+0530][17.352s] GC(4) Using 10 workers of 10 for evacuation
[2024-07-17T18:24:39.998+0530][17.356s] GC(4)   Pre Evacuate Collection Set: 0.0ms
[2024-07-17T18:24:39.998+0530][17.356s] GC(4)   Evacuate Collection Set: 2.4ms
[2024-07-17T18:24:39.998+0530][17.356s] GC(4)   Post Evacuate Collection Set: 0.5ms
[2024-07-17T18:24:39.998+0530][17.356s] GC(4)   Other: 0.3ms
[2024-07-17T18:24:39.998+0530][17.356s] GC(4) Eden regions: 103->0(141)
[2024-07-17T18:24:40.014+0530][17.356s] GC(4) Survivor regions: 4->7(14)
[2024-07-17T18:24:40.014+0530][17.356s] GC(4) Old regions: 12->12
[2024-07-17T18:24:40.014+0530][17.356s] GC(4) Humongous regions: 4->4
[2024-07-17T18:24:40.014+0530][17.356s] GC(4) Metaspace: 28164K->28164K(1075200K)
[2024-07-17T18:24:40.014+0530][17.356s] GC(4) Pause Young (Normal) (G1 Evacuation Pause) 122M->22M(512M) 3.739ms
[2024-07-17T18:24:40.014+0530][17.356s] GC(4) User=0.03s Sys=0.00s Real=0.02s
[2024-07-17T18:24:42.571+0530][19.928s] GC(5) Pause Young (Normal) (G1 Evacuation Pause)
[2024-07-17T18:24:42.571+0530][19.928s] GC(5) Using 10 workers of 10 for evacuation
[2024-07-17T18:24:42.587+0530][19.932s] GC(5)   Pre Evacuate Collection Set: 0.0ms
[2024-07-17T18:24:42.587+0530][19.932s] GC(5)   Evacuate Collection Set: 3.6ms
[2024-07-17T18:24:42.587+0530][19.932s] GC(5)   Post Evacuate Collection Set: 0.6ms
[2024-07-17T18:24:42.587+0530][19.932s] GC(5)   Other: 0.2ms
[2024-07-17T18:24:42.587+0530][19.932s] GC(5) Eden regions: 141->0(195)
[2024-07-17T18:24:42.587+0530][19.932s] GC(5) Survivor regions: 7->9(19)
[2024-07-17T18:24:42.587+0530][19.932s] GC(5) Old regions: 12->12
[2024-07-17T18:24:42.587+0530][19.932s] GC(5) Humongous regions: 4->4
[2024-07-17T18:24:42.587+0530][19.932s] GC(5) Metaspace: 32058K->32058K(1079296K)
[2024-07-17T18:24:42.587+0530][19.933s] GC(5) Pause Young (Normal) (G1 Evacuation Pause) 163M->24M(512M) 4.816ms
[2024-07-17T18:24:42.587+0530][19.933s] GC(5) User=0.02s Sys=0.00s Real=0.02s
[2024-07-17T18:24:43.056+0530][20.411s] GC(6) Pause Young (Concurrent Start) (Metadata GC Threshold)
[2024-07-17T18:24:43.056+0530][20.411s] GC(6) Using 10 workers of 10 for evacuation
[2024-07-17T18:24:43.071+0530][20.421s] GC(6)   Pre Evacuate Collection Set: 0.1ms
[2024-07-17T18:24:43.071+0530][20.421s] GC(6)   Evacuate Collection Set: 9.1ms
[2024-07-17T18:24:43.071+0530][20.421s] GC(6)   Post Evacuate Collection Set: 0.5ms
[2024-07-17T18:24:43.071+0530][20.421s] GC(6)   Other: 0.3ms
[2024-07-17T18:24:43.071+0530][20.421s] GC(6) Eden regions: 59->0(186)
[2024-07-17T18:24:43.071+0530][20.421s] GC(6) Survivor regions: 9->9(26)
[2024-07-17T18:24:43.071+0530][20.421s] GC(6) Old regions: 12->12
[2024-07-17T18:24:43.071+0530][20.421s] GC(6) Humongous regions: 4->4
[2024-07-17T18:24:43.071+0530][20.421s] GC(6) Metaspace: 34619K->34619K(1081344K)
[2024-07-17T18:24:43.071+0530][20.421s] GC(6) Pause Young (Concurrent Start) (Metadata GC Threshold) 83M->24M(512M) 10.335ms
[2024-07-17T18:24:43.071+0530][20.422s] GC(6) User=0.00s Sys=0.00s Real=0.02s
[2024-07-17T18:24:43.071+0530][20.422s] GC(7) Concurrent Cycle
[2024-07-17T18:24:43.071+0530][20.422s] GC(7) Concurrent Clear Claimed Marks
[2024-07-17T18:24:43.071+0530][20.422s] GC(7) Concurrent Clear Claimed Marks 0.067ms
[2024-07-17T18:24:43.071+0530][20.422s] GC(7) Concurrent Scan Root Regions
[2024-07-17T18:24:43.071+0530][20.425s] GC(7) Concurrent Scan Root Regions 2.900ms
[2024-07-17T18:24:43.071+0530][20.425s] GC(7) Concurrent Mark (20.425s)
[2024-07-17T18:24:43.071+0530][20.425s] GC(7) Concurrent Mark From Roots
[2024-07-17T18:24:43.071+0530][20.425s] GC(7) Using 3 workers of 3 for marking
[2024-07-17T18:24:43.087+0530][20.442s] GC(7) Concurrent Mark From Roots 16.986ms
[2024-07-17T18:24:43.087+0530][20.442s] GC(7) Concurrent Preclean
[2024-07-17T18:24:43.087+0530][20.442s] GC(7) Concurrent Preclean 0.509ms
[2024-07-17T18:24:43.087+0530][20.442s] GC(7) Concurrent Mark (20.425s, 20.442s) 17.673ms
[2024-07-17T18:24:43.087+0530][20.443s] GC(7) Pause Remark
[2024-07-17T18:24:43.103+0530][20.448s] GC(7) Cleaned string and symbol table, strings: 14849 processed, 16 removed, symbols: 111280 processed, 55 removed
[2024-07-17T18:24:43.103+0530][20.449s] GC(7) Pause Remark 25M->25M(512M) 6.091ms
[2024-07-17T18:24:43.103+0530][20.449s] GC(7) User=0.02s Sys=0.00s Real=0.02s
[2024-07-17T18:24:43.103+0530][20.449s] GC(7) Concurrent Rebuild Remembered Sets
[2024-07-17T18:24:43.103+0530][20.457s] GC(7) Concurrent Rebuild Remembered Sets 8.291ms
[2024-07-17T18:24:43.103+0530][20.457s] GC(7) Pause Cleanup
[2024-07-17T18:24:43.103+0530][20.458s] GC(7) Pause Cleanup 26M->26M(512M) 0.201ms
[2024-07-17T18:24:43.103+0530][20.458s] GC(7) User=0.00s Sys=0.00s Real=0.00s
[2024-07-17T18:24:43.103+0530][20.458s] GC(7) Concurrent Cleanup for Next Mark
[2024-07-17T18:24:43.103+0530][20.458s] GC(7) Concurrent Cleanup for Next Mark 0.413ms
[2024-07-17T18:24:43.103+0530][20.458s] GC(7) Concurrent Cycle 36.619ms
[2024-07-17T18:24:44.556+0530][21.902s] GC(8) Pause Young (Normal) (G1 Evacuation Pause)
[2024-07-17T18:24:44.556+0530][21.902s] GC(8) Using 10 workers of 10 for evacuation
[2024-07-17T18:24:44.556+0530][21.909s] GC(8)   Pre Evacuate Collection Set: 0.0ms
[2024-07-17T18:24:44.556+0530][21.909s] GC(8)   Evacuate Collection Set: 5.9ms
[2024-07-17T18:24:44.556+0530][21.909s] GC(8)   Post Evacuate Collection Set: 0.8ms
[2024-07-17T18:24:44.556+0530][21.909s] GC(8)   Other: 0.2ms
[2024-07-17T18:24:44.556+0530][21.909s] GC(8) Eden regions: 192->0(249)
[2024-07-17T18:24:44.556+0530][21.909s] GC(8) Survivor regions: 9->13(26)
[2024-07-17T18:24:44.556+0530][21.909s] GC(8) Old regions: 12->12
[2024-07-17T18:24:44.556+0530][21.910s] GC(8) Humongous regions: 4->4
[2024-07-17T18:24:44.556+0530][21.910s] GC(8) Metaspace: 42277K->42277K(1087488K)
[2024-07-17T18:24:44.556+0530][21.910s] GC(8) Pause Young (Normal) (G1 Evacuation Pause) 216M->28M(512M) 7.166ms
[2024-07-17T18:24:44.556+0530][21.910s] GC(8) User=0.02s Sys=0.00s Real=0.00s
[2024-07-17T18:24:45.697+0530][23.046s] GC(9) Pause Young (Normal) (G1 Evacuation Pause)
[2024-07-17T18:24:45.697+0530][23.046s] GC(9) Using 10 workers of 10 for evacuation
[2024-07-17T18:24:45.713+0530][23.056s] GC(9)   Pre Evacuate Collection Set: 0.0ms
[2024-07-17T18:24:45.713+0530][23.056s] GC(9)   Evacuate Collection Set: 7.5ms
[2024-07-17T18:24:45.713+0530][23.056s] GC(9)   Post Evacuate Collection Set: 1.6ms
[2024-07-17T18:24:45.713+0530][23.056s] GC(9)   Other: 0.4ms
[2024-07-17T18:24:45.713+0530][23.056s] GC(9) Eden regions: 249->0(288)
[2024-07-17T18:24:45.713+0530][23.056s] GC(9) Survivor regions: 13->17(33)
[2024-07-17T18:24:45.713+0530][23.056s] GC(9) Old regions: 12->12
[2024-07-17T18:24:45.713+0530][23.056s] GC(9) Humongous regions: 4->4
[2024-07-17T18:24:45.713+0530][23.056s] GC(9) Metaspace: 48038K->48038K(1093632K)
[2024-07-17T18:24:45.713+0530][23.056s] GC(9) Pause Young (Normal) (G1 Evacuation Pause) 277M->31M(512M) 9.957ms
[2024-07-17T18:24:45.713+0530][23.056s] GC(9) User=0.08s Sys=0.00s Real=0.02s
[2024-07-17T18:24:47.409+0530][24.759s] GC(10) Pause Young (Normal) (G1 Evacuation Pause)
[2024-07-17T18:24:47.409+0530][24.759s] GC(10) Using 10 workers of 10 for evacuation
[2024-07-17T18:24:47.422+0530][24.773s] GC(10)   Pre Evacuate Collection Set: 0.0ms
[2024-07-17T18:24:47.422+0530][24.773s] GC(10)   Evacuate Collection Set: 12.7ms
[2024-07-17T18:24:47.422+0530][24.773s] GC(10)   Post Evacuate Collection Set: 1.4ms
[2024-07-17T18:24:47.422+0530][24.773s] GC(10)   Other: 0.4ms
[2024-07-17T18:24:47.422+0530][24.774s] GC(10) Eden regions: 288->0(288)
[2024-07-17T18:24:47.422+0530][24.774s] GC(10) Survivor regions: 17->19(39)
[2024-07-17T18:24:47.422+0530][24.774s] GC(10) Old regions: 12->12
[2024-07-17T18:24:47.422+0530][24.774s] GC(10) Humongous regions: 4->4
[2024-07-17T18:24:47.422+0530][24.774s] GC(10) Metaspace: 54090K->54090K(1097728K)
[2024-07-17T18:24:47.422+0530][24.774s] GC(10) Pause Young (Normal) (G1 Evacuation Pause) 319M->34M(512M) 14.979ms
[2024-07-17T18:24:47.422+0530][24.774s] GC(10) User=0.22s Sys=0.00s Real=0.01s
[2024-07-17T18:24:49.369+0530][26.712s] GC(11) Pause Young (Concurrent Start) (Metadata GC Threshold)
[2024-07-17T18:24:49.369+0530][26.712s] GC(11) Using 10 workers of 10 for evacuation
[2024-07-17T18:24:49.385+0530][26.742s] GC(11)   Pre Evacuate Collection Set: 0.1ms
[2024-07-17T18:24:49.385+0530][26.742s] GC(11)   Evacuate Collection Set: 27.7ms
[2024-07-17T18:24:49.385+0530][26.742s] GC(11)   Post Evacuate Collection Set: 1.6ms
[2024-07-17T18:24:49.385+0530][26.742s] GC(11)   Other: 0.4ms
[2024-07-17T18:24:49.385+0530][26.742s] GC(11) Eden regions: 181->0(282)
[2024-07-17T18:24:49.385+0530][26.742s] GC(11) Survivor regions: 19->25(39)
[2024-07-17T18:24:49.400+0530][26.742s] GC(11) Old regions: 12->12
[2024-07-17T18:24:49.400+0530][26.742s] GC(11) Humongous regions: 4->4
[2024-07-17T18:24:49.400+0530][26.743s] GC(11) Metaspace: 58280K->58280K(1101824K)
[2024-07-17T18:24:49.400+0530][26.743s] GC(11) Pause Young (Concurrent Start) (Metadata GC Threshold) 215M->39M(512M) 30.393ms
[2024-07-17T18:24:49.400+0530][26.743s] GC(11) User=0.16s Sys=0.00s Real=0.03s
[2024-07-17T18:24:49.400+0530][26.743s] GC(12) Concurrent Cycle
[2024-07-17T18:24:49.400+0530][26.743s] GC(12) Concurrent Clear Claimed Marks
[2024-07-17T18:24:49.400+0530][26.743s] GC(12) Concurrent Clear Claimed Marks 0.148ms
[2024-07-17T18:24:49.400+0530][26.743s] GC(12) Concurrent Scan Root Regions
[2024-07-17T18:24:49.400+0530][26.753s] GC(12) Concurrent Scan Root Regions 10.161ms
[2024-07-17T18:24:49.400+0530][26.753s] GC(12) Concurrent Mark (26.753s)
[2024-07-17T18:24:49.400+0530][26.753s] GC(12) Concurrent Mark From Roots
[2024-07-17T18:24:49.400+0530][26.753s] GC(12) Using 3 workers of 3 for marking
[2024-07-17T18:24:49.416+0530][26.772s] GC(12) Concurrent Mark From Roots 18.512ms
[2024-07-17T18:24:49.416+0530][26.772s] GC(12) Concurrent Preclean
[2024-07-17T18:24:49.416+0530][26.772s] GC(12) Concurrent Preclean 0.524ms
[2024-07-17T18:24:49.416+0530][26.773s] GC(12) Concurrent Mark (26.753s, 26.773s) 19.229ms
[2024-07-17T18:24:49.448+0530][26.792s] GC(12) Pause Remark
[2024-07-17T18:24:49.448+0530][26.799s] GC(12) Cleaned string and symbol table, strings: 26254 processed, 0 removed, symbols: 177253 processed, 536 removed
[2024-07-17T18:24:49.448+0530][26.799s] GC(12) Pause Remark 44M->44M(512M) 6.769ms
[2024-07-17T18:24:49.448+0530][26.799s] GC(12) User=0.06s Sys=0.00s Real=0.00s
[2024-07-17T18:24:49.448+0530][26.799s] GC(12) Concurrent Rebuild Remembered Sets
[2024-07-17T18:24:49.463+0530][26.808s] GC(12) Concurrent Rebuild Remembered Sets 8.695ms
[2024-07-17T18:24:49.463+0530][26.808s] GC(12) Pause Cleanup
[2024-07-17T18:24:49.463+0530][26.808s] GC(12) Pause Cleanup 45M->45M(512M) 0.217ms
[2024-07-17T18:24:49.463+0530][26.808s] GC(12) User=0.00s Sys=0.00s Real=0.00s
[2024-07-17T18:24:49.463+0530][26.809s] GC(12) Concurrent Cleanup for Next Mark
[2024-07-17T18:24:49.463+0530][26.809s] GC(12) Concurrent Cleanup for Next Mark 0.567ms
[2024-07-17T18:24:49.463+0530][26.809s] GC(12) Concurrent Cycle 66.582ms
[2024-07-19T12:33:33.946+0530][151770.017s] Heap
[2024-07-19T12:33:33.946+0530][151770.018s]  garbage-first heap   total 524288K, used 277359K [0x00000000e0000000, 0x0000000100000000)
[2024-07-19T12:33:33.946+0530][151770.018s]   region size 1024K, 257 young (263168K), 25 survivors (25600K)
[2024-07-19T12:33:33.946+0530][151770.018s]  Metaspace       used 63290K, capacity 65548K, committed 65868K, reserved 1105920K
[2024-07-19T12:33:33.946+0530][151770.018s]   class space    used 7758K, capacity 8661K, committed 8780K, reserved 1048576K
