[2024-09-15T09:05:50.609+0530][0.060s] Heap region size: 1M
[2024-09-15T09:05:51.092+0530][0.535s] Using G1
[2024-09-15T09:05:51.092+0530][0.535s] Heap address: 0x00000000e0000000, size: 512 MB, Compressed Oops mode: 32-bit
[2024-09-15T09:05:53.795+0530][3.237s] GC(0) Pause Young (Normal) (G1 Evacuation Pause)
[2024-09-15T09:05:53.795+0530][3.239s] GC(0) Using 10 workers of 10 for evacuation
[2024-09-15T09:05:53.841+0530][3.282s] GC(0)   Pre Evacuate Collection Set: 0.1ms
[2024-09-15T09:05:53.841+0530][3.282s] GC(0)   Evacuate Collection Set: 42.0ms
[2024-09-15T09:05:53.841+0530][3.282s] GC(0)   Post Evacuate Collection Set: 0.7ms
[2024-09-15T09:05:53.841+0530][3.282s] GC(0)   Other: 2.6ms
[2024-09-15T09:05:53.841+0530][3.282s] GC(0) Eden regions: 30->0(304)
[2024-09-15T09:05:53.841+0530][3.282s] GC(0) Survivor regions: 0->3(4)
[2024-09-15T09:05:53.841+0530][3.283s] GC(0) Old regions: 0->0
[2024-09-15T09:05:53.841+0530][3.283s] GC(0) Humongous regions: 0->0
[2024-09-15T09:05:53.841+0530][3.283s] GC(0) Metaspace: 12175K->12175K(1060864K)
[2024-09-15T09:05:53.841+0530][3.283s] GC(0) Pause Young (Normal) (G1 Evacuation Pause) 30M->2M(512M) 46.100ms
[2024-09-15T09:05:53.841+0530][3.283s] GC(0) User=0.17s Sys=0.00s Real=0.05s
[2024-09-15T09:06:04.619+0530][14.073s] GC(1) Pause Young (Concurrent Start) (Metadata GC Threshold)
[2024-09-15T09:06:04.619+0530][14.073s] GC(1) Using 10 workers of 10 for evacuation
[2024-09-15T09:06:04.635+0530][14.089s] GC(1)   Pre Evacuate Collection Set: 0.0ms
[2024-09-15T09:06:04.635+0530][14.089s] GC(1)   Evacuate Collection Set: 14.2ms
[2024-09-15T09:06:04.635+0530][14.089s] GC(1)   Post Evacuate Collection Set: 0.9ms
[2024-09-15T09:06:04.635+0530][14.089s] GC(1)   Other: 0.4ms
[2024-09-15T09:06:04.635+0530][14.089s] GC(1) Eden regions: 69->0(85)
[2024-09-15T09:06:04.635+0530][14.089s] GC(1) Survivor regions: 3->12(39)
[2024-09-15T09:06:04.635+0530][14.089s] GC(1) Old regions: 0->0
[2024-09-15T09:06:04.635+0530][14.089s] GC(1) Humongous regions: 4->4
[2024-09-15T09:06:04.635+0530][14.089s] GC(1) Metaspace: 20539K->20539K(1069056K)
[2024-09-15T09:06:04.635+0530][14.089s] GC(1) Pause Young (Concurrent Start) (Metadata GC Threshold) 75M->15M(512M) 15.937ms
[2024-09-15T09:06:04.635+0530][14.089s] GC(1) User=0.00s Sys=0.00s Real=0.02s
[2024-09-15T09:06:04.635+0530][14.089s] GC(2) Concurrent Cycle
[2024-09-15T09:06:04.635+0530][14.089s] GC(2) Concurrent Clear Claimed Marks
[2024-09-15T09:06:04.635+0530][14.089s] GC(2) Concurrent Clear Claimed Marks 0.072ms
[2024-09-15T09:06:04.635+0530][14.089s] GC(2) Concurrent Scan Root Regions
[2024-09-15T09:06:04.651+0530][14.094s] GC(2) Concurrent Scan Root Regions 4.200ms
[2024-09-15T09:06:04.651+0530][14.094s] GC(2) Concurrent Mark (14.094s)
[2024-09-15T09:06:04.651+0530][14.094s] GC(2) Concurrent Mark From Roots
[2024-09-15T09:06:04.651+0530][14.094s] GC(2) Using 3 workers of 3 for marking
[2024-09-15T09:06:04.651+0530][14.096s] GC(2) Concurrent Mark From Roots 1.768ms
[2024-09-15T09:06:04.651+0530][14.096s] GC(2) Concurrent Preclean
[2024-09-15T09:06:04.651+0530][14.096s] GC(2) Concurrent Preclean 0.431ms
[2024-09-15T09:06:04.651+0530][14.096s] GC(2) Concurrent Mark (14.094s, 14.096s) 2.358ms
[2024-09-15T09:06:04.651+0530][14.096s] GC(2) Pause Remark
[2024-09-15T09:06:04.651+0530][14.098s] GC(2) Cleaned string and symbol table, strings: 9404 processed, 0 removed, symbols: 65982 processed, 15 removed
[2024-09-15T09:06:04.651+0530][14.098s] GC(2) Pause Remark 16M->16M(512M) 2.172ms
[2024-09-15T09:06:04.651+0530][14.098s] GC(2) User=0.00s Sys=0.00s Real=0.00s
[2024-09-15T09:06:04.651+0530][14.099s] GC(2) Concurrent Rebuild Remembered Sets
[2024-09-15T09:06:04.651+0530][14.102s] GC(2) Concurrent Rebuild Remembered Sets 3.048ms
[2024-09-15T09:06:04.651+0530][14.102s] GC(2) Pause Cleanup
[2024-09-15T09:06:04.651+0530][14.102s] GC(2) Pause Cleanup 16M->16M(512M) 0.155ms
[2024-09-15T09:06:04.651+0530][14.102s] GC(2) User=0.00s Sys=0.00s Real=0.00s
[2024-09-15T09:06:04.651+0530][14.102s] GC(2) Concurrent Cleanup for Next Mark
[2024-09-15T09:06:04.651+0530][14.103s] GC(2) Concurrent Cleanup for Next Mark 0.837ms
[2024-09-15T09:06:04.651+0530][14.103s] GC(2) Concurrent Cycle 13.981ms
[2024-09-15T09:06:06.042+0530][15.493s] GC(3) Pause Young (Normal) (G1 Evacuation Pause)
[2024-09-15T09:06:06.042+0530][15.493s] GC(3) Using 10 workers of 10 for evacuation
[2024-09-15T09:06:06.057+0530][15.503s] GC(3)   Pre Evacuate Collection Set: 0.0ms
[2024-09-15T09:06:06.057+0530][15.503s] GC(3)   Evacuate Collection Set: 9.2ms
[2024-09-15T09:06:06.057+0530][15.503s] GC(3)   Post Evacuate Collection Set: 0.9ms
[2024-09-15T09:06:06.057+0530][15.503s] GC(3)   Other: 0.3ms
[2024-09-15T09:06:06.057+0530][15.503s] GC(3) Eden regions: 73->0(101)
[2024-09-15T09:06:06.057+0530][15.503s] GC(3) Survivor regions: 12->5(11)
[2024-09-15T09:06:06.057+0530][15.503s] GC(3) Old regions: 0->12
[2024-09-15T09:06:06.057+0530][15.503s] GC(3) Humongous regions: 4->4
[2024-09-15T09:06:06.057+0530][15.503s] GC(3) Metaspace: 28001K->28001K(1075200K)
[2024-09-15T09:06:06.057+0530][15.504s] GC(3) Pause Young (Normal) (G1 Evacuation Pause) 88M->20M(512M) 10.748ms
[2024-09-15T09:06:06.057+0530][15.504s] GC(3) User=0.06s Sys=0.00s Real=0.01s
[2024-09-15T09:06:06.995+0530][16.441s] GC(4) Pause Young (Normal) (G1 Evacuation Pause)
[2024-09-15T09:06:06.995+0530][16.441s] GC(4) Using 10 workers of 10 for evacuation
[2024-09-15T09:06:06.995+0530][16.444s] GC(4)   Pre Evacuate Collection Set: 0.0ms
[2024-09-15T09:06:06.995+0530][16.444s] GC(4)   Evacuate Collection Set: 2.1ms
[2024-09-15T09:06:06.995+0530][16.444s] GC(4)   Post Evacuate Collection Set: 0.5ms
[2024-09-15T09:06:06.995+0530][16.444s] GC(4)   Other: 0.3ms
[2024-09-15T09:06:06.995+0530][16.444s] GC(4) Eden regions: 101->0(299)
[2024-09-15T09:06:06.995+0530][16.444s] GC(4) Survivor regions: 5->8(14)
[2024-09-15T09:06:06.995+0530][16.444s] GC(4) Old regions: 12->12
[2024-09-15T09:06:06.995+0530][16.444s] GC(4) Humongous regions: 4->4
[2024-09-15T09:06:06.995+0530][16.444s] GC(4) Metaspace: 28142K->28142K(1075200K)
[2024-09-15T09:06:06.995+0530][16.444s] GC(4) Pause Young (Normal) (G1 Evacuation Pause) 121M->23M(512M) 3.370ms
[2024-09-15T09:06:06.995+0530][16.444s] GC(4) User=0.00s Sys=0.00s Real=0.00s
[2024-09-15T09:06:09.356+0530][18.801s] GC(5) Pause Young (Concurrent Start) (Metadata GC Threshold)
[2024-09-15T09:06:09.356+0530][18.801s] GC(5) Using 10 workers of 10 for evacuation
[2024-09-15T09:06:09.356+0530][18.806s] GC(5)   Pre Evacuate Collection Set: 0.1ms
[2024-09-15T09:06:09.356+0530][18.807s] GC(5)   Evacuate Collection Set: 4.5ms
[2024-09-15T09:06:09.356+0530][18.807s] GC(5)   Post Evacuate Collection Set: 0.5ms
[2024-09-15T09:06:09.356+0530][18.807s] GC(5)   Other: 0.2ms
[2024-09-15T09:06:09.356+0530][18.807s] GC(5) Eden regions: 198->0(298)
[2024-09-15T09:06:09.356+0530][18.807s] GC(5) Survivor regions: 8->9(39)
[2024-09-15T09:06:09.356+0530][18.807s] GC(5) Old regions: 12->12
[2024-09-15T09:06:09.356+0530][18.807s] GC(5) Humongous regions: 4->4
[2024-09-15T09:06:09.356+0530][18.807s] GC(5) Metaspace: 34601K->34601K(1081344K)
[2024-09-15T09:06:09.356+0530][18.807s] GC(5) Pause Young (Concurrent Start) (Metadata GC Threshold) 221M->24M(512M) 5.567ms
[2024-09-15T09:06:09.356+0530][18.807s] GC(5) User=0.00s Sys=0.00s Real=0.00s
[2024-09-15T09:06:09.356+0530][18.807s] GC(6) Concurrent Cycle
[2024-09-15T09:06:09.356+0530][18.807s] GC(6) Concurrent Clear Claimed Marks
[2024-09-15T09:06:09.356+0530][18.807s] GC(6) Concurrent Clear Claimed Marks 0.056ms
[2024-09-15T09:06:09.356+0530][18.807s] GC(6) Concurrent Scan Root Regions
[2024-09-15T09:06:09.356+0530][18.809s] GC(6) Concurrent Scan Root Regions 2.088ms
[2024-09-15T09:06:09.356+0530][18.809s] GC(6) Concurrent Mark (18.809s)
[2024-09-15T09:06:09.356+0530][18.809s] GC(6) Concurrent Mark From Roots
[2024-09-15T09:06:09.356+0530][18.809s] GC(6) Using 3 workers of 3 for marking
[2024-09-15T09:06:09.387+0530][18.831s] GC(6) Concurrent Mark From Roots 21.760ms
[2024-09-15T09:06:09.387+0530][18.831s] GC(6) Concurrent Preclean
[2024-09-15T09:06:09.387+0530][18.831s] GC(6) Concurrent Preclean 0.426ms
[2024-09-15T09:06:09.387+0530][18.831s] GC(6) Concurrent Mark (18.809s, 18.831s) 22.319ms
[2024-09-15T09:06:09.387+0530][18.832s] GC(6) Pause Remark
[2024-09-15T09:06:09.387+0530][18.836s] GC(6) Cleaned string and symbol table, strings: 14897 processed, 16 removed, symbols: 111564 processed, 57 removed
[2024-09-15T09:06:09.387+0530][18.836s] GC(6) Pause Remark 28M->28M(512M) 4.236ms
[2024-09-15T09:06:09.387+0530][18.836s] GC(6) User=0.00s Sys=0.00s Real=0.00s
[2024-09-15T09:06:09.387+0530][18.836s] GC(6) Concurrent Rebuild Remembered Sets
[2024-09-15T09:06:09.402+0530][18.843s] GC(6) Concurrent Rebuild Remembered Sets 6.843ms
[2024-09-15T09:06:09.402+0530][18.843s] GC(6) Pause Cleanup
[2024-09-15T09:06:09.402+0530][18.843s] GC(6) Pause Cleanup 29M->29M(512M) 0.165ms
[2024-09-15T09:06:09.402+0530][18.843s] GC(6) User=0.00s Sys=0.00s Real=0.00s
[2024-09-15T09:06:09.402+0530][18.843s] GC(6) Concurrent Cleanup for Next Mark
[2024-09-15T09:06:09.402+0530][18.844s] GC(6) Concurrent Cleanup for Next Mark 0.676ms
[2024-09-15T09:06:09.402+0530][18.844s] GC(6) Concurrent Cycle 37.288ms
[2024-09-15T09:06:11.137+0530][20.591s] GC(7) Pause Young (Normal) (G1 Evacuation Pause)
[2024-09-15T09:06:11.137+0530][20.591s] GC(7) Using 10 workers of 10 for evacuation
[2024-09-15T09:06:11.152+0530][20.599s] GC(7)   Pre Evacuate Collection Set: 0.0ms
[2024-09-15T09:06:11.152+0530][20.599s] GC(7)   Evacuate Collection Set: 6.7ms
[2024-09-15T09:06:11.152+0530][20.599s] GC(7)   Post Evacuate Collection Set: 1.0ms
[2024-09-15T09:06:11.152+0530][20.599s] GC(7)   Other: 0.2ms
[2024-09-15T09:06:11.152+0530][20.599s] GC(7) Eden regions: 298->0(292)
[2024-09-15T09:06:11.152+0530][20.599s] GC(7) Survivor regions: 9->15(39)
[2024-09-15T09:06:11.152+0530][20.599s] GC(7) Old regions: 12->12
[2024-09-15T09:06:11.152+0530][20.599s] GC(7) Humongous regions: 4->4
[2024-09-15T09:06:11.152+0530][20.599s] GC(7) Metaspace: 45030K->45030K(1089536K)
[2024-09-15T09:06:11.152+0530][20.599s] GC(7) Pause Young (Normal) (G1 Evacuation Pause) 322M->30M(512M) 8.240ms
[2024-09-15T09:06:11.152+0530][20.599s] GC(7) User=0.02s Sys=0.00s Real=0.01s
[2024-09-15T09:06:12.027+0530][21.469s] GC(8) Pause Young (Normal) (G1 Evacuation Pause)
[2024-09-15T09:06:12.027+0530][21.469s] GC(8) Using 10 workers of 10 for evacuation
[2024-09-15T09:06:12.027+0530][21.479s] GC(8)   Pre Evacuate Collection Set: 0.0ms
[2024-09-15T09:06:12.027+0530][21.479s] GC(8)   Evacuate Collection Set: 8.6ms
[2024-09-15T09:06:12.027+0530][21.479s] GC(8)   Post Evacuate Collection Set: 1.0ms
[2024-09-15T09:06:12.027+0530][21.479s] GC(8)   Other: 0.3ms
[2024-09-15T09:06:12.027+0530][21.479s] GC(8) Eden regions: 292->0(289)
[2024-09-15T09:06:12.027+0530][21.479s] GC(8) Survivor regions: 15->18(39)
[2024-09-15T09:06:12.027+0530][21.479s] GC(8) Old regions: 12->12
[2024-09-15T09:06:12.027+0530][21.479s] GC(8) Humongous regions: 4->4
[2024-09-15T09:06:12.027+0530][21.479s] GC(8) Metaspace: 51186K->51186K(1095680K)
[2024-09-15T09:06:12.027+0530][21.479s] GC(8) Pause Young (Normal) (G1 Evacuation Pause) 322M->32M(512M) 10.378ms
[2024-09-15T09:06:12.027+0530][21.479s] GC(8) User=0.00s Sys=0.00s Real=0.00s
[2024-09-15T09:06:13.325+0530][22.766s] GC(9) Pause Young (Normal) (G1 Evacuation Pause)
[2024-09-15T09:06:13.325+0530][22.766s] GC(9) Using 10 workers of 10 for evacuation
[2024-09-15T09:06:13.325+0530][22.778s] GC(9)   Pre Evacuate Collection Set: 0.0ms
[2024-09-15T09:06:13.325+0530][22.778s] GC(9)   Evacuate Collection Set: 10.7ms
[2024-09-15T09:06:13.325+0530][22.778s] GC(9)   Post Evacuate Collection Set: 1.3ms
[2024-09-15T09:06:13.325+0530][22.778s] GC(9)   Other: 0.3ms
[2024-09-15T09:06:13.325+0530][22.778s] GC(9) Eden regions: 289->0(283)
[2024-09-15T09:06:13.325+0530][22.778s] GC(9) Survivor regions: 18->24(39)
[2024-09-15T09:06:13.325+0530][22.778s] GC(9) Old regions: 12->12
[2024-09-15T09:06:13.325+0530][22.778s] GC(9) Humongous regions: 4->4
[2024-09-15T09:06:13.325+0530][22.778s] GC(9) Metaspace: 57701K->57701K(1101824K)
[2024-09-15T09:06:13.325+0530][22.778s] GC(9) Pause Young (Normal) (G1 Evacuation Pause) 321M->39M(512M) 12.594ms
[2024-09-15T09:06:13.325+0530][22.778s] GC(9) User=0.00s Sys=0.00s Real=0.00s
[2024-09-15T09:06:13.481+0530][22.932s] GC(10) Pause Young (Concurrent Start) (Metadata GC Threshold)
[2024-09-15T09:06:13.481+0530][22.932s] GC(10) Using 10 workers of 10 for evacuation
[2024-09-15T09:06:13.497+0530][22.950s] GC(10)   Pre Evacuate Collection Set: 0.1ms
[2024-09-15T09:06:13.497+0530][22.950s] GC(10)   Evacuate Collection Set: 17.2ms
[2024-09-15T09:06:13.497+0530][22.950s] GC(10)   Post Evacuate Collection Set: 0.7ms
[2024-09-15T09:06:13.497+0530][22.950s] GC(10)   Other: 0.2ms
[2024-09-15T09:06:13.497+0530][22.950s] GC(10) Eden regions: 37->0(288)
[2024-09-15T09:06:13.497+0530][22.950s] GC(10) Survivor regions: 24->19(39)
[2024-09-15T09:06:13.497+0530][22.950s] GC(10) Old regions: 12->19
[2024-09-15T09:06:13.497+0530][22.950s] GC(10) Humongous regions: 4->4
[2024-09-15T09:06:13.497+0530][22.950s] GC(10) Metaspace: 58225K->58225K(1101824K)
[2024-09-15T09:06:13.497+0530][22.950s] GC(10) Pause Young (Concurrent Start) (Metadata GC Threshold) 76M->40M(512M) 18.462ms
[2024-09-15T09:06:13.497+0530][22.950s] GC(10) User=0.02s Sys=0.00s Real=0.02s
[2024-09-15T09:06:13.497+0530][22.950s] GC(11) Concurrent Cycle
[2024-09-15T09:06:13.497+0530][22.950s] GC(11) Concurrent Clear Claimed Marks
[2024-09-15T09:06:13.497+0530][22.950s] GC(11) Concurrent Clear Claimed Marks 0.096ms
[2024-09-15T09:06:13.497+0530][22.950s] GC(11) Concurrent Scan Root Regions
[2024-09-15T09:06:13.512+0530][22.957s] GC(11) Concurrent Scan Root Regions 7.052ms
[2024-09-15T09:06:13.512+0530][22.958s] GC(11) Concurrent Mark (22.958s)
[2024-09-15T09:06:13.512+0530][22.958s] GC(11) Concurrent Mark From Roots
[2024-09-15T09:06:13.512+0530][22.958s] GC(11) Using 3 workers of 3 for marking
[2024-09-15T09:06:13.528+0530][22.977s] GC(11) Concurrent Mark From Roots 19.002ms
[2024-09-15T09:06:13.528+0530][22.977s] GC(11) Concurrent Preclean
[2024-09-15T09:06:13.528+0530][22.977s] GC(11) Concurrent Preclean 0.524ms
[2024-09-15T09:06:13.528+0530][22.977s] GC(11) Concurrent Mark (22.958s, 22.977s) 19.700ms
[2024-09-15T09:06:13.528+0530][22.977s] GC(11) Pause Remark
[2024-09-15T09:06:13.528+0530][22.981s] GC(11) Cleaned string and symbol table, strings: 26153 processed, 0 removed, symbols: 176643 processed, 539 removed
[2024-09-15T09:06:13.528+0530][22.982s] GC(11) Pause Remark 44M->44M(512M) 4.214ms
[2024-09-15T09:06:13.528+0530][22.982s] GC(11) User=0.00s Sys=0.00s Real=0.00s
[2024-09-15T09:06:13.528+0530][22.982s] GC(11) Concurrent Rebuild Remembered Sets
[2024-09-15T09:06:13.543+0530][22.992s] GC(11) Concurrent Rebuild Remembered Sets 10.412ms
[2024-09-15T09:06:13.543+0530][22.992s] GC(11) Pause Cleanup
[2024-09-15T09:06:13.543+0530][22.993s] GC(11) Pause Cleanup 45M->45M(512M) 0.162ms
[2024-09-15T09:06:13.543+0530][22.993s] GC(11) User=0.00s Sys=0.00s Real=0.00s
[2024-09-15T09:06:13.543+0530][22.993s] GC(11) Concurrent Cleanup for Next Mark
[2024-09-15T09:06:13.543+0530][22.993s] GC(11) Concurrent Cleanup for Next Mark 0.559ms
[2024-09-15T09:06:13.543+0530][22.993s] GC(11) Concurrent Cycle 43.231ms
