[2024-05-30T20:59:03.435+0530][0.020s] Heap region size: 1M
[2024-05-30T20:59:03.671+0530][0.251s] Using G1
[2024-05-30T20:59:03.671+0530][0.251s] Heap address: 0x00000000e0000000, size: 512 MB, Compressed Oops mode: 32-bit
[2024-05-30T20:59:04.500+0530][1.080s] GC(0) Pause Young (Normal) (G1 Evacuation Pause)
[2024-05-30T20:59:04.501+0530][1.081s] GC(0) Using 10 workers of 10 for evacuation
[2024-05-30T20:59:04.503+0530][1.083s] GC(0)   Pre Evacuate Collection Set: 0.0ms
[2024-05-30T20:59:04.503+0530][1.084s] GC(0)   Evacuate Collection Set: 1.9ms
[2024-05-30T20:59:04.503+0530][1.084s] GC(0)   Post Evacuate Collection Set: 0.4ms
[2024-05-30T20:59:04.503+0530][1.084s] GC(0)   Other: 1.5ms
[2024-05-30T20:59:04.503+0530][1.084s] GC(0) Eden regions: 30->0(304)
[2024-05-30T20:59:04.504+0530][1.084s] GC(0) Survivor regions: 0->3(4)
[2024-05-30T20:59:04.504+0530][1.084s] GC(0) Old regions: 0->0
[2024-05-30T20:59:04.504+0530][1.084s] GC(0) Humongous regions: 0->0
[2024-05-30T20:59:04.504+0530][1.084s] GC(0) Metaspace: 12137K->12137K(1060864K)
[2024-05-30T20:59:04.504+0530][1.084s] GC(0) Pause Young (Normal) (G1 Evacuation Pause) 30M->2M(512M) 4.242ms
[2024-05-30T20:59:04.504+0530][1.084s] GC(0) User=0.17s Sys=0.00s Real=0.00s
[2024-05-30T20:59:04.978+0530][1.558s] GC(1) Pause Young (Concurrent Start) (Metadata GC Threshold)
[2024-05-30T20:59:04.978+0530][1.558s] GC(1) Using 10 workers of 10 for evacuation
[2024-05-30T20:59:04.986+0530][1.566s] GC(1)   Pre Evacuate Collection Set: 0.0ms
[2024-05-30T20:59:04.986+0530][1.566s] GC(1)   Evacuate Collection Set: 7.3ms
[2024-05-30T20:59:04.986+0530][1.566s] GC(1)   Post Evacuate Collection Set: 0.6ms
[2024-05-30T20:59:04.986+0530][1.566s] GC(1)   Other: 0.2ms
[2024-05-30T20:59:04.986+0530][1.566s] GC(1) Eden regions: 69->0(86)
[2024-05-30T20:59:04.986+0530][1.566s] GC(1) Survivor regions: 3->12(39)
[2024-05-30T20:59:04.987+0530][1.566s] GC(1) Old regions: 0->0
[2024-05-30T20:59:04.987+0530][1.566s] GC(1) Humongous regions: 4->4
[2024-05-30T20:59:04.987+0530][1.566s] GC(1) Metaspace: 20525K->20525K(1069056K)
[2024-05-30T20:59:04.987+0530][1.566s] GC(1) Pause Young (Concurrent Start) (Metadata GC Threshold) 75M->15M(512M) 8.322ms
[2024-05-30T20:59:04.987+0530][1.567s] GC(1) User=0.00s Sys=0.00s Real=0.01s
[2024-05-30T20:59:04.987+0530][1.567s] GC(2) Concurrent Cycle
[2024-05-30T20:59:04.987+0530][1.567s] GC(2) Concurrent Clear Claimed Marks
[2024-05-30T20:59:04.987+0530][1.567s] GC(2) Concurrent Clear Claimed Marks 0.023ms
[2024-05-30T20:59:04.987+0530][1.567s] GC(2) Concurrent Scan Root Regions
[2024-05-30T20:59:04.989+0530][1.569s] GC(2) Concurrent Scan Root Regions 2.661ms
[2024-05-30T20:59:04.989+0530][1.569s] GC(2) Concurrent Mark (1.569s)
[2024-05-30T20:59:04.989+0530][1.569s] GC(2) Concurrent Mark From Roots
[2024-05-30T20:59:04.989+0530][1.569s] GC(2) Using 3 workers of 3 for marking
[2024-05-30T20:59:04.990+0530][1.570s] GC(2) Concurrent Mark From Roots 0.660ms
[2024-05-30T20:59:04.990+0530][1.570s] GC(2) Concurrent Preclean
[2024-05-30T20:59:04.990+0530][1.570s] GC(2) Concurrent Preclean 0.222ms
[2024-05-30T20:59:04.990+0530][1.570s] GC(2) Concurrent Mark (1.569s, 1.570s) 0.939ms
[2024-05-30T20:59:04.991+0530][1.570s] GC(2) Pause Remark
[2024-05-30T20:59:04.992+0530][1.571s] GC(2) Cleaned string and symbol table, strings: 9343 processed, 0 removed, symbols: 65931 processed, 15 removed
[2024-05-30T20:59:04.992+0530][1.572s] GC(2) Pause Remark 16M->16M(512M) 1.188ms
[2024-05-30T20:59:04.992+0530][1.572s] GC(2) User=0.00s Sys=0.00s Real=0.00s
[2024-05-30T20:59:04.992+0530][1.572s] GC(2) Concurrent Rebuild Remembered Sets
[2024-05-30T20:59:04.993+0530][1.573s] GC(2) Concurrent Rebuild Remembered Sets 1.115ms
[2024-05-30T20:59:04.993+0530][1.573s] GC(2) Pause Cleanup
[2024-05-30T20:59:04.993+0530][1.573s] GC(2) Pause Cleanup 16M->16M(512M) 0.159ms
[2024-05-30T20:59:04.993+0530][1.573s] GC(2) User=0.00s Sys=0.00s Real=0.00s
[2024-05-30T20:59:04.993+0530][1.573s] GC(2) Concurrent Cleanup for Next Mark
[2024-05-30T20:59:04.994+0530][1.574s] GC(2) Concurrent Cleanup for Next Mark 0.252ms
[2024-05-30T20:59:04.994+0530][1.574s] GC(2) Concurrent Cycle 7.070ms
[2024-05-30T20:59:05.516+0530][2.096s] GC(3) Pause Young (Normal) (G1 Evacuation Pause)
[2024-05-30T20:59:05.516+0530][2.096s] GC(3) Using 10 workers of 10 for evacuation
[2024-05-30T20:59:05.523+0530][2.103s] GC(3)   Pre Evacuate Collection Set: 0.0ms
[2024-05-30T20:59:05.523+0530][2.103s] GC(3)   Evacuate Collection Set: 6.0ms
[2024-05-30T20:59:05.523+0530][2.103s] GC(3)   Post Evacuate Collection Set: 0.6ms
[2024-05-30T20:59:05.523+0530][2.103s] GC(3)   Other: 0.1ms
[2024-05-30T20:59:05.523+0530][2.103s] GC(3) Eden regions: 73->0(102)
[2024-05-30T20:59:05.523+0530][2.103s] GC(3) Survivor regions: 12->4(11)
[2024-05-30T20:59:05.523+0530][2.103s] GC(3) Old regions: 0->12
[2024-05-30T20:59:05.523+0530][2.103s] GC(3) Humongous regions: 4->4
[2024-05-30T20:59:05.523+0530][2.103s] GC(3) Metaspace: 27931K->27931K(1075200K)
[2024-05-30T20:59:05.523+0530][2.103s] GC(3) Pause Young (Normal) (G1 Evacuation Pause) 88M->19M(512M) 6.993ms
[2024-05-30T20:59:05.523+0530][2.103s] GC(3) User=0.16s Sys=0.02s Real=0.01s
[2024-05-30T20:59:05.857+0530][2.437s] GC(4) Pause Young (Normal) (G1 Evacuation Pause)
[2024-05-30T20:59:05.857+0530][2.437s] GC(4) Using 10 workers of 10 for evacuation
[2024-05-30T20:59:05.859+0530][2.439s] GC(4)   Pre Evacuate Collection Set: 0.0ms
[2024-05-30T20:59:05.859+0530][2.439s] GC(4)   Evacuate Collection Set: 1.6ms
[2024-05-30T20:59:05.859+0530][2.439s] GC(4)   Post Evacuate Collection Set: 0.4ms
[2024-05-30T20:59:05.859+0530][2.439s] GC(4)   Other: 0.1ms
[2024-05-30T20:59:05.859+0530][2.440s] GC(4) Eden regions: 102->0(141)
[2024-05-30T20:59:05.859+0530][2.440s] GC(4) Survivor regions: 4->8(14)
[2024-05-30T20:59:05.859+0530][2.440s] GC(4) Old regions: 12->12
[2024-05-30T20:59:05.859+0530][2.440s] GC(4) Humongous regions: 4->4
[2024-05-30T20:59:05.859+0530][2.440s] GC(4) Metaspace: 28085K->28085K(1075200K)
[2024-05-30T20:59:05.859+0530][2.440s] GC(4) Pause Young (Normal) (G1 Evacuation Pause) 121M->23M(512M) 2.348ms
[2024-05-30T20:59:05.859+0530][2.440s] GC(4) User=0.00s Sys=0.00s Real=0.00s
[2024-05-30T20:59:06.539+0530][3.119s] GC(5) Pause Young (Normal) (G1 Evacuation Pause)
[2024-05-30T20:59:06.539+0530][3.119s] GC(5) Using 10 workers of 10 for evacuation
[2024-05-30T20:59:06.542+0530][3.122s] GC(5)   Pre Evacuate Collection Set: 0.0ms
[2024-05-30T20:59:06.542+0530][3.122s] GC(5)   Evacuate Collection Set: 2.4ms
[2024-05-30T20:59:06.542+0530][3.122s] GC(5)   Post Evacuate Collection Set: 0.4ms
[2024-05-30T20:59:06.542+0530][3.122s] GC(5)   Other: 0.2ms
[2024-05-30T20:59:06.542+0530][3.122s] GC(5) Eden regions: 141->0(298)
[2024-05-30T20:59:06.542+0530][3.122s] GC(5) Survivor regions: 8->9(19)
[2024-05-30T20:59:06.542+0530][3.122s] GC(5) Old regions: 12->12
[2024-05-30T20:59:06.542+0530][3.122s] GC(5) Humongous regions: 4->4
[2024-05-30T20:59:06.542+0530][3.122s] GC(5) Metaspace: 32184K->32184K(1079296K)
[2024-05-30T20:59:06.542+0530][3.122s] GC(5) Pause Young (Normal) (G1 Evacuation Pause) 164M->24M(512M) 3.136ms
[2024-05-30T20:59:06.542+0530][3.122s] GC(5) User=0.00s Sys=0.00s Real=0.00s
[2024-05-30T20:59:06.735+0530][3.316s] GC(6) Pause Young (Concurrent Start) (Metadata GC Threshold)
[2024-05-30T20:59:06.735+0530][3.316s] GC(6) Using 10 workers of 10 for evacuation
[2024-05-30T20:59:06.735+0530][3.321s] GC(6)   Pre Evacuate Collection Set: 0.0ms
[2024-05-30T20:59:06.735+0530][3.321s] GC(6)   Evacuate Collection Set: 4.0ms
[2024-05-30T20:59:06.735+0530][3.321s] GC(6)   Post Evacuate Collection Set: 0.3ms
[2024-05-30T20:59:06.735+0530][3.321s] GC(6)   Other: 0.2ms
[2024-05-30T20:59:06.735+0530][3.321s] GC(6) Eden regions: 53->0(234)
[2024-05-30T20:59:06.735+0530][3.321s] GC(6) Survivor regions: 9->9(39)
[2024-05-30T20:59:06.735+0530][3.321s] GC(6) Old regions: 12->12
[2024-05-30T20:59:06.735+0530][3.321s] GC(6) Humongous regions: 4->4
[2024-05-30T20:59:06.735+0530][3.321s] GC(6) Metaspace: 34661K->34661K(1081344K)
[2024-05-30T20:59:06.735+0530][3.321s] GC(6) Pause Young (Concurrent Start) (Metadata GC Threshold) 77M->24M(512M) 4.703ms
[2024-05-30T20:59:06.735+0530][3.321s] GC(6) User=0.00s Sys=0.00s Real=0.00s
[2024-05-30T20:59:06.735+0530][3.321s] GC(7) Concurrent Cycle
[2024-05-30T20:59:06.735+0530][3.321s] GC(7) Concurrent Clear Claimed Marks
[2024-05-30T20:59:06.735+0530][3.321s] GC(7) Concurrent Clear Claimed Marks 0.029ms
[2024-05-30T20:59:06.735+0530][3.321s] GC(7) Concurrent Scan Root Regions
[2024-05-30T20:59:06.735+0530][3.323s] GC(7) Concurrent Scan Root Regions 1.704ms
[2024-05-30T20:59:06.735+0530][3.323s] GC(7) Concurrent Mark (3.323s)
[2024-05-30T20:59:06.735+0530][3.323s] GC(7) Concurrent Mark From Roots
[2024-05-30T20:59:06.735+0530][3.323s] GC(7) Using 3 workers of 3 for marking
[2024-05-30T20:59:06.750+0530][3.330s] GC(7) Concurrent Mark From Roots 7.491ms
[2024-05-30T20:59:06.750+0530][3.330s] GC(7) Concurrent Preclean
[2024-05-30T20:59:06.751+0530][3.331s] GC(7) Concurrent Preclean 0.364ms
[2024-05-30T20:59:06.751+0530][3.331s] GC(7) Concurrent Mark (3.323s, 3.331s) 8.178ms
[2024-05-30T20:59:06.751+0530][3.331s] GC(7) Pause Remark
[2024-05-30T20:59:06.754+0530][3.334s] GC(7) Cleaned string and symbol table, strings: 14837 processed, 16 removed, symbols: 111617 processed, 57 removed
[2024-05-30T20:59:06.754+0530][3.335s] GC(7) Pause Remark 27M->27M(512M) 3.610ms
[2024-05-30T20:59:06.755+0530][3.335s] GC(7) User=0.16s Sys=0.00s Real=0.00s
[2024-05-30T20:59:06.755+0530][3.335s] GC(7) Concurrent Rebuild Remembered Sets
[2024-05-30T20:59:06.758+0530][3.339s] GC(7) Concurrent Rebuild Remembered Sets 4.034ms
[2024-05-30T20:59:06.758+0530][3.339s] GC(7) Pause Cleanup
[2024-05-30T20:59:06.759+0530][3.339s] GC(7) Pause Cleanup 28M->28M(512M) 0.118ms
[2024-05-30T20:59:06.759+0530][3.339s] GC(7) User=0.00s Sys=0.00s Real=0.00s
[2024-05-30T20:59:06.759+0530][3.339s] GC(7) Concurrent Cleanup for Next Mark
[2024-05-30T20:59:06.759+0530][3.339s] GC(7) Concurrent Cleanup for Next Mark 0.389ms
[2024-05-30T20:59:06.759+0530][3.340s] GC(7) Concurrent Cycle 18.681ms
[2024-05-30T20:59:07.619+0530][4.200s] GC(8) Pause Young (Normal) (G1 Evacuation Pause)
[2024-05-30T20:59:07.619+0530][4.200s] GC(8) Using 10 workers of 10 for evacuation
[2024-05-30T20:59:07.625+0530][4.206s] GC(8)   Pre Evacuate Collection Set: 0.0ms
[2024-05-30T20:59:07.625+0530][4.206s] GC(8)   Evacuate Collection Set: 5.2ms
[2024-05-30T20:59:07.625+0530][4.206s] GC(8)   Post Evacuate Collection Set: 0.7ms
[2024-05-30T20:59:07.625+0530][4.206s] GC(8)   Other: 0.2ms
[2024-05-30T20:59:07.625+0530][4.206s] GC(8) Eden regions: 246->0(287)
[2024-05-30T20:59:07.625+0530][4.206s] GC(8) Survivor regions: 9->14(32)
[2024-05-30T20:59:07.625+0530][4.206s] GC(8) Old regions: 12->12
[2024-05-30T20:59:07.625+0530][4.206s] GC(8) Humongous regions: 4->4
[2024-05-30T20:59:07.625+0530][4.206s] GC(8) Metaspace: 43699K->43699K(1089536K)
[2024-05-30T20:59:07.625+0530][4.206s] GC(8) Pause Young (Normal) (G1 Evacuation Pause) 270M->29M(512M) 6.293ms
[2024-05-30T20:59:07.625+0530][4.206s] GC(8) User=0.00s Sys=0.00s Real=0.01s
[2024-05-30T20:59:08.118+0530][4.698s] GC(9) Pause Young (Normal) (G1 Evacuation Pause)
[2024-05-30T20:59:08.118+0530][4.699s] GC(9) Using 10 workers of 10 for evacuation
[2024-05-30T20:59:08.124+0530][4.705s] GC(9)   Pre Evacuate Collection Set: 0.0ms
[2024-05-30T20:59:08.125+0530][4.705s] GC(9)   Evacuate Collection Set: 5.7ms
[2024-05-30T20:59:08.125+0530][4.705s] GC(9)   Post Evacuate Collection Set: 0.6ms
[2024-05-30T20:59:08.125+0530][4.705s] GC(9)   Other: 0.2ms
[2024-05-30T20:59:08.125+0530][4.705s] GC(9) Eden regions: 287->0(290)
[2024-05-30T20:59:08.125+0530][4.705s] GC(9) Survivor regions: 14->17(38)
[2024-05-30T20:59:08.125+0530][4.705s] GC(9) Old regions: 12->12
[2024-05-30T20:59:08.125+0530][4.705s] GC(9) Humongous regions: 4->4
[2024-05-30T20:59:08.125+0530][4.705s] GC(9) Metaspace: 49772K->49772K(1093632K)
[2024-05-30T20:59:08.125+0530][4.705s] GC(9) Pause Young (Normal) (G1 Evacuation Pause) 316M->32M(512M) 6.735ms
[2024-05-30T20:59:08.125+0530][4.705s] GC(9) User=0.00s Sys=0.00s Real=0.01s
[2024-05-30T20:59:08.729+0530][5.309s] GC(10) Pause Young (Normal) (G1 Evacuation Pause)
[2024-05-30T20:59:08.729+0530][5.309s] GC(10) Using 10 workers of 10 for evacuation
[2024-05-30T20:59:08.738+0530][5.318s] GC(10)   Pre Evacuate Collection Set: 0.0ms
[2024-05-30T20:59:08.738+0530][5.318s] GC(10)   Evacuate Collection Set: 7.6ms
[2024-05-30T20:59:08.738+0530][5.318s] GC(10)   Post Evacuate Collection Set: 1.2ms
[2024-05-30T20:59:08.738+0530][5.318s] GC(10)   Other: 0.2ms
[2024-05-30T20:59:08.738+0530][5.318s] GC(10) Eden regions: 290->0(285)
[2024-05-30T20:59:08.738+0530][5.318s] GC(10) Survivor regions: 17->22(39)
[2024-05-30T20:59:08.738+0530][5.318s] GC(10) Old regions: 12->12
[2024-05-30T20:59:08.738+0530][5.318s] GC(10) Humongous regions: 4->4
[2024-05-30T20:59:08.738+0530][5.318s] GC(10) Metaspace: 57807K->57807K(1101824K)
[2024-05-30T20:59:08.738+0530][5.319s] GC(10) Pause Young (Normal) (G1 Evacuation Pause) 322M->37M(512M) 9.226ms
[2024-05-30T20:59:08.738+0530][5.319s] GC(10) User=0.19s Sys=0.00s Real=0.01s
[2024-05-30T20:59:08.775+0530][5.355s] GC(11) Pause Young (Concurrent Start) (Metadata GC Threshold)
[2024-05-30T20:59:08.775+0530][5.355s] GC(11) Using 10 workers of 10 for evacuation
[2024-05-30T20:59:08.788+0530][5.368s] GC(11)   Pre Evacuate Collection Set: 0.1ms
[2024-05-30T20:59:08.788+0530][5.368s] GC(11)   Evacuate Collection Set: 12.1ms
[2024-05-30T20:59:08.788+0530][5.368s] GC(11)   Post Evacuate Collection Set: 0.6ms
[2024-05-30T20:59:08.788+0530][5.368s] GC(11)   Other: 0.2ms
[2024-05-30T20:59:08.788+0530][5.368s] GC(11) Eden regions: 26->0(288)
[2024-05-30T20:59:08.788+0530][5.368s] GC(11) Survivor regions: 22->19(39)
[2024-05-30T20:59:08.788+0530][5.368s] GC(11) Old regions: 12->15
[2024-05-30T20:59:08.788+0530][5.368s] GC(11) Humongous regions: 4->4
[2024-05-30T20:59:08.788+0530][5.368s] GC(11) Metaspace: 58177K->58177K(1101824K)
[2024-05-30T20:59:08.788+0530][5.368s] GC(11) Pause Young (Concurrent Start) (Metadata GC Threshold) 62M->37M(512M) 13.153ms
[2024-05-30T20:59:08.788+0530][5.368s] GC(11) User=0.03s Sys=0.00s Real=0.01s
[2024-05-30T20:59:08.788+0530][5.368s] GC(12) Concurrent Cycle
[2024-05-30T20:59:08.788+0530][5.368s] GC(12) Concurrent Clear Claimed Marks
[2024-05-30T20:59:08.788+0530][5.368s] GC(12) Concurrent Clear Claimed Marks 0.089ms
[2024-05-30T20:59:08.788+0530][5.368s] GC(12) Concurrent Scan Root Regions
[2024-05-30T20:59:08.792+0530][5.372s] GC(12) Concurrent Scan Root Regions 3.901ms
[2024-05-30T20:59:08.792+0530][5.372s] GC(12) Concurrent Mark (5.372s)
[2024-05-30T20:59:08.792+0530][5.372s] GC(12) Concurrent Mark From Roots
[2024-05-30T20:59:08.792+0530][5.372s] GC(12) Using 3 workers of 3 for marking
[2024-05-30T20:59:08.805+0530][5.385s] GC(12) Concurrent Mark From Roots 12.838ms
[2024-05-30T20:59:08.805+0530][5.385s] GC(12) Concurrent Preclean
[2024-05-30T20:59:08.805+0530][5.385s] GC(12) Concurrent Preclean 0.421ms
[2024-05-30T20:59:08.805+0530][5.385s] GC(12) Concurrent Mark (5.372s, 5.385s) 13.378ms
[2024-05-30T20:59:08.808+0530][5.388s] GC(12) Pause Remark
[2024-05-30T20:59:08.811+0530][5.391s] GC(12) Cleaned string and symbol table, strings: 25271 processed, 0 removed, symbols: 174888 processed, 273 removed
[2024-05-30T20:59:08.811+0530][5.392s] GC(12) Pause Remark 38M->38M(512M) 3.327ms
[2024-05-30T20:59:08.812+0530][5.392s] GC(12) User=0.00s Sys=0.00s Real=0.00s
[2024-05-30T20:59:08.812+0530][5.392s] GC(12) Concurrent Rebuild Remembered Sets
[2024-05-30T20:59:08.818+0530][5.398s] GC(12) Concurrent Rebuild Remembered Sets 6.688ms
[2024-05-30T20:59:08.818+0530][5.399s] GC(12) Pause Cleanup
[2024-05-30T20:59:08.819+0530][5.399s] GC(12) Pause Cleanup 39M->39M(512M) 0.110ms
[2024-05-30T20:59:08.819+0530][5.399s] GC(12) User=0.00s Sys=0.00s Real=0.00s
[2024-05-30T20:59:08.819+0530][5.399s] GC(12) Concurrent Cleanup for Next Mark
[2024-05-30T20:59:08.819+0530][5.399s] GC(12) Concurrent Cleanup for Next Mark 0.292ms
[2024-05-30T20:59:08.819+0530][5.399s] GC(12) Concurrent Cycle 31.203ms
[2024-05-30T21:00:04.958+0530][61.538s] GC(13) Pause Young (Normal) (G1 Evacuation Pause)
[2024-05-30T21:00:04.958+0530][61.538s] GC(13) Using 10 workers of 10 for evacuation
[2024-05-30T21:00:04.967+0530][61.548s] GC(13)   Pre Evacuate Collection Set: 0.0ms
[2024-05-30T21:00:04.967+0530][61.548s] GC(13)   Evacuate Collection Set: 8.3ms
[2024-05-30T21:00:04.967+0530][61.548s] GC(13)   Post Evacuate Collection Set: 1.1ms
[2024-05-30T21:00:04.967+0530][61.548s] GC(13)   Other: 0.2ms
[2024-05-30T21:00:04.967+0530][61.548s] GC(13) Eden regions: 288->0(280)
[2024-05-30T21:00:04.967+0530][61.548s] GC(13) Survivor regions: 19->27(39)
[2024-05-30T21:00:04.967+0530][61.548s] GC(13) Old regions: 15->15
[2024-05-30T21:00:04.967+0530][61.548s] GC(13) Humongous regions: 4->4
[2024-05-30T21:00:04.967+0530][61.548s] GC(13) Metaspace: 63966K->63966K(1107968K)
[2024-05-30T21:00:04.967+0530][61.548s] GC(13) Pause Young (Normal) (G1 Evacuation Pause) 325M->45M(512M) 9.772ms
[2024-05-30T21:00:04.967+0530][61.548s] GC(13) User=0.00s Sys=0.00s Real=0.01s
[2024-06-03T18:47:47.987+0530][337758.709s] Heap
[2024-06-03T18:47:47.987+0530][337758.709s]  garbage-first heap   total 524288K, used 327186K [0x00000000e0000000, 0x0000000100000000)
[2024-06-03T18:47:47.988+0530][337758.709s]   region size 1024K, 297 young (304128K), 27 survivors (27648K)
[2024-06-03T18:47:47.988+0530][337758.709s]  Metaspace       used 71026K, capacity 73518K, committed 73856K, reserved 1114112K
[2024-06-03T18:47:47.988+0530][337758.709s]   class space    used 8488K, capacity 9503K, committed 9600K, reserved 1048576K
