[2024-06-13T12:55:13.596+0530][0.027s] Heap region size: 1M
[2024-06-13T12:55:13.940+0530][0.371s] Using G1
[2024-06-13T12:55:13.940+0530][0.371s] Heap address: 0x00000000e0000000, size: 512 MB, Compressed Oops mode: 32-bit
[2024-06-13T12:55:15.378+0530][1.814s] GC(0) Pause Young (Normal) (G1 Evacuation Pause)
[2024-06-13T12:55:15.378+0530][1.814s] GC(0) Using 10 workers of 10 for evacuation
[2024-06-13T12:55:15.393+0530][1.822s] GC(0)   Pre Evacuate Collection Set: 0.0ms
[2024-06-13T12:55:15.393+0530][1.822s] GC(0)   Evacuate Collection Set: 6.5ms
[2024-06-13T12:55:15.393+0530][1.822s] GC(0)   Post Evacuate Collection Set: 1.2ms
[2024-06-13T12:55:15.393+0530][1.823s] GC(0)   Other: 0.9ms
[2024-06-13T12:55:15.393+0530][1.823s] GC(0) Eden regions: 30->0(303)
[2024-06-13T12:55:15.393+0530][1.823s] GC(0) Survivor regions: 0->4(4)
[2024-06-13T12:55:15.393+0530][1.823s] GC(0) Old regions: 0->0
[2024-06-13T12:55:15.393+0530][1.823s] GC(0) Humongous regions: 0->0
[2024-06-13T12:55:15.393+0530][1.823s] GC(0) Metaspace: 12631K->12631K(1060864K)
[2024-06-13T12:55:15.393+0530][1.823s] GC(0) Pause Young (Normal) (G1 Evacuation Pause) 30M->3M(512M) 9.624ms
[2024-06-13T12:55:15.393+0530][1.823s] GC(0) User=0.00s Sys=0.00s Real=0.01s
[2024-06-13T12:55:16.363+0530][2.787s] GC(1) Pause Young (Concurrent Start) (Metadata GC Threshold)
[2024-06-13T12:55:16.363+0530][2.787s] GC(1) Using 10 workers of 10 for evacuation
[2024-06-13T12:55:16.378+0530][2.804s] GC(1)   Pre Evacuate Collection Set: 0.0ms
[2024-06-13T12:55:16.378+0530][2.804s] GC(1)   Evacuate Collection Set: 16.2ms
[2024-06-13T12:55:16.378+0530][2.805s] GC(1)   Post Evacuate Collection Set: 0.9ms
[2024-06-13T12:55:16.378+0530][2.805s] GC(1)   Other: 0.3ms
[2024-06-13T12:55:16.378+0530][2.805s] GC(1) Eden regions: 34->0(196)
[2024-06-13T12:55:16.378+0530][2.805s] GC(1) Survivor regions: 4->12(39)
[2024-06-13T12:55:16.378+0530][2.805s] GC(1) Old regions: 0->0
[2024-06-13T12:55:16.378+0530][2.805s] GC(1) Humongous regions: 4->4
[2024-06-13T12:55:16.378+0530][2.805s] GC(1) Metaspace: 20538K->20538K(1069056K)
[2024-06-13T12:55:16.378+0530][2.805s] GC(1) Pause Young (Concurrent Start) (Metadata GC Threshold) 40M->15M(512M) 17.644ms
[2024-06-13T12:55:16.378+0530][2.805s] GC(1) User=0.02s Sys=0.00s Real=0.02s
[2024-06-13T12:55:16.378+0530][2.805s] GC(2) Concurrent Cycle
[2024-06-13T12:55:16.378+0530][2.805s] GC(2) Concurrent Clear Claimed Marks
[2024-06-13T12:55:16.378+0530][2.805s] GC(2) Concurrent Clear Claimed Marks 0.056ms
[2024-06-13T12:55:16.378+0530][2.805s] GC(2) Concurrent Scan Root Regions
[2024-06-13T12:55:16.378+0530][2.809s] GC(2) Concurrent Scan Root Regions 4.203ms
[2024-06-13T12:55:16.378+0530][2.809s] GC(2) Concurrent Mark (2.809s)
[2024-06-13T12:55:16.378+0530][2.809s] GC(2) Concurrent Mark From Roots
[2024-06-13T12:55:16.378+0530][2.809s] GC(2) Using 3 workers of 3 for marking
[2024-06-13T12:55:16.378+0530][2.811s] GC(2) Concurrent Mark From Roots 1.359ms
[2024-06-13T12:55:16.378+0530][2.811s] GC(2) Concurrent Preclean
[2024-06-13T12:55:16.378+0530][2.811s] GC(2) Concurrent Preclean 0.183ms
[2024-06-13T12:55:16.378+0530][2.811s] GC(2) Concurrent Mark (2.809s, 2.811s) 1.649ms
[2024-06-13T12:55:16.378+0530][2.811s] GC(2) Pause Remark
[2024-06-13T12:55:16.378+0530][2.813s] GC(2) Cleaned string and symbol table, strings: 9379 processed, 0 removed, symbols: 66002 processed, 15 removed
[2024-06-13T12:55:16.378+0530][2.813s] GC(2) Pause Remark 16M->16M(512M) 2.188ms
[2024-06-13T12:55:16.378+0530][2.813s] GC(2) User=0.00s Sys=0.00s Real=0.00s
[2024-06-13T12:55:16.378+0530][2.813s] GC(2) Concurrent Rebuild Remembered Sets
[2024-06-13T12:55:16.394+0530][2.817s] GC(2) Concurrent Rebuild Remembered Sets 3.159ms
[2024-06-13T12:55:16.394+0530][2.817s] GC(2) Pause Cleanup
[2024-06-13T12:55:16.394+0530][2.817s] GC(2) Pause Cleanup 16M->16M(512M) 0.208ms
[2024-06-13T12:55:16.394+0530][2.817s] GC(2) User=0.00s Sys=0.00s Real=0.00s
[2024-06-13T12:55:16.394+0530][2.817s] GC(2) Concurrent Cleanup for Next Mark
[2024-06-13T12:55:16.394+0530][2.818s] GC(2) Concurrent Cleanup for Next Mark 0.499ms
[2024-06-13T12:55:16.394+0530][2.818s] GC(2) Concurrent Cycle 12.922ms
[2024-06-13T12:55:18.418+0530][4.848s] GC(3) Pause Young (Normal) (G1 Evacuation Pause)
[2024-06-13T12:55:18.418+0530][4.848s] GC(3) Using 10 workers of 10 for evacuation
[2024-06-13T12:55:18.434+0530][4.862s] GC(3)   Pre Evacuate Collection Set: 0.0ms
[2024-06-13T12:55:18.434+0530][4.862s] GC(3)   Evacuate Collection Set: 12.3ms
[2024-06-13T12:55:18.434+0530][4.862s] GC(3)   Post Evacuate Collection Set: 1.3ms
[2024-06-13T12:55:18.434+0530][4.862s] GC(3)   Other: 0.3ms
[2024-06-13T12:55:18.434+0530][4.862s] GC(3) Eden regions: 102->0(126)
[2024-06-13T12:55:18.434+0530][4.862s] GC(3) Survivor regions: 12->6(15)
[2024-06-13T12:55:18.434+0530][4.862s] GC(3) Old regions: 0->12
[2024-06-13T12:55:18.434+0530][4.862s] GC(3) Humongous regions: 4->4
[2024-06-13T12:55:18.434+0530][4.862s] GC(3) Metaspace: 28077K->28077K(1075200K)
[2024-06-13T12:55:18.434+0530][4.862s] GC(3) Pause Young (Normal) (G1 Evacuation Pause) 117M->21M(512M) 14.232ms
[2024-06-13T12:55:18.434+0530][4.862s] GC(3) User=0.08s Sys=0.00s Real=0.02s
[2024-06-13T12:55:20.655+0530][7.091s] GC(4) Pause Young (Normal) (G1 Evacuation Pause)
[2024-06-13T12:55:20.655+0530][7.091s] GC(4) Using 10 workers of 10 for evacuation
[2024-06-13T12:55:20.670+0530][7.095s] GC(4)   Pre Evacuate Collection Set: 0.0ms
[2024-06-13T12:55:20.670+0530][7.095s] GC(4)   Evacuate Collection Set: 3.7ms
[2024-06-13T12:55:20.670+0530][7.095s] GC(4)   Post Evacuate Collection Set: 0.7ms
[2024-06-13T12:55:20.670+0530][7.095s] GC(4)   Other: 0.2ms
[2024-06-13T12:55:20.670+0530][7.095s] GC(4) Eden regions: 126->0(173)
[2024-06-13T12:55:20.670+0530][7.095s] GC(4) Survivor regions: 6->9(17)
[2024-06-13T12:55:20.670+0530][7.096s] GC(4) Old regions: 12->12
[2024-06-13T12:55:20.670+0530][7.096s] GC(4) Humongous regions: 4->4
[2024-06-13T12:55:20.670+0530][7.096s] GC(4) Metaspace: 31722K->31722K(1079296K)
[2024-06-13T12:55:20.670+0530][7.096s] GC(4) Pause Young (Normal) (G1 Evacuation Pause) 147M->23M(512M) 4.820ms
[2024-06-13T12:55:20.670+0530][7.096s] GC(4) User=0.00s Sys=0.00s Real=0.02s
[2024-06-13T12:55:21.674+0530][8.102s] GC(5) Pause Young (Concurrent Start) (Metadata GC Threshold)
[2024-06-13T12:55:21.674+0530][8.102s] GC(5) Using 10 workers of 10 for evacuation
[2024-06-13T12:55:21.674+0530][8.109s] GC(5)   Pre Evacuate Collection Set: 0.1ms
[2024-06-13T12:55:21.674+0530][8.109s] GC(5)   Evacuate Collection Set: 6.1ms
[2024-06-13T12:55:21.674+0530][8.109s] GC(5)   Post Evacuate Collection Set: 0.6ms
[2024-06-13T12:55:21.674+0530][8.109s] GC(5)   Other: 0.3ms
[2024-06-13T12:55:21.674+0530][8.109s] GC(5) Eden regions: 32->0(220)
[2024-06-13T12:55:21.674+0530][8.109s] GC(5) Survivor regions: 9->9(23)
[2024-06-13T12:55:21.674+0530][8.109s] GC(5) Old regions: 12->12
[2024-06-13T12:55:21.674+0530][8.109s] GC(5) Humongous regions: 4->4
[2024-06-13T12:55:21.674+0530][8.109s] GC(5) Metaspace: 34675K->34675K(1081344K)
[2024-06-13T12:55:21.674+0530][8.109s] GC(5) Pause Young (Concurrent Start) (Metadata GC Threshold) 55M->23M(512M) 7.295ms
[2024-06-13T12:55:21.674+0530][8.109s] GC(5) User=0.00s Sys=0.00s Real=0.00s
[2024-06-13T12:55:21.674+0530][8.109s] GC(6) Concurrent Cycle
[2024-06-13T12:55:21.674+0530][8.109s] GC(6) Concurrent Clear Claimed Marks
[2024-06-13T12:55:21.674+0530][8.109s] GC(6) Concurrent Clear Claimed Marks 0.075ms
[2024-06-13T12:55:21.674+0530][8.109s] GC(6) Concurrent Scan Root Regions
[2024-06-13T12:55:21.690+0530][8.112s] GC(6) Concurrent Scan Root Regions 2.781ms
[2024-06-13T12:55:21.690+0530][8.112s] GC(6) Concurrent Mark (8.112s)
[2024-06-13T12:55:21.690+0530][8.112s] GC(6) Concurrent Mark From Roots
[2024-06-13T12:55:21.690+0530][8.112s] GC(6) Using 3 workers of 3 for marking
[2024-06-13T12:55:21.706+0530][8.131s] GC(6) Concurrent Mark From Roots 18.423ms
[2024-06-13T12:55:21.706+0530][8.131s] GC(6) Concurrent Preclean
[2024-06-13T12:55:21.706+0530][8.131s] GC(6) Concurrent Preclean 0.278ms
[2024-06-13T12:55:21.706+0530][8.131s] GC(6) Concurrent Mark (8.112s, 8.131s) 18.833ms
[2024-06-13T12:55:21.706+0530][8.131s] GC(6) Pause Remark
[2024-06-13T12:55:21.706+0530][8.136s] GC(6) Cleaned string and symbol table, strings: 14887 processed, 16 removed, symbols: 111703 processed, 57 removed
[2024-06-13T12:55:21.706+0530][8.137s] GC(6) Pause Remark 25M->25M(512M) 5.468ms
[2024-06-13T12:55:21.706+0530][8.137s] GC(6) User=0.02s Sys=0.00s Real=0.00s
[2024-06-13T12:55:21.706+0530][8.137s] GC(6) Concurrent Rebuild Remembered Sets
[2024-06-13T12:55:21.721+0530][8.146s] GC(6) Concurrent Rebuild Remembered Sets 9.607ms
[2024-06-13T12:55:21.721+0530][8.147s] GC(6) Pause Cleanup
[2024-06-13T12:55:21.721+0530][8.147s] GC(6) Pause Cleanup 25M->25M(512M) 0.189ms
[2024-06-13T12:55:21.721+0530][8.147s] GC(6) User=0.00s Sys=0.00s Real=0.00s
[2024-06-13T12:55:21.721+0530][8.147s] GC(6) Concurrent Cleanup for Next Mark
[2024-06-13T12:55:21.721+0530][8.147s] GC(6) Concurrent Cleanup for Next Mark 0.372ms
[2024-06-13T12:55:21.721+0530][8.148s] GC(6) Concurrent Cycle 38.499ms
[2024-06-13T12:55:24.984+0530][11.412s] GC(7) Pause Young (Normal) (G1 Evacuation Pause)
[2024-06-13T12:55:24.984+0530][11.412s] GC(7) Using 10 workers of 10 for evacuation
[2024-06-13T12:55:25.001+0530][11.426s] GC(7)   Pre Evacuate Collection Set: 0.0ms
[2024-06-13T12:55:25.001+0530][11.427s] GC(7)   Evacuate Collection Set: 11.6ms
[2024-06-13T12:55:25.001+0530][11.427s] GC(7)   Post Evacuate Collection Set: 2.0ms
[2024-06-13T12:55:25.001+0530][11.427s] GC(7)   Other: 0.4ms
[2024-06-13T12:55:25.001+0530][11.427s] GC(7) Eden regions: 229->0(291)
[2024-06-13T12:55:25.001+0530][11.427s] GC(7) Survivor regions: 9->16(30)
[2024-06-13T12:55:25.001+0530][11.427s] GC(7) Old regions: 12->12
[2024-06-13T12:55:25.001+0530][11.427s] GC(7) Humongous regions: 4->4
[2024-06-13T12:55:25.001+0530][11.427s] GC(7) Metaspace: 51056K->51056K(1095680K)
[2024-06-13T12:55:25.001+0530][11.427s] GC(7) Pause Young (Normal) (G1 Evacuation Pause) 252M->31M(512M) 14.357ms
[2024-06-13T12:55:25.001+0530][11.427s] GC(7) User=0.03s Sys=0.00s Real=0.02s
[2024-06-13T12:55:26.603+0530][13.032s] GC(8) Pause Young (Concurrent Start) (Metadata GC Threshold)
[2024-06-13T12:55:26.603+0530][13.032s] GC(8) Using 10 workers of 10 for evacuation
[2024-06-13T12:55:26.641+0530][13.063s] GC(8)   Pre Evacuate Collection Set: 0.2ms
[2024-06-13T12:55:26.641+0530][13.063s] GC(8)   Evacuate Collection Set: 29.9ms
[2024-06-13T12:55:26.641+0530][13.063s] GC(8)   Post Evacuate Collection Set: 1.3ms
[2024-06-13T12:55:26.641+0530][13.063s] GC(8)   Other: 0.3ms
[2024-06-13T12:55:26.641+0530][13.063s] GC(8) Eden regions: 164->0(275)
[2024-06-13T12:55:26.641+0530][13.063s] GC(8) Survivor regions: 16->24(39)
[2024-06-13T12:55:26.641+0530][13.063s] GC(8) Old regions: 12->12
[2024-06-13T12:55:26.641+0530][13.063s] GC(8) Humongous regions: 4->4
[2024-06-13T12:55:26.641+0530][13.063s] GC(8) Metaspace: 58352K->58352K(1101824K)
[2024-06-13T12:55:26.641+0530][13.063s] GC(8) Pause Young (Concurrent Start) (Metadata GC Threshold) 195M->39M(512M) 31.807ms
[2024-06-13T12:55:26.641+0530][13.063s] GC(8) User=0.02s Sys=0.00s Real=0.04s
[2024-06-13T12:55:26.641+0530][13.063s] GC(9) Concurrent Cycle
[2024-06-13T12:55:26.641+0530][13.064s] GC(9) Concurrent Clear Claimed Marks
[2024-06-13T12:55:26.641+0530][13.064s] GC(9) Concurrent Clear Claimed Marks 0.110ms
[2024-06-13T12:55:26.641+0530][13.064s] GC(9) Concurrent Scan Root Regions
[2024-06-13T12:55:26.651+0530][13.074s] GC(9) Concurrent Scan Root Regions 10.437ms
[2024-06-13T12:55:26.651+0530][13.074s] GC(9) Concurrent Mark (13.074s)
[2024-06-13T12:55:26.651+0530][13.074s] GC(9) Concurrent Mark From Roots
[2024-06-13T12:55:26.651+0530][13.074s] GC(9) Using 3 workers of 3 for marking
[2024-06-13T12:55:26.668+0530][13.094s] GC(9) Concurrent Mark From Roots 20.003ms
[2024-06-13T12:55:26.668+0530][13.094s] GC(9) Concurrent Preclean
[2024-06-13T12:55:26.668+0530][13.095s] GC(9) Concurrent Preclean 0.280ms
[2024-06-13T12:55:26.668+0530][13.095s] GC(9) Concurrent Mark (13.074s, 13.095s) 20.428ms
[2024-06-13T12:55:26.668+0530][13.095s] GC(9) Pause Remark
[2024-06-13T12:55:26.668+0530][13.099s] GC(9) Cleaned string and symbol table, strings: 26291 processed, 0 removed, symbols: 177350 processed, 541 removed
[2024-06-13T12:55:26.668+0530][13.100s] GC(9) Pause Remark 41M->41M(512M) 5.036ms
[2024-06-13T12:55:26.668+0530][13.100s] GC(9) User=0.00s Sys=0.00s Real=0.00s
[2024-06-13T12:55:26.668+0530][13.100s] GC(9) Concurrent Rebuild Remembered Sets
[2024-06-13T12:55:26.681+0530][13.109s] GC(9) Concurrent Rebuild Remembered Sets 9.249ms
[2024-06-13T12:55:26.681+0530][13.110s] GC(9) Pause Cleanup
[2024-06-13T12:55:26.681+0530][13.110s] GC(9) Pause Cleanup 41M->41M(512M) 0.211ms
[2024-06-13T12:55:26.681+0530][13.110s] GC(9) User=0.00s Sys=0.00s Real=0.00s
[2024-06-13T12:55:26.681+0530][13.110s] GC(9) Concurrent Cleanup for Next Mark
[2024-06-13T12:55:26.681+0530][13.110s] GC(9) Concurrent Cleanup for Next Mark 0.490ms
[2024-06-13T12:55:26.681+0530][13.111s] GC(9) Concurrent Cycle 47.061ms
[2024-06-13T15:50:42.495+0530][10528.918s] GC(10) Pause Young (Normal) (G1 Evacuation Pause)
[2024-06-13T15:50:42.495+0530][10528.918s] GC(10) Using 10 workers of 10 for evacuation
[2024-06-13T15:50:42.542+0530][10528.974s] GC(10)   Pre Evacuate Collection Set: 0.5ms
[2024-06-13T15:50:42.542+0530][10528.974s] GC(10)   Evacuate Collection Set: 51.8ms
[2024-06-13T15:50:42.542+0530][10528.974s] GC(10)   Post Evacuate Collection Set: 3.2ms
[2024-06-13T15:50:42.542+0530][10528.975s] GC(10)   Other: 0.8ms
[2024-06-13T15:50:42.542+0530][10528.975s] GC(10) Eden regions: 275->0(278)
[2024-06-13T15:50:42.542+0530][10528.975s] GC(10) Survivor regions: 24->29(38)
[2024-06-13T15:50:42.542+0530][10528.975s] GC(10) Old regions: 12->17
[2024-06-13T15:50:42.542+0530][10528.975s] GC(10) Humongous regions: 10->9
[2024-06-13T15:50:42.542+0530][10528.975s] GC(10) Metaspace: 69875K->69875K(1112064K)
[2024-06-13T15:50:42.542+0530][10528.975s] GC(10) Pause Young (Normal) (G1 Evacuation Pause) 320M->53M(512M) 56.570ms
[2024-06-13T15:50:42.542+0530][10528.975s] GC(10) User=0.06s Sys=0.20s Real=0.05s
[2024-06-13T18:57:59.780+0530][21766.202s] GC(11) Pause Young (Normal) (G1 Evacuation Pause)
[2024-06-13T18:57:59.780+0530][21766.202s] GC(11) Using 10 workers of 10 for evacuation
[2024-06-13T18:57:59.800+0530][21766.222s] GC(11)   Pre Evacuate Collection Set: 0.1ms
[2024-06-13T18:57:59.800+0530][21766.222s] GC(11)   Evacuate Collection Set: 17.5ms
[2024-06-13T18:57:59.800+0530][21766.222s] GC(11)   Post Evacuate Collection Set: 2.2ms
[2024-06-13T18:57:59.800+0530][21766.222s] GC(11)   Other: 0.3ms
[2024-06-13T18:57:59.800+0530][21766.222s] GC(11) Eden regions: 278->0(290)
[2024-06-13T18:57:59.800+0530][21766.222s] GC(11) Survivor regions: 29->17(39)
[2024-06-13T18:57:59.800+0530][21766.222s] GC(11) Old regions: 17->27
[2024-06-13T18:57:59.800+0530][21766.222s] GC(11) Humongous regions: 9->9
[2024-06-13T18:57:59.800+0530][21766.222s] GC(11) Metaspace: 71615K->71615K(1114112K)
[2024-06-13T18:57:59.800+0530][21766.222s] GC(11) Pause Young (Normal) (G1 Evacuation Pause) 331M->52M(512M) 20.251ms
[2024-06-13T18:57:59.800+0530][21766.222s] GC(11) User=0.08s Sys=0.05s Real=0.02s
[2024-06-14T11:06:38.738+0530][79894.845s] GC(12) Pause Young (Normal) (G1 Evacuation Pause)
[2024-06-14T11:06:38.738+0530][79894.845s] GC(12) Using 10 workers of 10 for evacuation
[2024-06-14T11:06:38.756+0530][79894.872s] GC(12)   Pre Evacuate Collection Set: 0.3ms
[2024-06-14T11:06:38.756+0530][79894.872s] GC(12)   Evacuate Collection Set: 24.0ms
[2024-06-14T11:06:38.756+0530][79894.872s] GC(12)   Post Evacuate Collection Set: 2.3ms
[2024-06-14T11:06:38.756+0530][79894.872s] GC(12)   Other: 0.7ms
[2024-06-14T11:06:38.756+0530][79894.872s] GC(12) Eden regions: 290->0(290)
[2024-06-14T11:06:38.756+0530][79894.872s] GC(12) Survivor regions: 17->17(39)
[2024-06-14T11:06:38.756+0530][79894.872s] GC(12) Old regions: 27->27
[2024-06-14T11:06:38.756+0530][79894.872s] GC(12) Humongous regions: 9->9
[2024-06-14T11:06:38.756+0530][79894.872s] GC(12) Metaspace: 73114K->73114K(1116160K)
[2024-06-14T11:06:38.756+0530][79894.872s] GC(12) Pause Young (Normal) (G1 Evacuation Pause) 342M->52M(512M) 27.571ms
[2024-06-14T11:06:38.756+0530][79894.873s] GC(12) User=0.03s Sys=0.00s Real=0.02s
[2024-06-14T16:27:43.103+0530][99159.212s] GC(13) Pause Young (Normal) (G1 Evacuation Pause)
[2024-06-14T16:27:43.103+0530][99159.212s] GC(13) Using 10 workers of 10 for evacuation
[2024-06-14T16:27:43.127+0530][99159.238s] GC(13)   Pre Evacuate Collection Set: 0.3ms
[2024-06-14T16:27:43.127+0530][99159.238s] GC(13)   Evacuate Collection Set: 22.2ms
[2024-06-14T16:27:43.127+0530][99159.238s] GC(13)   Post Evacuate Collection Set: 2.3ms
[2024-06-14T16:27:43.127+0530][99159.238s] GC(13)   Other: 0.7ms
[2024-06-14T16:27:43.127+0530][99159.238s] GC(13) Eden regions: 290->0(289)
[2024-06-14T16:27:43.127+0530][99159.238s] GC(13) Survivor regions: 17->18(39)
[2024-06-14T16:27:43.127+0530][99159.238s] GC(13) Old regions: 27->27
[2024-06-14T16:27:43.127+0530][99159.238s] GC(13) Humongous regions: 9->9
[2024-06-14T16:27:43.127+0530][99159.238s] GC(13) Metaspace: 73490K->73490K(1116160K)
[2024-06-14T16:27:43.127+0530][99159.238s] GC(13) Pause Young (Normal) (G1 Evacuation Pause) 342M->53M(512M) 25.606ms
[2024-06-14T16:27:43.127+0530][99159.238s] GC(13) User=0.02s Sys=0.00s Real=0.02s
[2024-06-17T20:40:18.969+0530][373528.764s] GC(14) Pause Young (Normal) (G1 Evacuation Pause)
[2024-06-17T20:40:18.969+0530][373528.764s] GC(14) Using 10 workers of 10 for evacuation
[2024-06-17T20:40:19.012+0530][373528.807s] GC(14)   Pre Evacuate Collection Set: 0.2ms
[2024-06-17T20:40:19.012+0530][373528.807s] GC(14)   Evacuate Collection Set: 36.0ms
[2024-06-17T20:40:19.012+0530][373528.807s] GC(14)   Post Evacuate Collection Set: 6.3ms
[2024-06-17T20:40:19.012+0530][373528.807s] GC(14)   Other: 0.8ms
[2024-06-17T20:40:19.012+0530][373528.807s] GC(14) Eden regions: 289->0(289)
[2024-06-17T20:40:19.012+0530][373528.807s] GC(14) Survivor regions: 18->18(39)
[2024-06-17T20:40:19.012+0530][373528.807s] GC(14) Old regions: 27->27
[2024-06-17T20:40:19.012+0530][373528.807s] GC(14) Humongous regions: 9->9
[2024-06-17T20:40:19.012+0530][373528.807s] GC(14) Metaspace: 73888K->73888K(1116160K)
[2024-06-17T20:40:19.012+0530][373528.807s] GC(14) Pause Young (Normal) (G1 Evacuation Pause) 342M->53M(512M) 43.394ms
[2024-06-17T20:40:19.012+0530][373528.807s] GC(14) User=0.02s Sys=0.08s Real=0.04s
[2024-06-18T21:10:39.240+0530][461757.094s] GC(15) Pause Young (Normal) (G1 Evacuation Pause)
[2024-06-18T21:10:39.240+0530][461757.094s] GC(15) Using 10 workers of 10 for evacuation
[2024-06-18T21:10:39.271+0530][461757.119s] GC(15)   Pre Evacuate Collection Set: 0.2ms
[2024-06-18T21:10:39.271+0530][461757.119s] GC(15)   Evacuate Collection Set: 18.8ms
[2024-06-18T21:10:39.271+0530][461757.119s] GC(15)   Post Evacuate Collection Set: 5.6ms
[2024-06-18T21:10:39.271+0530][461757.119s] GC(15)   Other: 0.5ms
[2024-06-18T21:10:39.271+0530][461757.119s] GC(15) Eden regions: 289->0(288)
[2024-06-18T21:10:39.271+0530][461757.119s] GC(15) Survivor regions: 18->19(39)
[2024-06-18T21:10:39.271+0530][461757.119s] GC(15) Old regions: 27->27
[2024-06-18T21:10:39.271+0530][461757.119s] GC(15) Humongous regions: 9->9
[2024-06-18T21:10:39.271+0530][461757.119s] GC(15) Metaspace: 74105K->74105K(1116160K)
[2024-06-18T21:10:39.271+0530][461757.119s] GC(15) Pause Young (Normal) (G1 Evacuation Pause) 342M->54M(512M) 25.425ms
[2024-06-18T21:10:39.271+0530][461757.119s] GC(15) User=0.02s Sys=0.02s Real=0.03s
[2024-06-21T12:01:29.300+0530][688045.422s] Heap
[2024-06-21T12:01:29.300+0530][688045.423s]  garbage-first heap   total 524288K, used 304176K [0x00000000e0000000, 0x0000000100000000)
[2024-06-21T12:01:29.300+0530][688045.423s]   region size 1024K, 264 young (270336K), 19 survivors (19456K)
[2024-06-21T12:01:29.300+0530][688045.423s]  Metaspace       used 74550K, capacity 76963K, committed 77312K, reserved 1116160K
[2024-06-21T12:01:29.300+0530][688045.423s]   class space    used 8636K, capacity 9613K, committed 9728K, reserved 1048576K
