[2024-08-21T18:31:48.419+0530][0.065s] Heap region size: 1M
[2024-08-21T18:31:48.998+0530][0.649s] Using G1
[2024-08-21T18:31:48.998+0530][0.649s] Heap address: 0x00000000e0000000, size: 512 MB, Compressed Oops mode: 32-bit
[2024-08-21T18:32:03.862+0530][15.514s] GC(0) Pause Young (Normal) (G1 Evacuation Pause)
[2024-08-21T18:32:03.862+0530][15.516s] GC(0) Using 10 workers of 10 for evacuation
[2024-08-21T18:32:03.925+0530][15.572s] GC(0)   Pre Evacuate Collection Set: 0.1ms
[2024-08-21T18:32:03.925+0530][15.572s] GC(0)   Evacuate Collection Set: 54.1ms
[2024-08-21T18:32:03.925+0530][15.572s] GC(0)   Post Evacuate Collection Set: 0.9ms
[2024-08-21T18:32:03.925+0530][15.572s] GC(0)   Other: 3.2ms
[2024-08-21T18:32:03.925+0530][15.572s] GC(0) Eden regions: 30->0(304)
[2024-08-21T18:32:03.925+0530][15.573s] GC(0) Survivor regions: 0->3(4)
[2024-08-21T18:32:03.925+0530][15.573s] GC(0) Old regions: 0->0
[2024-08-21T18:32:03.925+0530][15.573s] GC(0) Humongous regions: 0->0
[2024-08-21T18:32:03.925+0530][15.573s] GC(0) Metaspace: 12174K->12174K(1060864K)
[2024-08-21T18:32:03.925+0530][15.573s] GC(0) Pause Young (Normal) (G1 Evacuation Pause) 30M->2M(512M) 59.299ms
[2024-08-21T18:32:03.925+0530][15.573s] GC(0) User=0.33s Sys=0.03s Real=0.06s
[2024-08-21T18:32:05.379+0530][17.036s] GC(1) Pause Young (Concurrent Start) (Metadata GC Threshold)
[2024-08-21T18:32:05.379+0530][17.037s] GC(1) Using 10 workers of 10 for evacuation
[2024-08-21T18:32:05.410+0530][17.055s] GC(1)   Pre Evacuate Collection Set: 0.0ms
[2024-08-21T18:32:05.410+0530][17.055s] GC(1)   Evacuate Collection Set: 17.4ms
[2024-08-21T18:32:05.410+0530][17.055s] GC(1)   Post Evacuate Collection Set: 1.0ms
[2024-08-21T18:32:05.410+0530][17.056s] GC(1)   Other: 0.4ms
[2024-08-21T18:32:05.410+0530][17.056s] GC(1) Eden regions: 70->0(86)
[2024-08-21T18:32:05.410+0530][17.056s] GC(1) Survivor regions: 3->12(39)
[2024-08-21T18:32:05.410+0530][17.056s] GC(1) Old regions: 0->0
[2024-08-21T18:32:05.410+0530][17.056s] GC(1) Humongous regions: 4->4
[2024-08-21T18:32:05.410+0530][17.056s] GC(1) Metaspace: 20542K->20542K(1069056K)
[2024-08-21T18:32:05.410+0530][17.056s] GC(1) Pause Young (Concurrent Start) (Metadata GC Threshold) 76M->15M(512M) 19.433ms
[2024-08-21T18:32:05.410+0530][17.056s] GC(1) User=0.02s Sys=0.00s Real=0.03s
[2024-08-21T18:32:05.410+0530][17.056s] GC(2) Concurrent Cycle
[2024-08-21T18:32:05.410+0530][17.056s] GC(2) Concurrent Clear Claimed Marks
[2024-08-21T18:32:05.410+0530][17.056s] GC(2) Concurrent Clear Claimed Marks 0.082ms
[2024-08-21T18:32:05.410+0530][17.056s] GC(2) Concurrent Scan Root Regions
[2024-08-21T18:32:05.410+0530][17.064s] GC(2) Concurrent Scan Root Regions 7.702ms
[2024-08-21T18:32:05.410+0530][17.064s] GC(2) Concurrent Mark (17.064s)
[2024-08-21T18:32:05.410+0530][17.064s] GC(2) Concurrent Mark From Roots
[2024-08-21T18:32:05.410+0530][17.064s] GC(2) Using 3 workers of 3 for marking
[2024-08-21T18:32:05.410+0530][17.066s] GC(2) Concurrent Mark From Roots 2.222ms
[2024-08-21T18:32:05.410+0530][17.066s] GC(2) Concurrent Preclean
[2024-08-21T18:32:05.410+0530][17.067s] GC(2) Concurrent Preclean 0.562ms
[2024-08-21T18:32:05.410+0530][17.067s] GC(2) Concurrent Mark (17.064s, 17.067s) 2.999ms
[2024-08-21T18:32:05.410+0530][17.067s] GC(2) Pause Remark
[2024-08-21T18:32:05.410+0530][17.069s] GC(2) Cleaned string and symbol table, strings: 9417 processed, 0 removed, symbols: 66001 processed, 15 removed
[2024-08-21T18:32:05.410+0530][17.070s] GC(2) Pause Remark 16M->16M(512M) 2.281ms
[2024-08-21T18:32:05.426+0530][17.070s] GC(2) User=0.00s Sys=0.00s Real=0.02s
[2024-08-21T18:32:05.426+0530][17.070s] GC(2) Concurrent Rebuild Remembered Sets
[2024-08-21T18:32:05.426+0530][17.074s] GC(2) Concurrent Rebuild Remembered Sets 3.886ms
[2024-08-21T18:32:05.426+0530][17.074s] GC(2) Pause Cleanup
[2024-08-21T18:32:05.426+0530][17.074s] GC(2) Pause Cleanup 16M->16M(512M) 0.215ms
[2024-08-21T18:32:05.426+0530][17.074s] GC(2) User=0.00s Sys=0.00s Real=0.00s
[2024-08-21T18:32:05.426+0530][17.074s] GC(2) Concurrent Cleanup for Next Mark
[2024-08-21T18:32:05.426+0530][17.075s] GC(2) Concurrent Cleanup for Next Mark 0.946ms
[2024-08-21T18:32:05.426+0530][17.075s] GC(2) Concurrent Cycle 19.317ms
[2024-08-21T18:32:06.957+0530][18.614s] GC(3) Pause Young (Normal) (G1 Evacuation Pause)
[2024-08-21T18:32:06.957+0530][18.614s] GC(3) Using 10 workers of 10 for evacuation
[2024-08-21T18:32:06.973+0530][18.626s] GC(3)   Pre Evacuate Collection Set: 0.0ms
[2024-08-21T18:32:06.973+0530][18.626s] GC(3)   Evacuate Collection Set: 10.6ms
[2024-08-21T18:32:06.973+0530][18.626s] GC(3)   Post Evacuate Collection Set: 1.1ms
[2024-08-21T18:32:06.973+0530][18.626s] GC(3)   Other: 0.2ms
[2024-08-21T18:32:06.973+0530][18.626s] GC(3) Eden regions: 74->0(102)
[2024-08-21T18:32:06.973+0530][18.626s] GC(3) Survivor regions: 12->4(11)
[2024-08-21T18:32:06.973+0530][18.626s] GC(3) Old regions: 0->12
[2024-08-21T18:32:06.973+0530][18.626s] GC(3) Humongous regions: 4->4
[2024-08-21T18:32:06.973+0530][18.626s] GC(3) Metaspace: 27984K->27984K(1075200K)
[2024-08-21T18:32:06.973+0530][18.626s] GC(3) Pause Young (Normal) (G1 Evacuation Pause) 89M->19M(512M) 12.366ms
[2024-08-21T18:32:06.973+0530][18.626s] GC(3) User=0.02s Sys=0.00s Real=0.02s
[2024-08-21T18:32:07.692+0530][19.345s] GC(4) Pause Young (Normal) (G1 Evacuation Pause)
[2024-08-21T18:32:07.692+0530][19.345s] GC(4) Using 10 workers of 10 for evacuation
[2024-08-21T18:32:07.692+0530][19.348s] GC(4)   Pre Evacuate Collection Set: 0.0ms
[2024-08-21T18:32:07.692+0530][19.348s] GC(4)   Evacuate Collection Set: 2.3ms
[2024-08-21T18:32:07.692+0530][19.348s] GC(4)   Post Evacuate Collection Set: 0.5ms
[2024-08-21T18:32:07.692+0530][19.348s] GC(4)   Other: 0.2ms
[2024-08-21T18:32:07.692+0530][19.348s] GC(4) Eden regions: 102->0(140)
[2024-08-21T18:32:07.692+0530][19.348s] GC(4) Survivor regions: 4->7(14)
[2024-08-21T18:32:07.692+0530][19.348s] GC(4) Old regions: 12->12
[2024-08-21T18:32:07.692+0530][19.348s] GC(4) Humongous regions: 4->4
[2024-08-21T18:32:07.692+0530][19.348s] GC(4) Metaspace: 28135K->28135K(1075200K)
[2024-08-21T18:32:07.692+0530][19.348s] GC(4) Pause Young (Normal) (G1 Evacuation Pause) 121M->22M(512M) 3.301ms
[2024-08-21T18:32:07.692+0530][19.348s] GC(4) User=0.00s Sys=0.00s Real=0.00s
[2024-08-21T18:32:09.661+0530][21.320s] GC(5) Pause Young (Normal) (G1 Evacuation Pause)
[2024-08-21T18:32:09.661+0530][21.320s] GC(5) Using 10 workers of 10 for evacuation
[2024-08-21T18:32:09.676+0530][21.325s] GC(5)   Pre Evacuate Collection Set: 0.1ms
[2024-08-21T18:32:09.676+0530][21.325s] GC(5)   Evacuate Collection Set: 3.6ms
[2024-08-21T18:32:09.676+0530][21.325s] GC(5)   Post Evacuate Collection Set: 0.7ms
[2024-08-21T18:32:09.676+0530][21.325s] GC(5)   Other: 0.3ms
[2024-08-21T18:32:09.676+0530][21.325s] GC(5) Eden regions: 140->0(194)
[2024-08-21T18:32:09.676+0530][21.325s] GC(5) Survivor regions: 7->9(19)
[2024-08-21T18:32:09.676+0530][21.325s] GC(5) Old regions: 12->12
[2024-08-21T18:32:09.676+0530][21.325s] GC(5) Humongous regions: 4->4
[2024-08-21T18:32:09.676+0530][21.325s] GC(5) Metaspace: 31719K->31719K(1079296K)
[2024-08-21T18:32:09.676+0530][21.325s] GC(5) Pause Young (Normal) (G1 Evacuation Pause) 162M->23M(512M) 5.226ms
[2024-08-21T18:32:09.676+0530][21.325s] GC(5) User=0.02s Sys=0.00s Real=0.02s
[2024-08-21T18:32:10.364+0530][22.010s] GC(6) Pause Young (Concurrent Start) (Metadata GC Threshold)
[2024-08-21T18:32:10.364+0530][22.010s] GC(6) Using 10 workers of 10 for evacuation
[2024-08-21T18:32:10.364+0530][22.019s] GC(6)   Pre Evacuate Collection Set: 0.1ms
[2024-08-21T18:32:10.364+0530][22.019s] GC(6)   Evacuate Collection Set: 7.8ms
[2024-08-21T18:32:10.364+0530][22.019s] GC(6)   Post Evacuate Collection Set: 0.7ms
[2024-08-21T18:32:10.364+0530][22.019s] GC(6)   Other: 0.4ms
[2024-08-21T18:32:10.364+0530][22.019s] GC(6) Eden regions: 67->0(211)
[2024-08-21T18:32:10.364+0530][22.019s] GC(6) Survivor regions: 9->10(26)
[2024-08-21T18:32:10.364+0530][22.019s] GC(6) Old regions: 12->12
[2024-08-21T18:32:10.364+0530][22.019s] GC(6) Humongous regions: 4->4
[2024-08-21T18:32:10.364+0530][22.020s] GC(6) Metaspace: 34584K->34584K(1081344K)
[2024-08-21T18:32:10.364+0530][22.020s] GC(6) Pause Young (Concurrent Start) (Metadata GC Threshold) 90M->24M(512M) 9.645ms
[2024-08-21T18:32:10.364+0530][22.020s] GC(6) User=0.00s Sys=0.00s Real=0.00s
[2024-08-21T18:32:10.364+0530][22.020s] GC(7) Concurrent Cycle
[2024-08-21T18:32:10.364+0530][22.020s] GC(7) Concurrent Clear Claimed Marks
[2024-08-21T18:32:10.364+0530][22.020s] GC(7) Concurrent Clear Claimed Marks 0.101ms
[2024-08-21T18:32:10.364+0530][22.020s] GC(7) Concurrent Scan Root Regions
[2024-08-21T18:32:10.364+0530][22.024s] GC(7) Concurrent Scan Root Regions 3.486ms
[2024-08-21T18:32:10.364+0530][22.024s] GC(7) Concurrent Mark (22.024s)
[2024-08-21T18:32:10.364+0530][22.024s] GC(7) Concurrent Mark From Roots
[2024-08-21T18:32:10.364+0530][22.024s] GC(7) Using 3 workers of 3 for marking
[2024-08-21T18:32:10.396+0530][22.045s] GC(7) Concurrent Mark From Roots 21.305ms
[2024-08-21T18:32:10.396+0530][22.045s] GC(7) Concurrent Preclean
[2024-08-21T18:32:10.396+0530][22.046s] GC(7) Concurrent Preclean 0.646ms
[2024-08-21T18:32:10.396+0530][22.046s] GC(7) Concurrent Mark (22.024s, 22.046s) 22.172ms
[2024-08-21T18:32:10.396+0530][22.046s] GC(7) Pause Remark
[2024-08-21T18:32:10.396+0530][22.051s] GC(7) Cleaned string and symbol table, strings: 14893 processed, 16 removed, symbols: 111415 processed, 57 removed
[2024-08-21T18:32:10.396+0530][22.052s] GC(7) Pause Remark 27M->27M(512M) 5.458ms
[2024-08-21T18:32:10.396+0530][22.052s] GC(7) User=0.03s Sys=0.00s Real=0.00s
[2024-08-21T18:32:10.396+0530][22.052s] GC(7) Concurrent Rebuild Remembered Sets
[2024-08-21T18:32:10.411+0530][22.062s] GC(7) Concurrent Rebuild Remembered Sets 10.478ms
[2024-08-21T18:32:10.411+0530][22.063s] GC(7) Pause Cleanup
[2024-08-21T18:32:10.411+0530][22.063s] GC(7) Pause Cleanup 28M->28M(512M) 0.216ms
[2024-08-21T18:32:10.411+0530][22.063s] GC(7) User=0.00s Sys=0.00s Real=0.00s
[2024-08-21T18:32:10.411+0530][22.063s] GC(7) Concurrent Cleanup for Next Mark
[2024-08-21T18:32:10.411+0530][22.064s] GC(7) Concurrent Cleanup for Next Mark 0.997ms
[2024-08-21T18:32:10.411+0530][22.064s] GC(7) Concurrent Cycle 44.360ms
[2024-08-21T18:32:12.600+0530][24.258s] GC(8) Pause Young (Normal) (G1 Evacuation Pause)
[2024-08-21T18:32:12.600+0530][24.258s] GC(8) Using 10 workers of 10 for evacuation
[2024-08-21T18:32:12.615+0530][24.266s] GC(8)   Pre Evacuate Collection Set: 0.0ms
[2024-08-21T18:32:12.615+0530][24.266s] GC(8)   Evacuate Collection Set: 7.0ms
[2024-08-21T18:32:12.615+0530][24.266s] GC(8)   Post Evacuate Collection Set: 1.0ms
[2024-08-21T18:32:12.615+0530][24.266s] GC(8)   Other: 0.3ms
[2024-08-21T18:32:12.615+0530][24.266s] GC(8) Eden regions: 217->0(293)
[2024-08-21T18:32:12.615+0530][24.266s] GC(8) Survivor regions: 10->14(29)
[2024-08-21T18:32:12.615+0530][24.266s] GC(8) Old regions: 12->12
[2024-08-21T18:32:12.615+0530][24.267s] GC(8) Humongous regions: 4->4
[2024-08-21T18:32:12.615+0530][24.267s] GC(8) Metaspace: 42706K->42706K(1087488K)
[2024-08-21T18:32:12.615+0530][24.267s] GC(8) Pause Young (Normal) (G1 Evacuation Pause) 241M->29M(512M) 8.839ms
[2024-08-21T18:32:12.615+0530][24.267s] GC(8) User=0.02s Sys=0.00s Real=0.02s
[2024-08-21T18:32:13.818+0530][25.474s] GC(9) Pause Young (Normal) (G1 Evacuation Pause)
[2024-08-21T18:32:13.818+0530][25.475s] GC(9) Using 10 workers of 10 for evacuation
[2024-08-21T18:32:13.834+0530][25.486s] GC(9)   Pre Evacuate Collection Set: 0.0ms
[2024-08-21T18:32:13.834+0530][25.486s] GC(9)   Evacuate Collection Set: 9.5ms
[2024-08-21T18:32:13.834+0530][25.486s] GC(9)   Post Evacuate Collection Set: 1.4ms
[2024-08-21T18:32:13.834+0530][25.486s] GC(9)   Other: 0.4ms
[2024-08-21T18:32:13.834+0530][25.486s] GC(9) Eden regions: 293->0(290)
[2024-08-21T18:32:13.834+0530][25.486s] GC(9) Survivor regions: 14->17(39)
[2024-08-21T18:32:13.834+0530][25.486s] GC(9) Old regions: 12->12
[2024-08-21T18:32:13.834+0530][25.486s] GC(9) Humongous regions: 4->4
[2024-08-21T18:32:13.834+0530][25.486s] GC(9) Metaspace: 49202K->49202K(1093632K)
[2024-08-21T18:32:13.834+0530][25.486s] GC(9) Pause Young (Normal) (G1 Evacuation Pause) 322M->32M(512M) 11.843ms
[2024-08-21T18:32:13.834+0530][25.486s] GC(9) User=0.16s Sys=0.00s Real=0.02s
[2024-08-21T18:32:15.475+0530][27.133s] GC(10) Pause Young (Normal) (G1 Evacuation Pause)
[2024-08-21T18:32:15.475+0530][27.133s] GC(10) Using 10 workers of 10 for evacuation
[2024-08-21T18:32:15.490+0530][27.147s] GC(10)   Pre Evacuate Collection Set: 0.0ms
[2024-08-21T18:32:15.490+0530][27.147s] GC(10)   Evacuate Collection Set: 12.0ms
[2024-08-21T18:32:15.490+0530][27.147s] GC(10)   Post Evacuate Collection Set: 1.5ms
[2024-08-21T18:32:15.490+0530][27.147s] GC(10)   Other: 0.4ms
[2024-08-21T18:32:15.490+0530][27.147s] GC(10) Eden regions: 290->0(284)
[2024-08-21T18:32:15.490+0530][27.147s] GC(10) Survivor regions: 17->23(39)
[2024-08-21T18:32:15.490+0530][27.147s] GC(10) Old regions: 12->12
[2024-08-21T18:32:15.490+0530][27.147s] GC(10) Humongous regions: 4->4
[2024-08-21T18:32:15.490+0530][27.147s] GC(10) Metaspace: 56075K->56075K(1099776K)
[2024-08-21T18:32:15.490+0530][27.147s] GC(10) Pause Young (Normal) (G1 Evacuation Pause) 322M->38M(512M) 14.424ms
[2024-08-21T18:32:15.490+0530][27.147s] GC(10) User=0.05s Sys=0.00s Real=0.02s
[2024-08-21T18:32:16.287+0530][27.940s] GC(11) Pause Young (Concurrent Start) (Metadata GC Threshold)
[2024-08-21T18:32:16.287+0530][27.940s] GC(11) Using 10 workers of 10 for evacuation
[2024-08-21T18:32:16.319+0530][27.974s] GC(11)   Pre Evacuate Collection Set: 0.2ms
[2024-08-21T18:32:16.319+0530][27.974s] GC(11)   Evacuate Collection Set: 32.5ms
[2024-08-21T18:32:16.319+0530][27.974s] GC(11)   Post Evacuate Collection Set: 1.0ms
[2024-08-21T18:32:16.319+0530][27.974s] GC(11)   Other: 0.3ms
[2024-08-21T18:32:16.319+0530][27.974s] GC(11) Eden regions: 116->0(285)
[2024-08-21T18:32:16.319+0530][27.974s] GC(11) Survivor regions: 23->22(39)
[2024-08-21T18:32:16.319+0530][27.974s] GC(11) Old regions: 12->15
[2024-08-21T18:32:16.319+0530][27.974s] GC(11) Humongous regions: 4->4
[2024-08-21T18:32:16.319+0530][27.974s] GC(11) Metaspace: 58233K->58233K(1101824K)
[2024-08-21T18:32:16.319+0530][27.974s] GC(11) Pause Young (Concurrent Start) (Metadata GC Threshold) 154M->40M(512M) 34.414ms
[2024-08-21T18:32:16.319+0530][27.974s] GC(11) User=0.03s Sys=0.00s Real=0.03s
[2024-08-21T18:32:16.319+0530][27.975s] GC(12) Concurrent Cycle
[2024-08-21T18:32:16.319+0530][27.975s] GC(12) Concurrent Clear Claimed Marks
[2024-08-21T18:32:16.319+0530][27.975s] GC(12) Concurrent Clear Claimed Marks 0.140ms
[2024-08-21T18:32:16.319+0530][27.975s] GC(12) Concurrent Scan Root Regions
[2024-08-21T18:32:16.334+0530][27.985s] GC(12) Concurrent Scan Root Regions 10.444ms
[2024-08-21T18:32:16.334+0530][27.985s] GC(12) Concurrent Mark (27.985s)
[2024-08-21T18:32:16.334+0530][27.985s] GC(12) Concurrent Mark From Roots
[2024-08-21T18:32:16.334+0530][27.985s] GC(12) Using 3 workers of 3 for marking
[2024-08-21T18:32:16.366+0530][28.012s] GC(12) Concurrent Mark From Roots 26.439ms
[2024-08-21T18:32:16.366+0530][28.012s] GC(12) Concurrent Preclean
[2024-08-21T18:32:16.366+0530][28.012s] GC(12) Concurrent Preclean 0.538ms
[2024-08-21T18:32:16.366+0530][28.013s] GC(12) Concurrent Mark (27.985s, 28.013s) 27.173ms
[2024-08-21T18:32:16.366+0530][28.013s] GC(12) Pause Remark
[2024-08-21T18:32:16.366+0530][28.018s] GC(12) Cleaned string and symbol table, strings: 26243 processed, 0 removed, symbols: 177270 processed, 539 removed
[2024-08-21T18:32:16.366+0530][28.018s] GC(12) Pause Remark 43M->43M(512M) 5.505ms
[2024-08-21T18:32:16.366+0530][28.018s] GC(12) User=0.00s Sys=0.00s Real=0.00s
[2024-08-21T18:32:16.366+0530][28.019s] GC(12) Concurrent Rebuild Remembered Sets
[2024-08-21T18:32:16.381+0530][28.031s] GC(12) Concurrent Rebuild Remembered Sets 12.217ms
[2024-08-21T18:32:16.381+0530][28.031s] GC(12) Pause Cleanup
[2024-08-21T18:32:16.381+0530][28.031s] GC(12) Pause Cleanup 44M->44M(512M) 0.215ms
[2024-08-21T18:32:16.381+0530][28.031s] GC(12) User=0.00s Sys=0.00s Real=0.00s
[2024-08-21T18:32:16.381+0530][28.032s] GC(12) Concurrent Cleanup for Next Mark
[2024-08-21T18:32:16.381+0530][28.033s] GC(12) Concurrent Cleanup for Next Mark 0.890ms
[2024-08-21T18:32:16.381+0530][28.033s] GC(12) Concurrent Cycle 58.028ms
[2024-08-21T18:33:36.374+0530][108.019s] Heap
[2024-08-21T18:33:36.374+0530][108.019s]  garbage-first heap   total 524288K, used 299453K [0x00000000e0000000, 0x0000000100000000)
[2024-08-21T18:33:36.374+0530][108.019s]   region size 1024K, 275 young (281600K), 22 survivors (22528K)
[2024-08-21T18:33:36.374+0530][108.019s]  Metaspace       used 64482K, capacity 66818K, committed 67072K, reserved 1107968K
[2024-08-21T18:33:36.374+0530][108.019s]   class space    used 7969K, capacity 8873K, committed 8960K, reserved 1048576K
