[2024-07-19T12:38:34.806+0530][0.053s] Heap region size: 1M
[2024-07-19T12:38:35.355+0530][0.609s] Using G1
[2024-07-19T12:38:35.355+0530][0.609s] Heap address: 0x00000000e0000000, size: 512 MB, Compressed Oops mode: 32-bit
[2024-07-19T12:38:38.650+0530][3.910s] GC(0) Pause Young (Normal) (G1 Evacuation Pause)
[2024-07-19T12:38:38.666+0530][3.913s] GC(0) Using 10 workers of 10 for evacuation
[2024-07-19T12:38:38.682+0530][3.936s] GC(0)   Pre Evacuate Collection Set: 0.0ms
[2024-07-19T12:38:38.682+0530][3.937s] GC(0)   Evacuate Collection Set: 22.4ms
[2024-07-19T12:38:38.682+0530][3.937s] GC(0)   Post Evacuate Collection Set: 0.9ms
[2024-07-19T12:38:38.682+0530][3.937s] GC(0)   Other: 2.9ms
[2024-07-19T12:38:38.682+0530][3.937s] GC(0) Eden regions: 30->0(304)
[2024-07-19T12:38:38.682+0530][3.937s] GC(0) Survivor regions: 0->3(4)
[2024-07-19T12:38:38.682+0530][3.937s] GC(0) Old regions: 0->0
[2024-07-19T12:38:38.682+0530][3.937s] GC(0) Humongous regions: 0->0
[2024-07-19T12:38:38.682+0530][3.937s] GC(0) Metaspace: 12184K->12184K(1060864K)
[2024-07-19T12:38:38.682+0530][3.937s] GC(0) Pause Young (Normal) (G1 Evacuation Pause) 30M->2M(512M) 27.225ms
[2024-07-19T12:38:38.682+0530][3.937s] GC(0) User=0.08s Sys=0.03s Real=0.03s
[2024-07-19T12:38:53.493+0530][18.754s] GC(1) Pause Young (Concurrent Start) (Metadata GC Threshold)
[2024-07-19T12:38:53.493+0530][18.754s] GC(1) Using 10 workers of 10 for evacuation
[2024-07-19T12:38:53.525+0530][18.776s] GC(1)   Pre Evacuate Collection Set: 0.1ms
[2024-07-19T12:38:53.525+0530][18.776s] GC(1)   Evacuate Collection Set: 20.4ms
[2024-07-19T12:38:53.525+0530][18.776s] GC(1)   Post Evacuate Collection Set: 0.9ms
[2024-07-19T12:38:53.525+0530][18.776s] GC(1)   Other: 0.5ms
[2024-07-19T12:38:53.525+0530][18.776s] GC(1) Eden regions: 69->0(85)
[2024-07-19T12:38:53.525+0530][18.776s] GC(1) Survivor regions: 3->12(39)
[2024-07-19T12:38:53.525+0530][18.776s] GC(1) Old regions: 0->0
[2024-07-19T12:38:53.525+0530][18.776s] GC(1) Humongous regions: 4->4
[2024-07-19T12:38:53.525+0530][18.776s] GC(1) Metaspace: 20494K->20494K(1069056K)
[2024-07-19T12:38:53.525+0530][18.776s] GC(1) Pause Young (Concurrent Start) (Metadata GC Threshold) 75M->15M(512M) 22.325ms
[2024-07-19T12:38:53.525+0530][18.777s] GC(1) User=0.17s Sys=0.00s Real=0.03s
[2024-07-19T12:38:53.525+0530][18.777s] GC(2) Concurrent Cycle
[2024-07-19T12:38:53.525+0530][18.777s] GC(2) Concurrent Clear Claimed Marks
[2024-07-19T12:38:53.525+0530][18.777s] GC(2) Concurrent Clear Claimed Marks 0.088ms
[2024-07-19T12:38:53.525+0530][18.777s] GC(2) Concurrent Scan Root Regions
[2024-07-19T12:38:53.525+0530][18.786s] GC(2) Concurrent Scan Root Regions 8.639ms
[2024-07-19T12:38:53.525+0530][18.786s] GC(2) Concurrent Mark (18.786s)
[2024-07-19T12:38:53.525+0530][18.786s] GC(2) Concurrent Mark From Roots
[2024-07-19T12:38:53.525+0530][18.786s] GC(2) Using 3 workers of 3 for marking
[2024-07-19T12:38:53.540+0530][18.788s] GC(2) Concurrent Mark From Roots 2.416ms
[2024-07-19T12:38:53.540+0530][18.788s] GC(2) Concurrent Preclean
[2024-07-19T12:38:53.540+0530][18.789s] GC(2) Concurrent Preclean 0.519ms
[2024-07-19T12:38:53.540+0530][18.789s] GC(2) Concurrent Mark (18.786s, 18.789s) 3.134ms
[2024-07-19T12:38:53.540+0530][18.789s] GC(2) Pause Remark
[2024-07-19T12:38:53.540+0530][18.791s] GC(2) Cleaned string and symbol table, strings: 9357 processed, 0 removed, symbols: 65933 processed, 15 removed
[2024-07-19T12:38:53.540+0530][18.791s] GC(2) Pause Remark 16M->16M(512M) 2.306ms
[2024-07-19T12:38:53.540+0530][18.792s] GC(2) User=0.00s Sys=0.00s Real=0.00s
[2024-07-19T12:38:53.540+0530][18.792s] GC(2) Concurrent Rebuild Remembered Sets
[2024-07-19T12:38:53.540+0530][18.795s] GC(2) Concurrent Rebuild Remembered Sets 3.567ms
[2024-07-19T12:38:53.540+0530][18.796s] GC(2) Pause Cleanup
[2024-07-19T12:38:53.540+0530][18.796s] GC(2) Pause Cleanup 16M->16M(512M) 0.206ms
[2024-07-19T12:38:53.540+0530][18.796s] GC(2) User=0.00s Sys=0.00s Real=0.00s
[2024-07-19T12:38:53.540+0530][18.796s] GC(2) Concurrent Cleanup for Next Mark
[2024-07-19T12:38:53.540+0530][18.796s] GC(2) Concurrent Cleanup for Next Mark 0.551ms
[2024-07-19T12:38:53.540+0530][18.797s] GC(2) Concurrent Cycle 19.907ms
[2024-07-19T12:38:55.603+0530][20.859s] GC(3) Pause Young (Normal) (G1 Evacuation Pause)
[2024-07-19T12:38:55.603+0530][20.860s] GC(3) Using 10 workers of 10 for evacuation
[2024-07-19T12:38:55.618+0530][20.874s] GC(3)   Pre Evacuate Collection Set: 0.0ms
[2024-07-19T12:38:55.618+0530][20.874s] GC(3)   Evacuate Collection Set: 12.8ms
[2024-07-19T12:38:55.618+0530][20.874s] GC(3)   Post Evacuate Collection Set: 1.0ms
[2024-07-19T12:38:55.618+0530][20.874s] GC(3)   Other: 0.3ms
[2024-07-19T12:38:55.618+0530][20.874s] GC(3) Eden regions: 74->0(102)
[2024-07-19T12:38:55.618+0530][20.874s] GC(3) Survivor regions: 12->5(11)
[2024-07-19T12:38:55.618+0530][20.874s] GC(3) Old regions: 0->12
[2024-07-19T12:38:55.618+0530][20.874s] GC(3) Humongous regions: 4->4
[2024-07-19T12:38:55.618+0530][20.874s] GC(3) Metaspace: 28045K->28045K(1075200K)
[2024-07-19T12:38:55.618+0530][20.874s] GC(3) Pause Young (Normal) (G1 Evacuation Pause) 89M->20M(512M) 14.639ms
[2024-07-19T12:38:55.618+0530][20.874s] GC(3) User=0.25s Sys=0.00s Real=0.02s
[2024-07-19T12:38:56.947+0530][22.201s] GC(4) Pause Young (Normal) (G1 Evacuation Pause)
[2024-07-19T12:38:56.947+0530][22.202s] GC(4) Using 10 workers of 10 for evacuation
[2024-07-19T12:38:56.947+0530][22.205s] GC(4)   Pre Evacuate Collection Set: 0.0ms
[2024-07-19T12:38:56.947+0530][22.205s] GC(4)   Evacuate Collection Set: 2.8ms
[2024-07-19T12:38:56.947+0530][22.205s] GC(4)   Post Evacuate Collection Set: 0.6ms
[2024-07-19T12:38:56.947+0530][22.205s] GC(4)   Other: 0.3ms
[2024-07-19T12:38:56.947+0530][22.205s] GC(4) Eden regions: 102->0(299)
[2024-07-19T12:38:56.947+0530][22.205s] GC(4) Survivor regions: 5->8(14)
[2024-07-19T12:38:56.947+0530][22.206s] GC(4) Old regions: 12->12
[2024-07-19T12:38:56.947+0530][22.206s] GC(4) Humongous regions: 4->4
[2024-07-19T12:38:56.947+0530][22.206s] GC(4) Metaspace: 28194K->28194K(1075200K)
[2024-07-19T12:38:56.947+0530][22.206s] GC(4) Pause Young (Normal) (G1 Evacuation Pause) 122M->22M(512M) 4.240ms
[2024-07-19T12:38:56.947+0530][22.206s] GC(4) User=0.05s Sys=0.00s Real=0.00s
[2024-07-19T12:39:00.915+0530][26.169s] GC(5) Pause Young (Concurrent Start) (Metadata GC Threshold)
[2024-07-19T12:39:00.915+0530][26.169s] GC(5) Using 10 workers of 10 for evacuation
[2024-07-19T12:39:00.931+0530][26.179s] GC(5)   Pre Evacuate Collection Set: 0.1ms
[2024-07-19T12:39:00.931+0530][26.179s] GC(5)   Evacuate Collection Set: 8.2ms
[2024-07-19T12:39:00.931+0530][26.179s] GC(5)   Post Evacuate Collection Set: 0.7ms
[2024-07-19T12:39:00.931+0530][26.179s] GC(5)   Other: 0.5ms
[2024-07-19T12:39:00.931+0530][26.179s] GC(5) Eden regions: 194->0(298)
[2024-07-19T12:39:00.931+0530][26.179s] GC(5) Survivor regions: 8->9(39)
[2024-07-19T12:39:00.931+0530][26.179s] GC(5) Old regions: 12->12
[2024-07-19T12:39:00.931+0530][26.179s] GC(5) Humongous regions: 4->4
[2024-07-19T12:39:00.931+0530][26.179s] GC(5) Metaspace: 34654K->34654K(1081344K)
[2024-07-19T12:39:00.931+0530][26.179s] GC(5) Pause Young (Concurrent Start) (Metadata GC Threshold) 216M->24M(512M) 9.894ms
[2024-07-19T12:39:00.931+0530][26.179s] GC(5) User=0.02s Sys=0.00s Real=0.02s
[2024-07-19T12:39:00.931+0530][26.179s] GC(6) Concurrent Cycle
[2024-07-19T12:39:00.931+0530][26.179s] GC(6) Concurrent Clear Claimed Marks
[2024-07-19T12:39:00.931+0530][26.179s] GC(6) Concurrent Clear Claimed Marks 0.139ms
[2024-07-19T12:39:00.931+0530][26.179s] GC(6) Concurrent Scan Root Regions
[2024-07-19T12:39:00.931+0530][26.182s] GC(6) Concurrent Scan Root Regions 2.989ms
[2024-07-19T12:39:00.931+0530][26.183s] GC(6) Concurrent Mark (26.183s)
[2024-07-19T12:39:00.931+0530][26.183s] GC(6) Concurrent Mark From Roots
[2024-07-19T12:39:00.931+0530][26.183s] GC(6) Using 3 workers of 3 for marking
[2024-07-19T12:39:00.962+0530][26.213s] GC(6) Concurrent Mark From Roots 29.915ms
[2024-07-19T12:39:00.962+0530][26.213s] GC(6) Concurrent Preclean
[2024-07-19T12:39:00.962+0530][26.213s] GC(6) Concurrent Preclean 0.724ms
[2024-07-19T12:39:00.962+0530][26.213s] GC(6) Concurrent Mark (26.183s, 26.213s) 30.851ms
[2024-07-19T12:39:00.962+0530][26.214s] GC(6) Pause Remark
[2024-07-19T12:39:00.962+0530][26.219s] GC(6) Cleaned string and symbol table, strings: 14916 processed, 16 removed, symbols: 111506 processed, 58 removed
[2024-07-19T12:39:00.962+0530][26.219s] GC(6) Pause Remark 27M->27M(512M) 5.434ms
[2024-07-19T12:39:00.962+0530][26.219s] GC(6) User=0.00s Sys=0.00s Real=0.00s
[2024-07-19T12:39:00.962+0530][26.219s] GC(6) Concurrent Rebuild Remembered Sets
[2024-07-19T12:39:00.978+0530][26.228s] GC(6) Concurrent Rebuild Remembered Sets 8.935ms
[2024-07-19T12:39:00.978+0530][26.228s] GC(6) Pause Cleanup
[2024-07-19T12:39:00.978+0530][26.229s] GC(6) Pause Cleanup 28M->28M(512M) 0.243ms
[2024-07-19T12:39:00.978+0530][26.229s] GC(6) User=0.00s Sys=0.00s Real=0.00s
[2024-07-19T12:39:00.978+0530][26.229s] GC(6) Concurrent Cleanup for Next Mark
[2024-07-19T12:39:00.978+0530][26.229s] GC(6) Concurrent Cleanup for Next Mark 0.524ms
[2024-07-19T12:39:00.978+0530][26.230s] GC(6) Concurrent Cycle 50.319ms
[2024-07-19T12:39:03.790+0530][29.050s] GC(7) Pause Young (Normal) (G1 Evacuation Pause)
[2024-07-19T12:39:03.790+0530][29.050s] GC(7) Using 10 workers of 10 for evacuation
[2024-07-19T12:39:03.806+0530][29.062s] GC(7)   Pre Evacuate Collection Set: 0.0ms
[2024-07-19T12:39:03.806+0530][29.062s] GC(7)   Evacuate Collection Set: 9.6ms
[2024-07-19T12:39:03.806+0530][29.062s] GC(7)   Post Evacuate Collection Set: 1.4ms
[2024-07-19T12:39:03.806+0530][29.062s] GC(7)   Other: 0.5ms
[2024-07-19T12:39:03.806+0530][29.062s] GC(7) Eden regions: 298->0(292)
[2024-07-19T12:39:03.806+0530][29.062s] GC(7) Survivor regions: 9->15(39)
[2024-07-19T12:39:03.806+0530][29.062s] GC(7) Old regions: 12->12
[2024-07-19T12:39:03.806+0530][29.062s] GC(7) Humongous regions: 4->4
[2024-07-19T12:39:03.806+0530][29.062s] GC(7) Metaspace: 45185K->45185K(1089536K)
[2024-07-19T12:39:03.806+0530][29.062s] GC(7) Pause Young (Normal) (G1 Evacuation Pause) 322M->30M(512M) 12.008ms
[2024-07-19T12:39:03.806+0530][29.062s] GC(7) User=0.19s Sys=0.00s Real=0.02s
[2024-07-19T12:39:05.150+0530][30.399s] GC(8) Pause Young (Normal) (GCLocker Initiated GC)
[2024-07-19T12:39:05.150+0530][30.399s] GC(8) Using 10 workers of 10 for evacuation
[2024-07-19T12:39:05.150+0530][30.410s] GC(8)   Pre Evacuate Collection Set: 0.0ms
[2024-07-19T12:39:05.150+0530][30.410s] GC(8)   Evacuate Collection Set: 10.2ms
[2024-07-19T12:39:05.150+0530][30.411s] GC(8)   Post Evacuate Collection Set: 1.2ms
[2024-07-19T12:39:05.150+0530][30.411s] GC(8)   Other: 0.3ms
[2024-07-19T12:39:05.150+0530][30.411s] GC(8) Eden regions: 292->0(289)
[2024-07-19T12:39:05.150+0530][30.411s] GC(8) Survivor regions: 15->18(39)
[2024-07-19T12:39:05.150+0530][30.411s] GC(8) Old regions: 12->12
[2024-07-19T12:39:05.150+0530][30.411s] GC(8) Humongous regions: 4->4
[2024-07-19T12:39:05.150+0530][30.411s] GC(8) Metaspace: 51295K->51295K(1095680K)
[2024-07-19T12:39:05.150+0530][30.411s] GC(8) Pause Young (Normal) (GCLocker Initiated GC) 322M->33M(512M) 12.308ms
[2024-07-19T12:39:05.150+0530][30.411s] GC(8) User=0.09s Sys=0.00s Real=0.00s
[2024-07-19T12:39:07.183+0530][32.439s] GC(9) Pause Young (Normal) (G1 Evacuation Pause)
[2024-07-19T12:39:07.183+0530][32.440s] GC(9) Using 10 workers of 10 for evacuation
[2024-07-19T12:39:07.198+0530][32.454s] GC(9)   Pre Evacuate Collection Set: 0.0ms
[2024-07-19T12:39:07.198+0530][32.455s] GC(9)   Evacuate Collection Set: 13.0ms
[2024-07-19T12:39:07.198+0530][32.455s] GC(9)   Post Evacuate Collection Set: 1.7ms
[2024-07-19T12:39:07.198+0530][32.455s] GC(9)   Other: 0.4ms
[2024-07-19T12:39:07.198+0530][32.455s] GC(9) Eden regions: 289->0(282)
[2024-07-19T12:39:07.198+0530][32.455s] GC(9) Survivor regions: 18->25(39)
[2024-07-19T12:39:07.198+0530][32.455s] GC(9) Old regions: 12->12
[2024-07-19T12:39:07.198+0530][32.455s] GC(9) Humongous regions: 4->4
[2024-07-19T12:39:07.198+0530][32.455s] GC(9) Metaspace: 57831K->57831K(1101824K)
[2024-07-19T12:39:07.198+0530][32.455s] GC(9) Pause Young (Normal) (G1 Evacuation Pause) 322M->39M(512M) 15.608ms
[2024-07-19T12:39:07.198+0530][32.455s] GC(9) User=0.13s Sys=0.00s Real=0.01s
[2024-07-19T12:39:07.417+0530][32.669s] GC(10) Pause Young (Concurrent Start) (Metadata GC Threshold)
[2024-07-19T12:39:07.417+0530][32.669s] GC(10) Using 10 workers of 10 for evacuation
[2024-07-19T12:39:07.433+0530][32.687s] GC(10)   Pre Evacuate Collection Set: 0.2ms
[2024-07-19T12:39:07.433+0530][32.687s] GC(10)   Evacuate Collection Set: 16.6ms
[2024-07-19T12:39:07.433+0530][32.687s] GC(10)   Post Evacuate Collection Set: 1.3ms
[2024-07-19T12:39:07.433+0530][32.687s] GC(10)   Other: 0.4ms
[2024-07-19T12:39:07.433+0530][32.687s] GC(10) Eden regions: 35->0(288)
[2024-07-19T12:39:07.433+0530][32.688s] GC(10) Survivor regions: 25->19(39)
[2024-07-19T12:39:07.433+0530][32.688s] GC(10) Old regions: 12->19
[2024-07-19T12:39:07.433+0530][32.688s] GC(10) Humongous regions: 4->4
[2024-07-19T12:39:07.433+0530][32.688s] GC(10) Metaspace: 58335K->58335K(1101824K)
[2024-07-19T12:39:07.433+0530][32.688s] GC(10) Pause Young (Concurrent Start) (Metadata GC Threshold) 74M->41M(512M) 18.948ms
[2024-07-19T12:39:07.433+0530][32.688s] GC(10) User=0.14s Sys=0.00s Real=0.02s
[2024-07-19T12:39:07.433+0530][32.688s] GC(11) Concurrent Cycle
[2024-07-19T12:39:07.433+0530][32.688s] GC(11) Concurrent Clear Claimed Marks
[2024-07-19T12:39:07.433+0530][32.688s] GC(11) Concurrent Clear Claimed Marks 0.156ms
[2024-07-19T12:39:07.433+0530][32.688s] GC(11) Concurrent Scan Root Regions
[2024-07-19T12:39:07.448+0530][32.698s] GC(11) Concurrent Scan Root Regions 9.610ms
[2024-07-19T12:39:07.448+0530][32.698s] GC(11) Concurrent Mark (32.698s)
[2024-07-19T12:39:07.448+0530][32.698s] GC(11) Concurrent Mark From Roots
[2024-07-19T12:39:07.448+0530][32.698s] GC(11) Using 3 workers of 3 for marking
[2024-07-19T12:39:07.464+0530][32.723s] GC(11) Concurrent Mark From Roots 25.365ms
[2024-07-19T12:39:07.464+0530][32.723s] GC(11) Concurrent Preclean
[2024-07-19T12:39:07.464+0530][32.724s] GC(11) Concurrent Preclean 0.657ms
[2024-07-19T12:39:07.464+0530][32.724s] GC(11) Concurrent Mark (32.698s, 32.724s) 26.235ms
[2024-07-19T12:39:07.464+0530][32.724s] GC(11) Pause Remark
[2024-07-19T12:39:07.480+0530][32.730s] GC(11) Cleaned string and symbol table, strings: 26309 processed, 0 removed, symbols: 177322 processed, 539 removed
[2024-07-19T12:39:07.480+0530][32.730s] GC(11) Pause Remark 44M->44M(512M) 5.627ms
[2024-07-19T12:39:07.480+0530][32.730s] GC(11) User=0.06s Sys=0.00s Real=0.02s
[2024-07-19T12:39:07.480+0530][32.730s] GC(11) Concurrent Rebuild Remembered Sets
[2024-07-19T12:39:07.495+0530][32.742s] GC(11) Concurrent Rebuild Remembered Sets 11.458ms
[2024-07-19T12:39:07.495+0530][32.742s] GC(11) Pause Cleanup
[2024-07-19T12:39:07.495+0530][32.742s] GC(11) Pause Cleanup 46M->46M(512M) 0.230ms
[2024-07-19T12:39:07.495+0530][32.742s] GC(11) User=0.00s Sys=0.00s Real=0.00s
[2024-07-19T12:39:07.495+0530][32.742s] GC(11) Concurrent Cleanup for Next Mark
[2024-07-19T12:39:07.495+0530][32.744s] GC(11) Concurrent Cleanup for Next Mark 1.404ms
[2024-07-19T12:39:07.495+0530][32.744s] GC(11) Concurrent Cycle 55.962ms
[2024-08-21T18:26:59.000+0530][2872439.875s] Heap
[2024-08-21T18:26:59.000+0530][2872439.876s]  garbage-first heap   total 524288K, used 320705K [0x00000000e0000000, 0x0000000100000000)
[2024-08-21T18:26:59.000+0530][2872439.876s]   region size 1024K, 292 young (299008K), 19 survivors (19456K)
[2024-08-21T18:26:59.000+0530][2872439.876s]  Metaspace       used 65324K, capacity 67600K, committed 67840K, reserved 1107968K
[2024-08-21T18:26:59.000+0530][2872439.876s]   class space    used 7995K, capacity 8914K, committed 8960K, reserved 1048576K
