[2024-09-03T11:56:25.962+0530][0.054s] Heap region size: 1M
[2024-09-03T11:56:26.452+0530][0.549s] Using G1
[2024-09-03T11:56:26.452+0530][0.549s] Heap address: 0x00000000e0000000, size: 512 MB, Compressed Oops mode: 32-bit
[2024-09-03T11:56:40.242+0530][14.339s] GC(0) Pause Young (Normal) (G1 Evacuation Pause)
[2024-09-03T11:56:40.242+0530][14.341s] GC(0) Using 10 workers of 10 for evacuation
[2024-09-03T11:56:40.414+0530][14.503s] GC(0)   Pre Evacuate Collection Set: 0.0ms
[2024-09-03T11:56:40.414+0530][14.503s] GC(0)   Evacuate Collection Set: 161.6ms
[2024-09-03T11:56:40.414+0530][14.504s] GC(0)   Post Evacuate Collection Set: 0.8ms
[2024-09-03T11:56:40.414+0530][14.504s] GC(0)   Other: 2.3ms
[2024-09-03T11:56:40.414+0530][14.504s] GC(0) Eden regions: 30->0(304)
[2024-09-03T11:56:40.414+0530][14.504s] GC(0) Survivor regions: 0->3(4)
[2024-09-03T11:56:40.414+0530][14.504s] GC(0) Old regions: 0->0
[2024-09-03T11:56:40.414+0530][14.504s] GC(0) Humongous regions: 0->0
[2024-09-03T11:56:40.414+0530][14.504s] GC(0) Metaspace: 12161K->12161K(1060864K)
[2024-09-03T11:56:40.414+0530][14.504s] GC(0) Pause Young (Normal) (G1 Evacuation Pause) 30M->2M(512M) 165.441ms
[2024-09-03T11:56:40.414+0530][14.504s] GC(0) User=0.33s Sys=0.05s Real=0.17s
[2024-09-03T11:56:41.884+0530][15.974s] GC(1) Pause Young (Concurrent Start) (Metadata GC Threshold)
[2024-09-03T11:56:41.884+0530][15.974s] GC(1) Using 10 workers of 10 for evacuation
[2024-09-03T11:56:41.899+0530][15.990s] GC(1)   Pre Evacuate Collection Set: 0.1ms
[2024-09-03T11:56:41.899+0530][15.991s] GC(1)   Evacuate Collection Set: 15.5ms
[2024-09-03T11:56:41.899+0530][15.991s] GC(1)   Post Evacuate Collection Set: 0.9ms
[2024-09-03T11:56:41.899+0530][15.991s] GC(1)   Other: 0.4ms
[2024-09-03T11:56:41.899+0530][15.991s] GC(1) Eden regions: 70->0(87)
[2024-09-03T11:56:41.899+0530][15.991s] GC(1) Survivor regions: 3->12(39)
[2024-09-03T11:56:41.899+0530][15.991s] GC(1) Old regions: 0->0
[2024-09-03T11:56:41.899+0530][15.991s] GC(1) Humongous regions: 4->4
[2024-09-03T11:56:41.899+0530][15.991s] GC(1) Metaspace: 20540K->20540K(1069056K)
[2024-09-03T11:56:41.899+0530][15.991s] GC(1) Pause Young (Concurrent Start) (Metadata GC Threshold) 76M->15M(512M) 17.352ms
[2024-09-03T11:56:41.899+0530][15.991s] GC(1) User=0.06s Sys=0.00s Real=0.01s
[2024-09-03T11:56:41.899+0530][15.991s] GC(2) Concurrent Cycle
[2024-09-03T11:56:41.899+0530][15.991s] GC(2) Concurrent Clear Claimed Marks
[2024-09-03T11:56:41.899+0530][15.991s] GC(2) Concurrent Clear Claimed Marks 0.073ms
[2024-09-03T11:56:41.899+0530][15.991s] GC(2) Concurrent Scan Root Regions
[2024-09-03T11:56:41.899+0530][15.998s] GC(2) Concurrent Scan Root Regions 6.609ms
[2024-09-03T11:56:41.899+0530][15.998s] GC(2) Concurrent Mark (15.998s)
[2024-09-03T11:56:41.899+0530][15.998s] GC(2) Concurrent Mark From Roots
[2024-09-03T11:56:41.899+0530][15.998s] GC(2) Using 3 workers of 3 for marking
[2024-09-03T11:56:41.899+0530][16.000s] GC(2) Concurrent Mark From Roots 1.784ms
[2024-09-03T11:56:41.899+0530][16.000s] GC(2) Concurrent Preclean
[2024-09-03T11:56:41.899+0530][16.000s] GC(2) Concurrent Preclean 0.464ms
[2024-09-03T11:56:41.899+0530][16.000s] GC(2) Concurrent Mark (15.998s, 16.000s) 2.432ms
[2024-09-03T11:56:41.899+0530][16.001s] GC(2) Pause Remark
[2024-09-03T11:56:41.899+0530][16.002s] GC(2) Cleaned string and symbol table, strings: 9396 processed, 0 removed, symbols: 65984 processed, 15 removed
[2024-09-03T11:56:41.899+0530][16.003s] GC(2) Pause Remark 16M->16M(512M) 2.036ms
[2024-09-03T11:56:41.899+0530][16.003s] GC(2) User=0.02s Sys=0.00s Real=0.00s
[2024-09-03T11:56:41.899+0530][16.003s] GC(2) Concurrent Rebuild Remembered Sets
[2024-09-03T11:56:41.915+0530][16.006s] GC(2) Concurrent Rebuild Remembered Sets 3.299ms
[2024-09-03T11:56:41.915+0530][16.006s] GC(2) Pause Cleanup
[2024-09-03T11:56:41.915+0530][16.007s] GC(2) Pause Cleanup 16M->16M(512M) 0.190ms
[2024-09-03T11:56:41.915+0530][16.007s] GC(2) User=0.00s Sys=0.00s Real=0.00s
[2024-09-03T11:56:41.915+0530][16.007s] GC(2) Concurrent Cleanup for Next Mark
[2024-09-03T11:56:41.915+0530][16.007s] GC(2) Concurrent Cleanup for Next Mark 0.691ms
[2024-09-03T11:56:41.915+0530][16.007s] GC(2) Concurrent Cycle 16.400ms
[2024-09-03T11:56:43.759+0530][17.850s] GC(3) Pause Young (Normal) (G1 Evacuation Pause)
[2024-09-03T11:56:43.759+0530][17.850s] GC(3) Using 10 workers of 10 for evacuation
[2024-09-03T11:56:43.774+0530][17.864s] GC(3)   Pre Evacuate Collection Set: 0.0ms
[2024-09-03T11:56:43.774+0530][17.864s] GC(3)   Evacuate Collection Set: 11.8ms
[2024-09-03T11:56:43.774+0530][17.864s] GC(3)   Post Evacuate Collection Set: 1.2ms
[2024-09-03T11:56:43.774+0530][17.864s] GC(3)   Other: 0.4ms
[2024-09-03T11:56:43.774+0530][17.864s] GC(3) Eden regions: 76->0(104)
[2024-09-03T11:56:43.774+0530][17.864s] GC(3) Survivor regions: 12->5(11)
[2024-09-03T11:56:43.774+0530][17.864s] GC(3) Old regions: 0->12
[2024-09-03T11:56:43.774+0530][17.864s] GC(3) Humongous regions: 4->4
[2024-09-03T11:56:43.774+0530][17.864s] GC(3) Metaspace: 28013K->28013K(1075200K)
[2024-09-03T11:56:43.774+0530][17.864s] GC(3) Pause Young (Normal) (G1 Evacuation Pause) 91M->19M(512M) 13.886ms
[2024-09-03T11:56:43.774+0530][17.864s] GC(3) User=0.02s Sys=0.00s Real=0.01s
[2024-09-03T11:56:44.915+0530][19.011s] GC(4) Pause Young (Normal) (G1 Evacuation Pause)
[2024-09-03T11:56:44.915+0530][19.011s] GC(4) Using 10 workers of 10 for evacuation
[2024-09-03T11:56:44.915+0530][19.014s] GC(4)   Pre Evacuate Collection Set: 0.0ms
[2024-09-03T11:56:44.915+0530][19.014s] GC(4)   Evacuate Collection Set: 2.1ms
[2024-09-03T11:56:44.915+0530][19.014s] GC(4)   Post Evacuate Collection Set: 0.5ms
[2024-09-03T11:56:44.915+0530][19.014s] GC(4)   Other: 0.3ms
[2024-09-03T11:56:44.915+0530][19.014s] GC(4) Eden regions: 104->0(299)
[2024-09-03T11:56:44.915+0530][19.014s] GC(4) Survivor regions: 5->8(14)
[2024-09-03T11:56:44.915+0530][19.014s] GC(4) Old regions: 12->12
[2024-09-03T11:56:44.915+0530][19.014s] GC(4) Humongous regions: 4->4
[2024-09-03T11:56:44.915+0530][19.014s] GC(4) Metaspace: 28171K->28171K(1075200K)
[2024-09-03T11:56:44.915+0530][19.014s] GC(4) Pause Young (Normal) (G1 Evacuation Pause) 123M->23M(512M) 3.342ms
[2024-09-03T11:56:44.915+0530][19.014s] GC(4) User=0.00s Sys=0.00s Real=0.00s
[2024-09-03T11:56:46.838+0530][20.940s] GC(5) Pause Young (Concurrent Start) (Metadata GC Threshold)
[2024-09-03T11:56:46.838+0530][20.940s] GC(5) Using 10 workers of 10 for evacuation
[2024-09-03T11:56:46.853+0530][20.948s] GC(5)   Pre Evacuate Collection Set: 0.1ms
[2024-09-03T11:56:46.853+0530][20.948s] GC(5)   Evacuate Collection Set: 6.5ms
[2024-09-03T11:56:46.853+0530][20.948s] GC(5)   Post Evacuate Collection Set: 0.6ms
[2024-09-03T11:56:46.853+0530][20.948s] GC(5)   Other: 0.3ms
[2024-09-03T11:56:46.853+0530][20.948s] GC(5) Eden regions: 187->0(298)
[2024-09-03T11:56:46.853+0530][20.948s] GC(5) Survivor regions: 8->9(39)
[2024-09-03T11:56:46.853+0530][20.948s] GC(5) Old regions: 12->12
[2024-09-03T11:56:46.853+0530][20.948s] GC(5) Humongous regions: 4->4
[2024-09-03T11:56:46.853+0530][20.948s] GC(5) Metaspace: 34657K->34657K(1081344K)
[2024-09-03T11:56:46.853+0530][20.948s] GC(5) Pause Young (Concurrent Start) (Metadata GC Threshold) 209M->24M(512M) 7.906ms
[2024-09-03T11:56:46.853+0530][20.948s] GC(5) User=0.05s Sys=0.00s Real=0.01s
[2024-09-03T11:56:46.853+0530][20.948s] GC(6) Concurrent Cycle
[2024-09-03T11:56:46.853+0530][20.948s] GC(6) Concurrent Clear Claimed Marks
[2024-09-03T11:56:46.853+0530][20.948s] GC(6) Concurrent Clear Claimed Marks 0.077ms
[2024-09-03T11:56:46.853+0530][20.948s] GC(6) Concurrent Scan Root Regions
[2024-09-03T11:56:46.853+0530][20.951s] GC(6) Concurrent Scan Root Regions 2.470ms
[2024-09-03T11:56:46.853+0530][20.951s] GC(6) Concurrent Mark (20.951s)
[2024-09-03T11:56:46.853+0530][20.951s] GC(6) Concurrent Mark From Roots
[2024-09-03T11:56:46.853+0530][20.951s] GC(6) Using 3 workers of 3 for marking
[2024-09-03T11:56:46.885+0530][20.975s] GC(6) Concurrent Mark From Roots 24.083ms
[2024-09-03T11:56:46.885+0530][20.975s] GC(6) Concurrent Preclean
[2024-09-03T11:56:46.885+0530][20.975s] GC(6) Concurrent Preclean 0.463ms
[2024-09-03T11:56:46.885+0530][20.975s] GC(6) Concurrent Mark (20.951s, 20.975s) 24.686ms
[2024-09-03T11:56:46.885+0530][20.976s] GC(6) Pause Remark
[2024-09-03T11:56:46.885+0530][20.980s] GC(6) Cleaned string and symbol table, strings: 14891 processed, 16 removed, symbols: 111506 processed, 57 removed
[2024-09-03T11:56:46.885+0530][20.980s] GC(6) Pause Remark 27M->27M(512M) 4.245ms
[2024-09-03T11:56:46.885+0530][20.980s] GC(6) User=0.00s Sys=0.00s Real=0.00s
[2024-09-03T11:56:46.885+0530][20.980s] GC(6) Concurrent Rebuild Remembered Sets
[2024-09-03T11:56:46.885+0530][20.987s] GC(6) Concurrent Rebuild Remembered Sets 7.349ms
[2024-09-03T11:56:46.885+0530][20.988s] GC(6) Pause Cleanup
[2024-09-03T11:56:46.885+0530][20.988s] GC(6) Pause Cleanup 28M->28M(512M) 0.130ms
[2024-09-03T11:56:46.885+0530][20.988s] GC(6) User=0.00s Sys=0.00s Real=0.00s
[2024-09-03T11:56:46.885+0530][20.988s] GC(6) Concurrent Cleanup for Next Mark
[2024-09-03T11:56:46.885+0530][20.988s] GC(6) Concurrent Cleanup for Next Mark 0.404ms
[2024-09-03T11:56:46.885+0530][20.988s] GC(6) Concurrent Cycle 40.427ms
[2024-09-03T11:56:48.807+0530][22.909s] GC(7) Pause Young (Normal) (G1 Evacuation Pause)
[2024-09-03T11:56:48.807+0530][22.909s] GC(7) Using 10 workers of 10 for evacuation
[2024-09-03T11:56:48.823+0530][22.919s] GC(7)   Pre Evacuate Collection Set: 0.0ms
[2024-09-03T11:56:48.823+0530][22.919s] GC(7)   Evacuate Collection Set: 9.0ms
[2024-09-03T11:56:48.823+0530][22.919s] GC(7)   Post Evacuate Collection Set: 0.8ms
[2024-09-03T11:56:48.823+0530][22.919s] GC(7)   Other: 0.3ms
[2024-09-03T11:56:48.823+0530][22.919s] GC(7) Eden regions: 298->0(292)
[2024-09-03T11:56:48.823+0530][22.919s] GC(7) Survivor regions: 9->15(39)
[2024-09-03T11:56:48.823+0530][22.919s] GC(7) Old regions: 12->12
[2024-09-03T11:56:48.823+0530][22.919s] GC(7) Humongous regions: 4->4
[2024-09-03T11:56:48.823+0530][22.919s] GC(7) Metaspace: 45035K->45035K(1089536K)
[2024-09-03T11:56:48.823+0530][22.919s] GC(7) Pause Young (Normal) (G1 Evacuation Pause) 322M->30M(512M) 10.395ms
[2024-09-03T11:56:48.823+0530][22.919s] GC(7) User=0.02s Sys=0.00s Real=0.02s
[2024-09-03T11:56:49.839+0530][23.936s] GC(8) Pause Young (Normal) (G1 Evacuation Pause)
[2024-09-03T11:56:49.839+0530][23.936s] GC(8) Using 10 workers of 10 for evacuation
[2024-09-03T11:56:49.855+0530][23.948s] GC(8)   Pre Evacuate Collection Set: 0.0ms
[2024-09-03T11:56:49.855+0530][23.948s] GC(8)   Evacuate Collection Set: 9.9ms
[2024-09-03T11:56:49.855+0530][23.948s] GC(8)   Post Evacuate Collection Set: 1.2ms
[2024-09-03T11:56:49.855+0530][23.948s] GC(8)   Other: 0.3ms
[2024-09-03T11:56:49.855+0530][23.948s] GC(8) Eden regions: 292->0(289)
[2024-09-03T11:56:49.855+0530][23.948s] GC(8) Survivor regions: 15->18(39)
[2024-09-03T11:56:49.855+0530][23.948s] GC(8) Old regions: 12->12
[2024-09-03T11:56:49.855+0530][23.948s] GC(8) Humongous regions: 4->4
[2024-09-03T11:56:49.855+0530][23.948s] GC(8) Metaspace: 51133K->51133K(1095680K)
[2024-09-03T11:56:49.855+0530][23.948s] GC(8) Pause Young (Normal) (G1 Evacuation Pause) 322M->33M(512M) 12.063ms
[2024-09-03T11:56:49.855+0530][23.948s] GC(8) User=0.02s Sys=0.00s Real=0.02s
[2024-09-03T11:56:52.097+0530][26.186s] GC(9) Pause Young (Normal) (G1 Evacuation Pause)
[2024-09-03T11:56:52.097+0530][26.186s] GC(9) Using 10 workers of 10 for evacuation
[2024-09-03T11:56:52.098+0530][26.199s] GC(9)   Pre Evacuate Collection Set: 0.0ms
[2024-09-03T11:56:52.098+0530][26.199s] GC(9)   Evacuate Collection Set: 11.8ms
[2024-09-03T11:56:52.098+0530][26.199s] GC(9)   Post Evacuate Collection Set: 1.3ms
[2024-09-03T11:56:52.098+0530][26.200s] GC(9)   Other: 0.3ms
[2024-09-03T11:56:52.098+0530][26.200s] GC(9) Eden regions: 289->0(283)
[2024-09-03T11:56:52.098+0530][26.200s] GC(9) Survivor regions: 18->24(39)
[2024-09-03T11:56:52.098+0530][26.200s] GC(9) Old regions: 12->12
[2024-09-03T11:56:52.098+0530][26.200s] GC(9) Humongous regions: 4->4
[2024-09-03T11:56:52.098+0530][26.200s] GC(9) Metaspace: 57679K->57679K(1101824K)
[2024-09-03T11:56:52.098+0530][26.200s] GC(9) Pause Young (Normal) (G1 Evacuation Pause) 322M->39M(512M) 13.847ms
[2024-09-03T11:56:52.098+0530][26.200s] GC(9) User=0.11s Sys=0.00s Real=0.00s
[2024-09-03T11:56:52.349+0530][26.450s] GC(10) Pause Young (Concurrent Start) (Metadata GC Threshold)
[2024-09-03T11:56:52.349+0530][26.450s] GC(10) Using 10 workers of 10 for evacuation
[2024-09-03T11:56:52.380+0530][26.470s] GC(10)   Pre Evacuate Collection Set: 0.1ms
[2024-09-03T11:56:52.380+0530][26.470s] GC(10)   Evacuate Collection Set: 18.2ms
[2024-09-03T11:56:52.380+0530][26.470s] GC(10)   Post Evacuate Collection Set: 0.9ms
[2024-09-03T11:56:52.380+0530][26.470s] GC(10)   Other: 0.3ms
[2024-09-03T11:56:52.380+0530][26.470s] GC(10) Eden regions: 36->0(288)
[2024-09-03T11:56:52.380+0530][26.470s] GC(10) Survivor regions: 24->19(39)
[2024-09-03T11:56:52.380+0530][26.470s] GC(10) Old regions: 12->19
[2024-09-03T11:56:52.380+0530][26.470s] GC(10) Humongous regions: 4->4
[2024-09-03T11:56:52.380+0530][26.470s] GC(10) Metaspace: 58174K->58174K(1101824K)
[2024-09-03T11:56:52.380+0530][26.470s] GC(10) Pause Young (Concurrent Start) (Metadata GC Threshold) 75M->41M(512M) 20.012ms
[2024-09-03T11:56:52.380+0530][26.470s] GC(10) User=0.14s Sys=0.00s Real=0.03s
[2024-09-03T11:56:52.380+0530][26.470s] GC(11) Concurrent Cycle
[2024-09-03T11:56:52.380+0530][26.470s] GC(11) Concurrent Clear Claimed Marks
[2024-09-03T11:56:52.380+0530][26.470s] GC(11) Concurrent Clear Claimed Marks 0.156ms
[2024-09-03T11:56:52.380+0530][26.471s] GC(11) Concurrent Scan Root Regions
[2024-09-03T11:56:52.380+0530][26.479s] GC(11) Concurrent Scan Root Regions 8.308ms
[2024-09-03T11:56:52.380+0530][26.479s] GC(11) Concurrent Mark (26.479s)
[2024-09-03T11:56:52.380+0530][26.479s] GC(11) Concurrent Mark From Roots
[2024-09-03T11:56:52.380+0530][26.479s] GC(11) Using 3 workers of 3 for marking
[2024-09-03T11:56:52.412+0530][26.500s] GC(11) Concurrent Mark From Roots 21.150ms
[2024-09-03T11:56:52.412+0530][26.500s] GC(11) Concurrent Preclean
[2024-09-03T11:56:52.412+0530][26.501s] GC(11) Concurrent Preclean 0.596ms
[2024-09-03T11:56:52.412+0530][26.501s] GC(11) Concurrent Mark (26.479s, 26.501s) 21.943ms
[2024-09-03T11:56:52.412+0530][26.503s] GC(11) Pause Remark
[2024-09-03T11:56:52.412+0530][26.508s] GC(11) Cleaned string and symbol table, strings: 26152 processed, 0 removed, symbols: 176650 processed, 539 removed
[2024-09-03T11:56:52.412+0530][26.508s] GC(11) Pause Remark 42M->42M(512M) 4.981ms
[2024-09-03T11:56:52.412+0530][26.508s] GC(11) User=0.00s Sys=0.00s Real=0.00s
[2024-09-03T11:56:52.412+0530][26.508s] GC(11) Concurrent Rebuild Remembered Sets
[2024-09-03T11:56:52.427+0530][26.518s] GC(11) Concurrent Rebuild Remembered Sets 10.047ms
[2024-09-03T11:56:52.427+0530][26.519s] GC(11) Pause Cleanup
[2024-09-03T11:56:52.427+0530][26.520s] GC(11) Pause Cleanup 42M->42M(512M) 0.208ms
[2024-09-03T11:56:52.427+0530][26.520s] GC(11) User=0.00s Sys=0.00s Real=0.00s
[2024-09-03T11:56:52.427+0530][26.520s] GC(11) Concurrent Cleanup for Next Mark
[2024-09-03T11:56:52.427+0530][26.520s] GC(11) Concurrent Cleanup for Next Mark 0.567ms
[2024-09-03T11:56:52.427+0530][26.521s] GC(11) Concurrent Cycle 50.283ms
[2024-09-04T11:47:23.952+0530][85875.595s] GC(12) Pause Young (Normal) (G1 Evacuation Pause)
[2024-09-04T11:47:23.952+0530][85875.596s] GC(12) Using 10 workers of 10 for evacuation
[2024-09-04T11:47:24.019+0530][85875.663s] GC(12)   Pre Evacuate Collection Set: 0.4ms
[2024-09-04T11:47:24.019+0530][85875.663s] GC(12)   Evacuate Collection Set: 62.5ms
[2024-09-04T11:47:24.019+0530][85875.663s] GC(12)   Post Evacuate Collection Set: 3.1ms
[2024-09-04T11:47:24.019+0530][85875.663s] GC(12)   Other: 1.7ms
[2024-09-04T11:47:24.019+0530][85875.663s] GC(12) Eden regions: 288->0(281)
[2024-09-04T11:47:24.019+0530][85875.663s] GC(12) Survivor regions: 19->26(39)
[2024-09-04T11:47:24.019+0530][85875.663s] GC(12) Old regions: 19->19
[2024-09-04T11:47:24.019+0530][85875.663s] GC(12) Humongous regions: 4->4
[2024-09-04T11:47:24.019+0530][85875.663s] GC(12) Metaspace: 66003K->66003K(1107968K)
[2024-09-04T11:47:24.020+0530][85875.663s] GC(12) Pause Young (Normal) (G1 Evacuation Pause) 329M->48M(512M) 67.941ms
[2024-09-04T11:47:24.020+0530][85875.663s] GC(12) User=0.08s Sys=0.36s Real=0.07s
[2024-09-10T12:10:20.534+0530][605755.181s] GC(13) Pause Young (Normal) (G1 Evacuation Pause)
[2024-09-10T12:10:20.535+0530][605755.181s] GC(13) Using 10 workers of 10 for evacuation
[2024-09-10T12:10:20.631+0530][605755.277s] GC(13)   Pre Evacuate Collection Set: 0.5ms
[2024-09-10T12:10:20.631+0530][605755.277s] GC(13)   Evacuate Collection Set: 87.2ms
[2024-09-10T12:10:20.631+0530][605755.277s] GC(13)   Post Evacuate Collection Set: 8.2ms
[2024-09-10T12:10:20.631+0530][605755.277s] GC(13)   Other: 0.9ms
[2024-09-10T12:10:20.631+0530][605755.277s] GC(13) Eden regions: 281->0(286)
[2024-09-10T12:10:20.631+0530][605755.278s] GC(13) Survivor regions: 26->21(39)
[2024-09-10T12:10:20.631+0530][605755.278s] GC(13) Old regions: 19->26
[2024-09-10T12:10:20.631+0530][605755.278s] GC(13) Humongous regions: 10->9
[2024-09-10T12:10:20.631+0530][605755.278s] GC(13) Metaspace: 71554K->71554K(1114112K)
[2024-09-10T12:10:20.631+0530][605755.278s] GC(13) Pause Young (Normal) (G1 Evacuation Pause) 335M->54M(512M) 97.246ms
[2024-09-10T12:10:20.631+0530][605755.278s] GC(13) User=0.27s Sys=0.42s Real=0.10s
[2024-09-15T09:04:46.241+0530][1026703.580s] Heap
[2024-09-15T09:04:46.241+0530][1026703.580s]  garbage-first heap   total 524288K, used 268995K [0x00000000e0000000, 0x0000000100000000)
[2024-09-15T09:04:46.241+0530][1026703.580s]   region size 1024K, 231 young (236544K), 21 survivors (21504K)
[2024-09-15T09:04:46.241+0530][1026703.580s]  Metaspace       used 72175K, capacity 74589K, committed 74880K, reserved 1114112K
[2024-09-15T09:04:46.241+0530][1026703.580s]   class space    used 8494K, capacity 9477K, committed 9600K, reserved 1048576K
