[2024-06-03T18:47:53.358+0530][0.050s] Heap region size: 1M
[2024-06-03T18:47:53.903+0530][0.594s] Using G1
[2024-06-03T18:47:53.903+0530][0.595s] Heap address: 0x00000000e0000000, size: 512 MB, Compressed Oops mode: 32-bit
[2024-06-03T18:47:56.709+0530][3.401s] GC(0) Pause Young (Normal) (G1 Evacuation Pause)
[2024-06-03T18:47:56.712+0530][3.403s] GC(0) Using 10 workers of 10 for evacuation
[2024-06-03T18:47:56.717+0530][3.408s] GC(0)   Pre Evacuate Collection Set: 0.0ms
[2024-06-03T18:47:56.717+0530][3.408s] GC(0)   Evacuate Collection Set: 3.7ms
[2024-06-03T18:47:56.717+0530][3.408s] GC(0)   Post Evacuate Collection Set: 0.7ms
[2024-06-03T18:47:56.717+0530][3.408s] GC(0)   Other: 3.0ms
[2024-06-03T18:47:56.717+0530][3.408s] GC(0) Eden regions: 30->0(304)
[2024-06-03T18:47:56.718+0530][3.409s] GC(0) Survivor regions: 0->3(4)
[2024-06-03T18:47:56.718+0530][3.409s] GC(0) Old regions: 0->0
[2024-06-03T18:47:56.718+0530][3.409s] GC(0) Humongous regions: 0->0
[2024-06-03T18:47:56.718+0530][3.409s] GC(0) Metaspace: 12145K->12145K(1060864K)
[2024-06-03T18:47:56.718+0530][3.409s] GC(0) Pause Young (Normal) (G1 Evacuation Pause) 30M->2M(512M) 8.517ms
[2024-06-03T18:47:56.718+0530][3.409s] GC(0) User=0.00s Sys=0.00s Real=0.01s
[2024-06-03T18:47:58.181+0530][4.871s] GC(1) Pause Young (Concurrent Start) (Metadata GC Threshold)
[2024-06-03T18:47:58.181+0530][4.872s] GC(1) Using 10 workers of 10 for evacuation
[2024-06-03T18:47:58.200+0530][4.890s] GC(1)   Pre Evacuate Collection Set: 0.1ms
[2024-06-03T18:47:58.200+0530][4.890s] GC(1)   Evacuate Collection Set: 17.3ms
[2024-06-03T18:47:58.200+0530][4.890s] GC(1)   Post Evacuate Collection Set: 1.0ms
[2024-06-03T18:47:58.200+0530][4.890s] GC(1)   Other: 0.5ms
[2024-06-03T18:47:58.200+0530][4.891s] GC(1) Eden regions: 70->0(86)
[2024-06-03T18:47:58.200+0530][4.891s] GC(1) Survivor regions: 3->12(39)
[2024-06-03T18:47:58.200+0530][4.891s] GC(1) Old regions: 0->0
[2024-06-03T18:47:58.200+0530][4.891s] GC(1) Humongous regions: 4->4
[2024-06-03T18:47:58.200+0530][4.891s] GC(1) Metaspace: 20537K->20537K(1069056K)
[2024-06-03T18:47:58.200+0530][4.891s] GC(1) Pause Young (Concurrent Start) (Metadata GC Threshold) 76M->15M(512M) 19.244ms
[2024-06-03T18:47:58.200+0530][4.891s] GC(1) User=0.02s Sys=0.00s Real=0.02s
[2024-06-03T18:47:58.200+0530][4.891s] GC(2) Concurrent Cycle
[2024-06-03T18:47:58.200+0530][4.891s] GC(2) Concurrent Clear Claimed Marks
[2024-06-03T18:47:58.200+0530][4.891s] GC(2) Concurrent Clear Claimed Marks 0.089ms
[2024-06-03T18:47:58.200+0530][4.891s] GC(2) Concurrent Scan Root Regions
[2024-06-03T18:47:58.206+0530][4.896s] GC(2) Concurrent Scan Root Regions 5.273ms
[2024-06-03T18:47:58.206+0530][4.897s] GC(2) Concurrent Mark (4.896s)
[2024-06-03T18:47:58.206+0530][4.897s] GC(2) Concurrent Mark From Roots
[2024-06-03T18:47:58.206+0530][4.897s] GC(2) Using 3 workers of 3 for marking
[2024-06-03T18:47:58.208+0530][4.899s] GC(2) Concurrent Mark From Roots 2.219ms
[2024-06-03T18:47:58.208+0530][4.899s] GC(2) Concurrent Preclean
[2024-06-03T18:47:58.209+0530][4.899s] GC(2) Concurrent Preclean 0.459ms
[2024-06-03T18:47:58.209+0530][4.899s] GC(2) Concurrent Mark (4.896s, 4.899s) 2.909ms
[2024-06-03T18:47:58.209+0530][4.900s] GC(2) Pause Remark
[2024-06-03T18:47:58.210+0530][4.901s] GC(2) Cleaned string and symbol table, strings: 9409 processed, 0 removed, symbols: 65998 processed, 15 removed
[2024-06-03T18:47:58.211+0530][4.902s] GC(2) Pause Remark 16M->16M(512M) 2.014ms
[2024-06-03T18:47:58.211+0530][4.902s] GC(2) User=0.00s Sys=0.00s Real=0.00s
[2024-06-03T18:47:58.211+0530][4.902s] GC(2) Concurrent Rebuild Remembered Sets
[2024-06-03T18:47:58.215+0530][4.905s] GC(2) Concurrent Rebuild Remembered Sets 3.499ms
[2024-06-03T18:47:58.215+0530][4.906s] GC(2) Pause Cleanup
[2024-06-03T18:47:58.215+0530][4.906s] GC(2) Pause Cleanup 16M->16M(512M) 0.283ms
[2024-06-03T18:47:58.215+0530][4.906s] GC(2) User=0.00s Sys=0.00s Real=0.00s
[2024-06-03T18:47:58.215+0530][4.906s] GC(2) Concurrent Cleanup for Next Mark
[2024-06-03T18:47:58.216+0530][4.907s] GC(2) Concurrent Cleanup for Next Mark 0.483ms
[2024-06-03T18:47:58.216+0530][4.907s] GC(2) Concurrent Cycle 15.838ms
[2024-06-03T18:47:59.706+0530][6.397s] GC(3) Pause Young (Normal) (G1 Evacuation Pause)
[2024-06-03T18:47:59.706+0530][6.397s] GC(3) Using 10 workers of 10 for evacuation
[2024-06-03T18:47:59.723+0530][6.413s] GC(3)   Pre Evacuate Collection Set: 0.0ms
[2024-06-03T18:47:59.723+0530][6.413s] GC(3)   Evacuate Collection Set: 13.3ms
[2024-06-03T18:47:59.723+0530][6.413s] GC(3)   Post Evacuate Collection Set: 3.0ms
[2024-06-03T18:47:59.723+0530][6.414s] GC(3)   Other: 0.3ms
[2024-06-03T18:47:59.723+0530][6.414s] GC(3) Eden regions: 72->0(99)
[2024-06-03T18:47:59.723+0530][6.414s] GC(3) Survivor regions: 12->4(11)
[2024-06-03T18:47:59.723+0530][6.414s] GC(3) Old regions: 0->12
[2024-06-03T18:47:59.723+0530][6.414s] GC(3) Humongous regions: 4->4
[2024-06-03T18:47:59.723+0530][6.414s] GC(3) Metaspace: 27993K->27993K(1075200K)
[2024-06-03T18:47:59.723+0530][6.414s] GC(3) Pause Young (Normal) (G1 Evacuation Pause) 87M->19M(512M) 17.331ms
[2024-06-03T18:47:59.723+0530][6.414s] GC(3) User=0.00s Sys=0.00s Real=0.02s
[2024-06-03T18:48:01.103+0530][7.794s] GC(4) Pause Young (Normal) (G1 Evacuation Pause)
[2024-06-03T18:48:01.103+0530][7.794s] GC(4) Using 10 workers of 10 for evacuation
[2024-06-03T18:48:01.111+0530][7.802s] GC(4)   Pre Evacuate Collection Set: 0.0ms
[2024-06-03T18:48:01.111+0530][7.802s] GC(4)   Evacuate Collection Set: 6.7ms
[2024-06-03T18:48:01.111+0530][7.802s] GC(4)   Post Evacuate Collection Set: 0.7ms
[2024-06-03T18:48:01.111+0530][7.802s] GC(4)   Other: 0.4ms
[2024-06-03T18:48:01.111+0530][7.802s] GC(4) Eden regions: 99->0(141)
[2024-06-03T18:48:01.111+0530][7.802s] GC(4) Survivor regions: 4->7(13)
[2024-06-03T18:48:01.111+0530][7.802s] GC(4) Old regions: 12->12
[2024-06-03T18:48:01.111+0530][7.802s] GC(4) Humongous regions: 4->4
[2024-06-03T18:48:01.111+0530][7.802s] GC(4) Metaspace: 28137K->28137K(1075200K)
[2024-06-03T18:48:01.111+0530][7.802s] GC(4) Pause Young (Normal) (G1 Evacuation Pause) 118M->22M(512M) 8.453ms
[2024-06-03T18:48:01.112+0530][7.802s] GC(4) User=0.00s Sys=0.00s Real=0.01s
[2024-06-03T18:48:03.572+0530][10.263s] GC(5) Pause Young (Normal) (G1 Evacuation Pause)
[2024-06-03T18:48:03.572+0530][10.263s] GC(5) Using 10 workers of 10 for evacuation
[2024-06-03T18:48:03.577+0530][10.268s] GC(5)   Pre Evacuate Collection Set: 0.0ms
[2024-06-03T18:48:03.577+0530][10.268s] GC(5)   Evacuate Collection Set: 4.1ms
[2024-06-03T18:48:03.578+0530][10.268s] GC(5)   Post Evacuate Collection Set: 0.8ms
[2024-06-03T18:48:03.578+0530][10.269s] GC(5)   Other: 0.4ms
[2024-06-03T18:48:03.578+0530][10.269s] GC(5) Eden regions: 141->0(192)
[2024-06-03T18:48:03.578+0530][10.269s] GC(5) Survivor regions: 7->9(19)
[2024-06-03T18:48:03.578+0530][10.269s] GC(5) Old regions: 12->12
[2024-06-03T18:48:03.578+0530][10.269s] GC(5) Humongous regions: 4->4
[2024-06-03T18:48:03.578+0530][10.269s] GC(5) Metaspace: 32137K->32137K(1079296K)
[2024-06-03T18:48:03.578+0530][10.269s] GC(5) Pause Young (Normal) (G1 Evacuation Pause) 163M->24M(512M) 5.998ms
[2024-06-03T18:48:03.578+0530][10.269s] GC(5) User=0.00s Sys=0.00s Real=0.01s
[2024-06-03T18:48:04.150+0530][10.841s] GC(6) Pause Young (Concurrent Start) (Metadata GC Threshold)
[2024-06-03T18:48:04.150+0530][10.841s] GC(6) Using 10 workers of 10 for evacuation
[2024-06-03T18:48:04.157+0530][10.848s] GC(6)   Pre Evacuate Collection Set: 0.1ms
[2024-06-03T18:48:04.157+0530][10.848s] GC(6)   Evacuate Collection Set: 5.9ms
[2024-06-03T18:48:04.157+0530][10.848s] GC(6)   Post Evacuate Collection Set: 0.7ms
[2024-06-03T18:48:04.157+0530][10.848s] GC(6)   Other: 0.3ms
[2024-06-03T18:48:04.157+0530][10.848s] GC(6) Eden regions: 57->0(186)
[2024-06-03T18:48:04.157+0530][10.848s] GC(6) Survivor regions: 9->10(26)
[2024-06-03T18:48:04.157+0530][10.848s] GC(6) Old regions: 12->12
[2024-06-03T18:48:04.157+0530][10.848s] GC(6) Humongous regions: 4->4
[2024-06-03T18:48:04.158+0530][10.848s] GC(6) Metaspace: 34663K->34663K(1081344K)
[2024-06-03T18:48:04.158+0530][10.849s] GC(6) Pause Young (Concurrent Start) (Metadata GC Threshold) 81M->24M(512M) 7.667ms
[2024-06-03T18:48:04.158+0530][10.849s] GC(6) User=0.00s Sys=0.00s Real=0.01s
[2024-06-03T18:48:04.158+0530][10.849s] GC(7) Concurrent Cycle
[2024-06-03T18:48:04.158+0530][10.849s] GC(7) Concurrent Clear Claimed Marks
[2024-06-03T18:48:04.158+0530][10.849s] GC(7) Concurrent Clear Claimed Marks 0.123ms
[2024-06-03T18:48:04.158+0530][10.849s] GC(7) Concurrent Scan Root Regions
[2024-06-03T18:48:04.162+0530][10.853s] GC(7) Concurrent Scan Root Regions 3.853ms
[2024-06-03T18:48:04.162+0530][10.853s] GC(7) Concurrent Mark (10.853s)
[2024-06-03T18:48:04.162+0530][10.853s] GC(7) Concurrent Mark From Roots
[2024-06-03T18:48:04.162+0530][10.853s] GC(7) Using 3 workers of 3 for marking
[2024-06-03T18:48:04.183+0530][10.874s] GC(7) Concurrent Mark From Roots 21.059ms
[2024-06-03T18:48:04.183+0530][10.874s] GC(7) Concurrent Preclean
[2024-06-03T18:48:04.184+0530][10.875s] GC(7) Concurrent Preclean 0.658ms
[2024-06-03T18:48:04.184+0530][10.875s] GC(7) Concurrent Mark (10.853s, 10.875s) 21.966ms
[2024-06-03T18:48:04.185+0530][10.876s] GC(7) Pause Remark
[2024-06-03T18:48:04.190+0530][10.881s] GC(7) Cleaned string and symbol table, strings: 14910 processed, 16 removed, symbols: 111507 processed, 57 removed
[2024-06-03T18:48:04.190+0530][10.881s] GC(7) Pause Remark 26M->26M(512M) 5.649ms
[2024-06-03T18:48:04.190+0530][10.881s] GC(7) User=0.00s Sys=0.00s Real=0.01s
[2024-06-03T18:48:04.190+0530][10.881s] GC(7) Concurrent Rebuild Remembered Sets
[2024-06-03T18:48:04.201+0530][10.892s] GC(7) Concurrent Rebuild Remembered Sets 10.290ms
[2024-06-03T18:48:04.201+0530][10.892s] GC(7) Pause Cleanup
[2024-06-03T18:48:04.201+0530][10.892s] GC(7) Pause Cleanup 27M->27M(512M) 0.276ms
[2024-06-03T18:48:04.201+0530][10.892s] GC(7) User=0.00s Sys=0.00s Real=0.00s
[2024-06-03T18:48:04.202+0530][10.892s] GC(7) Concurrent Cleanup for Next Mark
[2024-06-03T18:48:04.202+0530][10.893s] GC(7) Concurrent Cleanup for Next Mark 0.825ms
[2024-06-03T18:48:04.202+0530][10.893s] GC(7) Concurrent Cycle 44.534ms
[2024-06-03T18:48:06.574+0530][13.265s] GC(8) Pause Young (Normal) (G1 Evacuation Pause)
[2024-06-03T18:48:06.574+0530][13.265s] GC(8) Using 10 workers of 10 for evacuation
[2024-06-03T18:48:06.584+0530][13.275s] GC(8)   Pre Evacuate Collection Set: 0.0ms
[2024-06-03T18:48:06.584+0530][13.275s] GC(8)   Evacuate Collection Set: 8.9ms
[2024-06-03T18:48:06.584+0530][13.275s] GC(8)   Post Evacuate Collection Set: 1.0ms
[2024-06-03T18:48:06.584+0530][13.275s] GC(8)   Other: 0.4ms
[2024-06-03T18:48:06.585+0530][13.275s] GC(8) Eden regions: 191->0(293)
[2024-06-03T18:48:06.585+0530][13.276s] GC(8) Survivor regions: 10->14(26)
[2024-06-03T18:48:06.585+0530][13.276s] GC(8) Old regions: 12->12
[2024-06-03T18:48:06.585+0530][13.276s] GC(8) Humongous regions: 4->4
[2024-06-03T18:48:06.585+0530][13.276s] GC(8) Metaspace: 42274K->42274K(1087488K)
[2024-06-03T18:48:06.585+0530][13.276s] GC(8) Pause Young (Normal) (G1 Evacuation Pause) 215M->29M(512M) 10.679ms
[2024-06-03T18:48:06.585+0530][13.276s] GC(8) User=0.16s Sys=0.00s Real=0.01s
[2024-06-03T18:48:08.353+0530][15.044s] GC(9) Pause Young (Normal) (GCLocker Initiated GC)
[2024-06-03T18:48:08.353+0530][15.044s] GC(9) Using 10 workers of 10 for evacuation
[2024-06-03T18:48:08.365+0530][15.056s] GC(9)   Pre Evacuate Collection Set: 0.0ms
[2024-06-03T18:48:08.365+0530][15.056s] GC(9)   Evacuate Collection Set: 10.0ms
[2024-06-03T18:48:08.365+0530][15.056s] GC(9)   Post Evacuate Collection Set: 1.6ms
[2024-06-03T18:48:08.365+0530][15.056s] GC(9)   Other: 0.4ms
[2024-06-03T18:48:08.365+0530][15.056s] GC(9) Eden regions: 293->0(290)
[2024-06-03T18:48:08.365+0530][15.056s] GC(9) Survivor regions: 14->17(39)
[2024-06-03T18:48:08.366+0530][15.056s] GC(9) Old regions: 12->12
[2024-06-03T18:48:08.366+0530][15.057s] GC(9) Humongous regions: 4->4
[2024-06-03T18:48:08.366+0530][15.057s] GC(9) Metaspace: 48915K->48915K(1093632K)
[2024-06-03T18:48:08.366+0530][15.057s] GC(9) Pause Young (Normal) (GCLocker Initiated GC) 322M->31M(512M) 12.736ms
[2024-06-03T18:48:08.366+0530][15.057s] GC(9) User=0.17s Sys=0.00s Real=0.01s
[2024-06-03T18:48:09.987+0530][16.678s] GC(10) Pause Young (Normal) (G1 Evacuation Pause)
[2024-06-03T18:48:09.987+0530][16.678s] GC(10) Using 10 workers of 10 for evacuation
[2024-06-03T18:48:10.003+0530][16.694s] GC(10)   Pre Evacuate Collection Set: 0.0ms
[2024-06-03T18:48:10.003+0530][16.694s] GC(10)   Evacuate Collection Set: 13.8ms
[2024-06-03T18:48:10.003+0530][16.694s] GC(10)   Post Evacuate Collection Set: 1.5ms
[2024-06-03T18:48:10.003+0530][16.694s] GC(10)   Other: 0.5ms
[2024-06-03T18:48:10.003+0530][16.694s] GC(10) Eden regions: 290->0(285)
[2024-06-03T18:48:10.003+0530][16.694s] GC(10) Survivor regions: 17->22(39)
[2024-06-03T18:48:10.003+0530][16.694s] GC(10) Old regions: 12->12
[2024-06-03T18:48:10.003+0530][16.694s] GC(10) Humongous regions: 4->4
[2024-06-03T18:48:10.003+0530][16.694s] GC(10) Metaspace: 55608K->55608K(1099776K)
[2024-06-03T18:48:10.003+0530][16.694s] GC(10) Pause Young (Normal) (G1 Evacuation Pause) 321M->37M(512M) 16.416ms
[2024-06-03T18:48:10.003+0530][16.694s] GC(10) User=0.03s Sys=0.00s Real=0.02s
[2024-06-03T18:48:11.000+0530][17.691s] GC(11) Pause Young (Concurrent Start) (Metadata GC Threshold)
[2024-06-03T18:48:11.000+0530][17.691s] GC(11) Using 10 workers of 10 for evacuation
[2024-06-03T18:48:11.019+0530][17.710s] GC(11)   Pre Evacuate Collection Set: 0.1ms
[2024-06-03T18:48:11.019+0530][17.710s] GC(11)   Evacuate Collection Set: 17.7ms
[2024-06-03T18:48:11.019+0530][17.710s] GC(11)   Post Evacuate Collection Set: 1.0ms
[2024-06-03T18:48:11.019+0530][17.710s] GC(11)   Other: 0.2ms
[2024-06-03T18:48:11.019+0530][17.710s] GC(11) Eden regions: 133->0(285)
[2024-06-03T18:48:11.019+0530][17.710s] GC(11) Survivor regions: 22->22(39)
[2024-06-03T18:48:11.019+0530][17.710s] GC(11) Old regions: 12->15
[2024-06-03T18:48:11.019+0530][17.710s] GC(11) Humongous regions: 4->4
[2024-06-03T18:48:11.020+0530][17.710s] GC(11) Metaspace: 58237K->58237K(1101824K)
[2024-06-03T18:48:11.020+0530][17.710s] GC(11) Pause Young (Concurrent Start) (Metadata GC Threshold) 170M->40M(512M) 19.373ms
[2024-06-03T18:48:11.020+0530][17.710s] GC(11) User=0.16s Sys=0.00s Real=0.02s
[2024-06-03T18:48:11.020+0530][17.710s] GC(12) Concurrent Cycle
[2024-06-03T18:48:11.020+0530][17.710s] GC(12) Concurrent Clear Claimed Marks
[2024-06-03T18:48:11.020+0530][17.711s] GC(12) Concurrent Clear Claimed Marks 0.118ms
[2024-06-03T18:48:11.020+0530][17.711s] GC(12) Concurrent Scan Root Regions
[2024-06-03T18:48:11.028+0530][17.718s] GC(12) Concurrent Scan Root Regions 7.711ms
[2024-06-03T18:48:11.028+0530][17.718s] GC(12) Concurrent Mark (17.718s)
[2024-06-03T18:48:11.028+0530][17.718s] GC(12) Concurrent Mark From Roots
[2024-06-03T18:48:11.028+0530][17.718s] GC(12) Using 3 workers of 3 for marking
[2024-06-03T18:48:11.048+0530][17.739s] GC(12) Concurrent Mark From Roots 20.369ms
[2024-06-03T18:48:11.048+0530][17.739s] GC(12) Concurrent Preclean
[2024-06-03T18:48:11.049+0530][17.740s] GC(12) Concurrent Preclean 0.647ms
[2024-06-03T18:48:11.049+0530][17.740s] GC(12) Concurrent Mark (17.718s, 17.740s) 21.232ms
[2024-06-03T18:48:11.049+0530][17.740s] GC(12) Pause Remark
[2024-06-03T18:48:11.054+0530][17.744s] GC(12) Cleaned string and symbol table, strings: 26085 processed, 0 removed, symbols: 177213 processed, 509 removed
[2024-06-03T18:48:11.054+0530][17.745s] GC(12) Pause Remark 45M->45M(512M) 4.677ms
[2024-06-03T18:48:11.054+0530][17.745s] GC(12) User=0.05s Sys=0.00s Real=0.00s
[2024-06-03T18:48:11.054+0530][17.745s] GC(12) Concurrent Rebuild Remembered Sets
[2024-06-03T18:48:11.067+0530][17.758s] GC(12) Concurrent Rebuild Remembered Sets 12.665ms
[2024-06-03T18:48:11.067+0530][17.758s] GC(12) Pause Cleanup
[2024-06-03T18:48:11.067+0530][17.758s] GC(12) Pause Cleanup 47M->47M(512M) 0.199ms
[2024-06-03T18:48:11.067+0530][17.758s] GC(12) User=0.00s Sys=0.00s Real=0.00s
[2024-06-03T18:48:11.068+0530][17.758s] GC(12) Concurrent Cleanup for Next Mark
[2024-06-03T18:48:11.068+0530][17.759s] GC(12) Concurrent Cleanup for Next Mark 0.654ms
[2024-06-03T18:48:11.068+0530][17.759s] GC(12) Concurrent Cycle 48.625ms
[2024-06-03T19:40:10.615+0530][3137.307s] GC(13) Pause Young (Normal) (G1 Evacuation Pause)
[2024-06-03T19:40:10.615+0530][3137.307s] GC(13) Using 10 workers of 10 for evacuation
[2024-06-03T19:40:10.673+0530][3137.364s] GC(13)   Pre Evacuate Collection Set: 0.3ms
[2024-06-03T19:40:10.673+0530][3137.364s] GC(13)   Evacuate Collection Set: 53.6ms
[2024-06-03T19:40:10.673+0530][3137.364s] GC(13)   Post Evacuate Collection Set: 2.9ms
[2024-06-03T19:40:10.673+0530][3137.364s] GC(13)   Other: 0.5ms
[2024-06-03T19:40:10.673+0530][3137.364s] GC(13) Eden regions: 285->0(284)
[2024-06-03T19:40:10.673+0530][3137.364s] GC(13) Survivor regions: 22->23(39)
[2024-06-03T19:40:10.673+0530][3137.364s] GC(13) Old regions: 15->19
[2024-06-03T19:40:10.673+0530][3137.364s] GC(13) Humongous regions: 4->4
[2024-06-03T19:40:10.673+0530][3137.364s] GC(13) Metaspace: 66528K->66528K(1110016K)
[2024-06-03T19:40:10.673+0530][3137.364s] GC(13) Pause Young (Normal) (G1 Evacuation Pause) 325M->45M(512M) 57.472ms
[2024-06-03T19:40:10.673+0530][3137.364s] GC(13) User=0.19s Sys=0.25s Real=0.06s
[2024-06-03T19:55:27.022+0530][4053.714s] GC(14) Pause Young (Normal) (G1 Evacuation Pause)
[2024-06-03T19:55:27.022+0530][4053.714s] GC(14) Using 10 workers of 10 for evacuation
[2024-06-03T19:55:27.043+0530][4053.734s] GC(14)   Pre Evacuate Collection Set: 0.0ms
[2024-06-03T19:55:27.043+0530][4053.734s] GC(14)   Evacuate Collection Set: 16.8ms
[2024-06-03T19:55:27.043+0530][4053.734s] GC(14)   Post Evacuate Collection Set: 3.5ms
[2024-06-03T19:55:27.043+0530][4053.734s] GC(14)   Other: 0.2ms
[2024-06-03T19:55:27.043+0530][4053.734s] GC(14) Eden regions: 284->0(287)
[2024-06-03T19:55:27.043+0530][4053.734s] GC(14) Survivor regions: 23->20(39)
[2024-06-03T19:55:27.043+0530][4053.734s] GC(14) Old regions: 19->25
[2024-06-03T19:55:27.043+0530][4053.734s] GC(14) Humongous regions: 4->4
[2024-06-03T19:55:27.043+0530][4053.734s] GC(14) Metaspace: 68083K->68083K(1110016K)
[2024-06-03T19:55:27.043+0530][4053.734s] GC(14) Pause Young (Normal) (G1 Evacuation Pause) 329M->47M(512M) 20.813ms
[2024-06-03T19:55:27.043+0530][4053.734s] GC(14) User=0.11s Sys=0.03s Real=0.02s
[2024-06-04T19:35:12.231+0530][89247.771s] GC(15) Pause Young (Normal) (G1 Evacuation Pause)
[2024-06-04T19:35:12.232+0530][89247.771s] GC(15) Using 10 workers of 10 for evacuation
[2024-06-04T19:35:12.305+0530][89247.844s] GC(15)   Pre Evacuate Collection Set: 0.4ms
[2024-06-04T19:35:12.305+0530][89247.844s] GC(15)   Evacuate Collection Set: 66.3ms
[2024-06-04T19:35:12.305+0530][89247.844s] GC(15)   Post Evacuate Collection Set: 5.7ms
[2024-06-04T19:35:12.305+0530][89247.845s] GC(15)   Other: 1.1ms
[2024-06-04T19:35:12.305+0530][89247.845s] GC(15) Eden regions: 287->0(285)
[2024-06-04T19:35:12.305+0530][89247.845s] GC(15) Survivor regions: 20->22(39)
[2024-06-04T19:35:12.305+0530][89247.845s] GC(15) Old regions: 25->25
[2024-06-04T19:35:12.305+0530][89247.845s] GC(15) Humongous regions: 10->9
[2024-06-04T19:35:12.305+0530][89247.845s] GC(15) Metaspace: 72612K->72612K(1114112K)
[2024-06-04T19:35:12.305+0530][89247.845s] GC(15) Pause Young (Normal) (G1 Evacuation Pause) 340M->54M(512M) 73.953ms
[2024-06-04T19:35:12.305+0530][89247.845s] GC(15) User=0.22s Sys=0.53s Real=0.07s
[2024-06-06T14:40:40.687+0530][244424.012s] Heap
[2024-06-06T14:40:40.687+0530][244424.013s]  garbage-first heap   total 524288K, used 89972K [0x00000000e0000000, 0x0000000100000000)
[2024-06-06T14:40:40.687+0530][244424.013s]   region size 1024K, 57 young (58368K), 22 survivors (22528K)
[2024-06-06T14:40:40.687+0530][244424.013s]  Metaspace       used 72748K, capacity 75120K, committed 75392K, reserved 1116160K
[2024-06-06T14:40:40.687+0530][244424.013s]   class space    used 8597K, capacity 9573K, committed 9600K, reserved 1048576K
