[2024-08-21T18:35:16.986+0530][0.098s] Heap region size: 1M
[2024-08-21T18:35:17.595+0530][0.710s] Using G1
[2024-08-21T18:35:17.595+0530][0.710s] Heap address: 0x00000000e0000000, size: 512 MB, Compressed Oops mode: 32-bit
[2024-08-21T18:35:27.008+0530][10.126s] GC(0) Pause Young (Normal) (G1 Evacuation Pause)
[2024-08-21T18:35:27.008+0530][10.129s] GC(0) Using 10 workers of 10 for evacuation
[2024-08-21T18:35:29.024+0530][12.150s] GC(0) MMU target violated: 251.0ms (250.0ms/251.0ms)
[2024-08-21T18:35:29.024+0530][12.150s] GC(0)   Pre Evacuate Collection Set: 0.0ms
[2024-08-21T18:35:29.024+0530][12.150s] GC(0)   Evacuate Collection Set: 1918.5ms
[2024-08-21T18:35:29.024+0530][12.150s] GC(0)   Post Evacuate Collection Set: 102.8ms
[2024-08-21T18:35:29.024+0530][12.151s] GC(0)   Other: 2.6ms
[2024-08-21T18:35:29.024+0530][12.151s] GC(0) Eden regions: 30->0(304)
[2024-08-21T18:35:29.024+0530][12.151s] GC(0) Survivor regions: 0->3(4)
[2024-08-21T18:35:29.024+0530][12.151s] GC(0) Old regions: 0->0
[2024-08-21T18:35:29.024+0530][12.151s] GC(0) Humongous regions: 0->0
[2024-08-21T18:35:29.024+0530][12.151s] GC(0) Metaspace: 12176K->12176K(1060864K)
[2024-08-21T18:35:29.024+0530][12.151s] GC(0) Pause Young (Normal) (G1 Evacuation Pause) 30M->2M(512M) 2024.665ms
[2024-08-21T18:35:29.024+0530][12.151s] GC(0) User=0.02s Sys=0.00s Real=2.02s
[2024-08-21T18:35:36.888+0530][20.010s] GC(1) Pause Young (Concurrent Start) (Metadata GC Threshold)
[2024-08-21T18:35:36.888+0530][20.010s] GC(1) Using 10 workers of 10 for evacuation
[2024-08-21T18:35:36.920+0530][20.034s] GC(1)   Pre Evacuate Collection Set: 0.1ms
[2024-08-21T18:35:36.920+0530][20.034s] GC(1)   Evacuate Collection Set: 22.2ms
[2024-08-21T18:35:36.920+0530][20.034s] GC(1)   Post Evacuate Collection Set: 1.0ms
[2024-08-21T18:35:36.920+0530][20.034s] GC(1)   Other: 0.5ms
[2024-08-21T18:35:36.920+0530][20.034s] GC(1) Eden regions: 69->0(81)
[2024-08-21T18:35:36.920+0530][20.034s] GC(1) Survivor regions: 3->13(39)
[2024-08-21T18:35:36.920+0530][20.035s] GC(1) Old regions: 0->0
[2024-08-21T18:35:36.920+0530][20.035s] GC(1) Humongous regions: 4->4
[2024-08-21T18:35:36.920+0530][20.035s] GC(1) Metaspace: 20498K->20498K(1069056K)
[2024-08-21T18:35:36.920+0530][20.035s] GC(1) Pause Young (Concurrent Start) (Metadata GC Threshold) 75M->16M(512M) 24.310ms
[2024-08-21T18:35:36.920+0530][20.035s] GC(1) User=0.02s Sys=0.00s Real=0.03s
[2024-08-21T18:35:36.920+0530][20.035s] GC(2) Concurrent Cycle
[2024-08-21T18:35:36.920+0530][20.035s] GC(2) Concurrent Clear Claimed Marks
[2024-08-21T18:35:36.920+0530][20.035s] GC(2) Concurrent Clear Claimed Marks 0.085ms
[2024-08-21T18:35:36.920+0530][20.035s] GC(2) Concurrent Scan Root Regions
[2024-08-21T18:35:36.920+0530][20.041s] GC(2) Concurrent Scan Root Regions 5.861ms
[2024-08-21T18:35:36.920+0530][20.041s] GC(2) Concurrent Mark (20.041s)
[2024-08-21T18:35:36.920+0530][20.041s] GC(2) Concurrent Mark From Roots
[2024-08-21T18:35:36.920+0530][20.041s] GC(2) Using 3 workers of 3 for marking
[2024-08-21T18:35:36.920+0530][20.043s] GC(2) Concurrent Mark From Roots 2.320ms
[2024-08-21T18:35:36.920+0530][20.044s] GC(2) Concurrent Preclean
[2024-08-21T18:35:36.920+0530][20.044s] GC(2) Concurrent Preclean 0.550ms
[2024-08-21T18:35:36.920+0530][20.044s] GC(2) Concurrent Mark (20.041s, 20.044s) 3.075ms
[2024-08-21T18:35:36.920+0530][20.044s] GC(2) Pause Remark
[2024-08-21T18:35:36.935+0530][20.047s] GC(2) Cleaned string and symbol table, strings: 9365 processed, 0 removed, symbols: 65927 processed, 15 removed
[2024-08-21T18:35:36.935+0530][20.047s] GC(2) Pause Remark 16M->16M(512M) 2.825ms
[2024-08-21T18:35:36.935+0530][20.047s] GC(2) User=0.00s Sys=0.00s Real=0.01s
[2024-08-21T18:35:36.935+0530][20.047s] GC(2) Concurrent Rebuild Remembered Sets
[2024-08-21T18:35:36.935+0530][20.051s] GC(2) Concurrent Rebuild Remembered Sets 3.792ms
[2024-08-21T18:35:36.935+0530][20.052s] GC(2) Pause Cleanup
[2024-08-21T18:35:36.935+0530][20.052s] GC(2) Pause Cleanup 16M->16M(512M) 0.251ms
[2024-08-21T18:35:36.935+0530][20.052s] GC(2) User=0.00s Sys=0.00s Real=0.00s
[2024-08-21T18:35:36.935+0530][20.052s] GC(2) Concurrent Cleanup for Next Mark
[2024-08-21T18:35:36.935+0530][20.053s] GC(2) Concurrent Cleanup for Next Mark 0.441ms
[2024-08-21T18:35:36.935+0530][20.053s] GC(2) Concurrent Cycle 17.946ms
[2024-08-21T18:35:38.466+0530][21.582s] GC(3) Pause Young (Normal) (G1 Evacuation Pause)
[2024-08-21T18:35:38.466+0530][21.582s] GC(3) Using 10 workers of 10 for evacuation
[2024-08-21T18:35:38.482+0530][21.597s] GC(3)   Pre Evacuate Collection Set: 0.0ms
[2024-08-21T18:35:38.482+0530][21.597s] GC(3)   Evacuate Collection Set: 13.7ms
[2024-08-21T18:35:38.482+0530][21.597s] GC(3)   Post Evacuate Collection Set: 1.0ms
[2024-08-21T18:35:38.482+0530][21.597s] GC(3)   Other: 0.3ms
[2024-08-21T18:35:38.482+0530][21.597s] GC(3) Eden regions: 71->0(303)
[2024-08-21T18:35:38.482+0530][21.597s] GC(3) Survivor regions: 13->4(11)
[2024-08-21T18:35:38.482+0530][21.598s] GC(3) Old regions: 0->12
[2024-08-21T18:35:38.482+0530][21.598s] GC(3) Humongous regions: 4->4
[2024-08-21T18:35:38.482+0530][21.598s] GC(3) Metaspace: 27990K->27990K(1075200K)
[2024-08-21T18:35:38.482+0530][21.598s] GC(3) Pause Young (Normal) (G1 Evacuation Pause) 87M->19M(512M) 15.555ms
[2024-08-21T18:35:38.482+0530][21.598s] GC(3) User=0.02s Sys=0.00s Real=0.02s
[2024-08-21T18:35:42.607+0530][25.732s] GC(4) Pause Young (Normal) (G1 Evacuation Pause)
[2024-08-21T18:35:42.607+0530][25.732s] GC(4) Using 10 workers of 10 for evacuation
[2024-08-21T18:35:42.623+0530][25.739s] GC(4)   Pre Evacuate Collection Set: 0.0ms
[2024-08-21T18:35:42.623+0530][25.739s] GC(4)   Evacuate Collection Set: 5.2ms
[2024-08-21T18:35:42.623+0530][25.739s] GC(4)   Post Evacuate Collection Set: 1.2ms
[2024-08-21T18:35:42.623+0530][25.739s] GC(4)   Other: 0.5ms
[2024-08-21T18:35:42.623+0530][25.739s] GC(4) Eden regions: 303->0(298)
[2024-08-21T18:35:42.623+0530][25.739s] GC(4) Survivor regions: 4->9(39)
[2024-08-21T18:35:42.623+0530][25.739s] GC(4) Old regions: 12->12
[2024-08-21T18:35:42.623+0530][25.739s] GC(4) Humongous regions: 4->4
[2024-08-21T18:35:42.623+0530][25.739s] GC(4) Metaspace: 34257K->34257K(1081344K)
[2024-08-21T18:35:42.623+0530][25.739s] GC(4) Pause Young (Normal) (G1 Evacuation Pause) 322M->24M(512M) 7.428ms
[2024-08-21T18:35:42.623+0530][25.739s] GC(4) User=0.02s Sys=0.00s Real=0.02s
[2024-08-21T18:35:42.701+0530][25.814s] GC(5) Pause Young (Concurrent Start) (Metadata GC Threshold)
[2024-08-21T18:35:42.701+0530][25.814s] GC(5) Using 10 workers of 10 for evacuation
[2024-08-21T18:35:42.701+0530][25.823s] GC(5)   Pre Evacuate Collection Set: 0.1ms
[2024-08-21T18:35:42.701+0530][25.823s] GC(5)   Evacuate Collection Set: 7.3ms
[2024-08-21T18:35:42.701+0530][25.823s] GC(5)   Post Evacuate Collection Set: 0.6ms
[2024-08-21T18:35:42.701+0530][25.823s] GC(5)   Other: 0.3ms
[2024-08-21T18:35:42.701+0530][25.823s] GC(5) Eden regions: 7->0(174)
[2024-08-21T18:35:42.701+0530][25.823s] GC(5) Survivor regions: 9->9(39)
[2024-08-21T18:35:42.701+0530][25.823s] GC(5) Old regions: 12->12
[2024-08-21T18:35:42.701+0530][25.823s] GC(5) Humongous regions: 4->4
[2024-08-21T18:35:42.701+0530][25.823s] GC(5) Metaspace: 34632K->34632K(1081344K)
[2024-08-21T18:35:42.701+0530][25.823s] GC(5) Pause Young (Concurrent Start) (Metadata GC Threshold) 30M->24M(512M) 8.815ms
[2024-08-21T18:35:42.701+0530][25.823s] GC(5) User=0.00s Sys=0.00s Real=0.00s
[2024-08-21T18:35:42.701+0530][25.823s] GC(6) Concurrent Cycle
[2024-08-21T18:35:42.701+0530][25.823s] GC(6) Concurrent Clear Claimed Marks
[2024-08-21T18:35:42.701+0530][25.823s] GC(6) Concurrent Clear Claimed Marks 0.108ms
[2024-08-21T18:35:42.701+0530][25.823s] GC(6) Concurrent Scan Root Regions
[2024-08-21T18:35:42.701+0530][25.827s] GC(6) Concurrent Scan Root Regions 3.364ms
[2024-08-21T18:35:42.701+0530][25.827s] GC(6) Concurrent Mark (25.827s)
[2024-08-21T18:35:42.701+0530][25.827s] GC(6) Concurrent Mark From Roots
[2024-08-21T18:35:42.701+0530][25.827s] GC(6) Using 3 workers of 3 for marking
[2024-08-21T18:35:42.732+0530][25.847s] GC(6) Concurrent Mark From Roots 19.963ms
[2024-08-21T18:35:42.732+0530][25.847s] GC(6) Concurrent Preclean
[2024-08-21T18:35:42.732+0530][25.848s] GC(6) Concurrent Preclean 0.629ms
[2024-08-21T18:35:42.732+0530][25.848s] GC(6) Concurrent Mark (25.827s, 25.848s) 20.932ms
[2024-08-21T18:35:42.732+0530][25.848s] GC(6) Pause Remark
[2024-08-21T18:35:42.732+0530][25.854s] GC(6) Cleaned string and symbol table, strings: 14909 processed, 16 removed, symbols: 111505 processed, 57 removed
[2024-08-21T18:35:42.732+0530][25.854s] GC(6) Pause Remark 27M->27M(512M) 6.010ms
[2024-08-21T18:35:42.732+0530][25.854s] GC(6) User=0.00s Sys=0.00s Real=0.00s
[2024-08-21T18:35:42.732+0530][25.854s] GC(6) Concurrent Rebuild Remembered Sets
[2024-08-21T18:35:42.748+0530][25.864s] GC(6) Concurrent Rebuild Remembered Sets 9.696ms
[2024-08-21T18:35:42.748+0530][25.864s] GC(6) Pause Cleanup
[2024-08-21T18:35:42.748+0530][25.865s] GC(6) Pause Cleanup 28M->28M(512M) 0.272ms
[2024-08-21T18:35:42.748+0530][25.865s] GC(6) User=0.00s Sys=0.00s Real=0.00s
[2024-08-21T18:35:42.748+0530][25.865s] GC(6) Concurrent Cleanup for Next Mark
[2024-08-21T18:35:42.748+0530][25.866s] GC(6) Concurrent Cleanup for Next Mark 0.965ms
[2024-08-21T18:35:42.748+0530][25.866s] GC(6) Concurrent Cycle 42.714ms
[2024-08-21T18:35:44.842+0530][27.967s] GC(7) Pause Young (Normal) (G1 Evacuation Pause)
[2024-08-21T18:35:44.842+0530][27.967s] GC(7) Using 10 workers of 10 for evacuation
[2024-08-21T18:35:44.858+0530][27.977s] GC(7)   Pre Evacuate Collection Set: 0.0ms
[2024-08-21T18:35:44.858+0530][27.977s] GC(7)   Evacuate Collection Set: 8.2ms
[2024-08-21T18:35:44.858+0530][27.977s] GC(7)   Post Evacuate Collection Set: 1.1ms
[2024-08-21T18:35:44.858+0530][27.977s] GC(7)   Other: 0.3ms
[2024-08-21T18:35:44.858+0530][27.977s] GC(7) Eden regions: 189->0(262)
[2024-08-21T18:35:44.858+0530][27.977s] GC(7) Survivor regions: 9->14(25)
[2024-08-21T18:35:44.858+0530][27.977s] GC(7) Old regions: 12->12
[2024-08-21T18:35:44.858+0530][27.977s] GC(7) Humongous regions: 4->4
[2024-08-21T18:35:44.858+0530][27.977s] GC(7) Metaspace: 42175K->42175K(1087488K)
[2024-08-21T18:35:44.858+0530][27.977s] GC(7) Pause Young (Normal) (G1 Evacuation Pause) 213M->28M(512M) 9.948ms
[2024-08-21T18:35:44.858+0530][27.977s] GC(7) User=0.02s Sys=0.00s Real=0.02s
[2024-08-21T18:35:46.202+0530][29.315s] GC(8) Pause Young (Normal) (G1 Evacuation Pause)
[2024-08-21T18:35:46.202+0530][29.315s] GC(8) Using 10 workers of 10 for evacuation
[2024-08-21T18:35:46.202+0530][29.328s] GC(8)   Pre Evacuate Collection Set: 0.0ms
[2024-08-21T18:35:46.202+0530][29.328s] GC(8)   Evacuate Collection Set: 11.1ms
[2024-08-21T18:35:46.202+0530][29.328s] GC(8)   Post Evacuate Collection Set: 1.2ms
[2024-08-21T18:35:46.202+0530][29.328s] GC(8)   Other: 0.3ms
[2024-08-21T18:35:46.202+0530][29.328s] GC(8) Eden regions: 262->0(289)
[2024-08-21T18:35:46.202+0530][29.328s] GC(8) Survivor regions: 14->16(35)
[2024-08-21T18:35:46.202+0530][29.328s] GC(8) Old regions: 12->12
[2024-08-21T18:35:46.202+0530][29.328s] GC(8) Humongous regions: 4->4
[2024-08-21T18:35:46.202+0530][29.328s] GC(8) Metaspace: 48281K->48281K(1093632K)
[2024-08-21T18:35:46.202+0530][29.328s] GC(8) Pause Young (Normal) (G1 Evacuation Pause) 290M->31M(512M) 13.246ms
[2024-08-21T18:35:46.202+0530][29.328s] GC(8) User=0.08s Sys=0.02s Real=0.00s
[2024-08-21T18:35:47.499+0530][30.610s] GC(9) Pause Young (Normal) (G1 Evacuation Pause)
[2024-08-21T18:35:47.499+0530][30.610s] GC(9) Using 10 workers of 10 for evacuation
[2024-08-21T18:35:47.499+0530][30.625s] GC(9)   Pre Evacuate Collection Set: 0.0ms
[2024-08-21T18:35:47.499+0530][30.625s] GC(9)   Evacuate Collection Set: 12.6ms
[2024-08-21T18:35:47.499+0530][30.625s] GC(9)   Post Evacuate Collection Set: 1.6ms
[2024-08-21T18:35:47.499+0530][30.625s] GC(9)   Other: 0.3ms
[2024-08-21T18:35:47.499+0530][30.625s] GC(9) Eden regions: 289->0(287)
[2024-08-21T18:35:47.499+0530][30.625s] GC(9) Survivor regions: 16->20(39)
[2024-08-21T18:35:47.499+0530][30.625s] GC(9) Old regions: 12->12
[2024-08-21T18:35:47.499+0530][30.625s] GC(9) Humongous regions: 4->4
[2024-08-21T18:35:47.499+0530][30.625s] GC(9) Metaspace: 54081K->54081K(1097728K)
[2024-08-21T18:35:47.499+0530][30.625s] GC(9) Pause Young (Normal) (G1 Evacuation Pause) 320M->34M(512M) 15.163ms
[2024-08-21T18:35:47.499+0530][30.625s] GC(9) User=0.14s Sys=0.00s Real=0.00s
[2024-08-21T18:35:48.811+0530][31.935s] GC(10) Pause Young (Concurrent Start) (Metadata GC Threshold)
[2024-08-21T18:35:48.811+0530][31.936s] GC(10) Using 10 workers of 10 for evacuation
[2024-08-21T18:35:48.858+0530][31.970s] GC(10)   Pre Evacuate Collection Set: 0.2ms
[2024-08-21T18:35:48.858+0530][31.971s] GC(10)   Evacuate Collection Set: 32.6ms
[2024-08-21T18:35:48.858+0530][31.971s] GC(10)   Post Evacuate Collection Set: 1.8ms
[2024-08-21T18:35:48.858+0530][31.971s] GC(10)   Other: 0.4ms
[2024-08-21T18:35:48.858+0530][31.971s] GC(10) Eden regions: 175->0(282)
[2024-08-21T18:35:48.858+0530][31.971s] GC(10) Survivor regions: 20->25(39)
[2024-08-21T18:35:48.858+0530][31.971s] GC(10) Old regions: 12->12
[2024-08-21T18:35:48.858+0530][31.971s] GC(10) Humongous regions: 4->4
[2024-08-21T18:35:48.858+0530][31.971s] GC(10) Metaspace: 58263K->58263K(1101824K)
[2024-08-21T18:35:48.858+0530][31.971s] GC(10) Pause Young (Concurrent Start) (Metadata GC Threshold) 209M->40M(512M) 35.565ms
[2024-08-21T18:35:48.858+0530][31.971s] GC(10) User=0.16s Sys=0.00s Real=0.05s
[2024-08-21T18:35:48.858+0530][31.971s] GC(11) Concurrent Cycle
[2024-08-21T18:35:48.858+0530][31.971s] GC(11) Concurrent Clear Claimed Marks
[2024-08-21T18:35:48.858+0530][31.971s] GC(11) Concurrent Clear Claimed Marks 0.172ms
[2024-08-21T18:35:48.858+0530][31.972s] GC(11) Concurrent Scan Root Regions
[2024-08-21T18:35:48.858+0530][31.983s] GC(11) Concurrent Scan Root Regions 11.276ms
[2024-08-21T18:35:48.858+0530][31.983s] GC(11) Concurrent Mark (31.983s)
[2024-08-21T18:35:48.858+0530][31.983s] GC(11) Concurrent Mark From Roots
[2024-08-21T18:35:48.858+0530][31.983s] GC(11) Using 3 workers of 3 for marking
[2024-08-21T18:35:48.889+0530][32.006s] GC(11) Concurrent Mark From Roots 23.126ms
[2024-08-21T18:35:48.889+0530][32.006s] GC(11) Concurrent Preclean
[2024-08-21T18:35:48.889+0530][32.007s] GC(11) Concurrent Preclean 0.647ms
[2024-08-21T18:35:48.889+0530][32.007s] GC(11) Concurrent Mark (31.983s, 32.007s) 24.009ms
[2024-08-21T18:35:48.889+0530][32.007s] GC(11) Pause Remark
[2024-08-21T18:35:48.889+0530][32.013s] GC(11) Cleaned string and symbol table, strings: 26144 processed, 0 removed, symbols: 177173 processed, 539 removed
[2024-08-21T18:35:48.889+0530][32.014s] GC(11) Pause Remark 43M->43M(512M) 6.289ms
[2024-08-21T18:35:48.889+0530][32.014s] GC(11) User=0.02s Sys=0.00s Real=0.00s
[2024-08-21T18:35:48.889+0530][32.014s] GC(11) Concurrent Rebuild Remembered Sets
[2024-08-21T18:35:48.905+0530][32.025s] GC(11) Concurrent Rebuild Remembered Sets 11.210ms
[2024-08-21T18:35:48.905+0530][32.025s] GC(11) Pause Cleanup
[2024-08-21T18:35:48.905+0530][32.026s] GC(11) Pause Cleanup 44M->44M(512M) 0.271ms
[2024-08-21T18:35:48.905+0530][32.026s] GC(11) User=0.00s Sys=0.00s Real=0.00s
[2024-08-21T18:35:48.905+0530][32.026s] GC(11) Concurrent Cleanup for Next Mark
[2024-08-21T18:35:48.905+0530][32.027s] GC(11) Concurrent Cleanup for Next Mark 0.981ms
[2024-08-21T18:35:48.905+0530][32.027s] GC(11) Concurrent Cycle 55.650ms
[2024-09-03T11:55:21.317+0530][1099337.502s] Heap
[2024-09-03T11:55:21.317+0530][1099337.502s]  garbage-first heap   total 524288K, used 308860K [0x00000000e0000000, 0x0000000100000000)
[2024-09-03T11:55:21.317+0530][1099337.502s]   region size 1024K, 287 young (293888K), 25 survivors (25600K)
[2024-09-03T11:55:21.317+0530][1099337.502s]  Metaspace       used 64889K, capacity 67295K, committed 67456K, reserved 1107968K
[2024-09-03T11:55:21.317+0530][1099337.502s]   class space    used 8037K, capacity 9016K, committed 9088K, reserved 1048576K
